Archive member included to satisfy reference by file (symbol)

c:/progra~2/gnuarm~1/102021~1.10/bin/../lib/gcc/arm-none-eabi/10.3.1/thumb/v7e-m+fp/hard\libgcc.a(_arm_muldf3.o)
                              CMakeFiles/DS_2024_E.elf.dir/Controller/PID.c.obj (__aeabi_dmul)
c:/progra~2/gnuarm~1/102021~1.10/bin/../lib/gcc/arm-none-eabi/10.3.1/thumb/v7e-m+fp/hard\libgcc.a(_arm_addsubdf3.o)
                              CMakeFiles/DS_2024_E.elf.dir/Controller/PID.c.obj (__aeabi_dsub)
c:/progra~2/gnuarm~1/102021~1.10/bin/../lib/gcc/arm-none-eabi/10.3.1/thumb/v7e-m+fp/hard\libgcc.a(_arm_muldivdf3.o)
                              CMakeFiles/DS_2024_E.elf.dir/Application/PID_task.c.obj (__aeabi_ddiv)
c:/progra~2/gnuarm~1/102021~1.10/bin/../lib/gcc/arm-none-eabi/10.3.1/thumb/v7e-m+fp/hard\libgcc.a(_arm_cmpdf2.o)
                              CMakeFiles/DS_2024_E.elf.dir/User/IRQ.c.obj (__aeabi_dcmplt)
c:/progra~2/gnuarm~1/102021~1.10/bin/../lib/gcc/arm-none-eabi/10.3.1/thumb/v7e-m+fp/hard\libgcc.a(_arm_truncdfsf2.o)
                              CMakeFiles/DS_2024_E.elf.dir/Application/PID_task.c.obj (__aeabi_d2f)
c:/progra~2/gnuarm~1/102021~1.10/bin/../lib/gcc/arm-none-eabi/10.3.1/thumb/v7e-m+fp/hard\libgcc.a(_aeabi_uldivmod.o)
                              CMakeFiles/DS_2024_E.elf.dir/Drivers/STM32F4xx_HAL_Driver/Src/stm32f4xx_hal_rcc.c.obj (__aeabi_uldivmod)
c:/progra~2/gnuarm~1/102021~1.10/bin/../lib/gcc/arm-none-eabi/10.3.1/thumb/v7e-m+fp/hard\libgcc.a(_udivmoddi4.o)
                              c:/progra~2/gnuarm~1/102021~1.10/bin/../lib/gcc/arm-none-eabi/10.3.1/thumb/v7e-m+fp/hard\libgcc.a(_aeabi_uldivmod.o) (__udivmoddi4)
c:/progra~2/gnuarm~1/102021~1.10/bin/../lib/gcc/arm-none-eabi/10.3.1/thumb/v7e-m+fp/hard\libgcc.a(_dvmd_tls.o)
                              c:/progra~2/gnuarm~1/102021~1.10/bin/../lib/gcc/arm-none-eabi/10.3.1/thumb/v7e-m+fp/hard\libgcc.a(_aeabi_uldivmod.o) (__aeabi_ldiv0)
c:/progra~2/gnuarm~1/102021~1.10/bin/../lib/gcc/arm-none-eabi/10.3.1/../../../../arm-none-eabi/lib/thumb/v7e-m+fp/hard\libg.a(lib_a-errno.o)
                              CMakeFiles/DS_2024_E.elf.dir/Core/Src/syscalls.c.obj (__errno)
c:/progra~2/gnuarm~1/102021~1.10/bin/../lib/gcc/arm-none-eabi/10.3.1/../../../../arm-none-eabi/lib/thumb/v7e-m+fp/hard\libg.a(lib_a-exit.o)
                              c:/progra~2/gnuarm~1/102021~1.10/bin/../lib/gcc/arm-none-eabi/10.3.1/../../../../arm-none-eabi/lib/thumb/v7e-m+fp/hard/crt0.o (exit)
c:/progra~2/gnuarm~1/102021~1.10/bin/../lib/gcc/arm-none-eabi/10.3.1/../../../../arm-none-eabi/lib/thumb/v7e-m+fp/hard\libg.a(lib_a-impure.o)
                              c:/progra~2/gnuarm~1/102021~1.10/bin/../lib/gcc/arm-none-eabi/10.3.1/../../../../arm-none-eabi/lib/thumb/v7e-m+fp/hard\libg.a(lib_a-exit.o) (_global_impure_ptr)
c:/progra~2/gnuarm~1/102021~1.10/bin/../lib/gcc/arm-none-eabi/10.3.1/../../../../arm-none-eabi/lib/thumb/v7e-m+fp/hard\libg.a(lib_a-init.o)
                              c:/progra~2/gnuarm~1/102021~1.10/bin/../lib/gcc/arm-none-eabi/10.3.1/../../../../arm-none-eabi/lib/thumb/v7e-m+fp/hard/crt0.o (__libc_init_array)
c:/progra~2/gnuarm~1/102021~1.10/bin/../lib/gcc/arm-none-eabi/10.3.1/../../../../arm-none-eabi/lib/thumb/v7e-m+fp/hard\libg.a(lib_a-memcpy.o)
                              CMakeFiles/DS_2024_E.elf.dir/Middlewares/Third_Party/FreeRTOS/Source/CMSIS_RTOS_V2/cmsis_os2.c.obj (memcpy)
c:/progra~2/gnuarm~1/102021~1.10/bin/../lib/gcc/arm-none-eabi/10.3.1/../../../../arm-none-eabi/lib/thumb/v7e-m+fp/hard\libg.a(lib_a-memset.o)
                              c:/progra~2/gnuarm~1/102021~1.10/bin/../lib/gcc/arm-none-eabi/10.3.1/../../../../arm-none-eabi/lib/thumb/v7e-m+fp/hard/crt0.o (memset)
c:/progra~2/gnuarm~1/102021~1.10/bin/../lib/gcc/arm-none-eabi/10.3.1/../../../../arm-none-eabi/lib/thumb/v7e-m+fp/hard\libg.a(lib_a-printf.o)
                              CMakeFiles/DS_2024_E.elf.dir/Application/usart_task.c.obj (printf)
c:/progra~2/gnuarm~1/102021~1.10/bin/../lib/gcc/arm-none-eabi/10.3.1/../../../../arm-none-eabi/lib/thumb/v7e-m+fp/hard\libg.a(lib_a-reent.o)
                              CMakeFiles/DS_2024_E.elf.dir/Middlewares/Third_Party/FreeRTOS/Source/tasks.c.obj (_reclaim_reent)
c:/progra~2/gnuarm~1/102021~1.10/bin/../lib/gcc/arm-none-eabi/10.3.1/../../../../arm-none-eabi/lib/thumb/v7e-m+fp/hard\libg.a(lib_a-setvbuf.o)
                              CMakeFiles/DS_2024_E.elf.dir/User/retarget.c.obj (setvbuf)
c:/progra~2/gnuarm~1/102021~1.10/bin/../lib/gcc/arm-none-eabi/10.3.1/../../../../arm-none-eabi/lib/thumb/v7e-m+fp/hard\libg.a(lib_a-strtod.o)
                              CMakeFiles/DS_2024_E.elf.dir/Controller/PID_Adjust.c.obj (strtof)
c:/progra~2/gnuarm~1/102021~1.10/bin/../lib/gcc/arm-none-eabi/10.3.1/../../../../arm-none-eabi/lib/thumb/v7e-m+fp/hard\libg.a(lib_a-vfprintf.o)
[...]
Memory Configuration

Name             Origin             Length             Attributes
CCMRAM           0x10000000         0x00010000         xrw
RAM              0x20000000         0x00020000         xrw
FLASH            0x08000000         0x00100000         xr
*default*        0x00000000         0xffffffff

Linker script and memory map

LOAD c:/progra~2/gnuarm~1/102021~1.10/bin/../lib/gcc/arm-none-eabi/10.3.1/thumb/v7e-m+fp/hard/crti.o
LOAD c:/progra~2/gnuarm~1/102021~1.10/bin/../lib/gcc/arm-none-eabi/10.3.1/thumb/v7e-m+fp/hard/crtbegin.o
LOAD c:/progra~2/gnuarm~1/102021~1.10/bin/../lib/gcc/arm-none-eabi/10.3.1/../../../../arm-none-eabi/lib/thumb/v7e-m+fp/hard/crt0.o
LOAD CMakeFiles/DS_2024_E.elf.dir/Application/Kinematics_Solution_task.c.obj
LOAD CMakeFiles/DS_2024_E.elf.dir/Application/PID_task.c.obj
LOAD CMakeFiles/DS_2024_E.elf.dir/Application/usart_task.c.obj
LOAD CMakeFiles/DS_2024_E.elf.dir/BSP/DJI_driver.c.obj
LOAD CMakeFiles/DS_2024_E.elf.dir/BSP/my_can.c.obj
LOAD CMakeFiles/DS_2024_E.elf.dir/Controller/PID.c.obj
LOAD CMakeFiles/DS_2024_E.elf.dir/Controller/PID_Adjust.c.obj
LOAD CMakeFiles/DS_2024_E.elf.dir/Core/Src/can.c.obj
LOAD CMakeFiles/DS_2024_E.elf.dir/Core/Src/freertos.c.obj
LOAD CMakeFiles/DS_2024_E.elf.dir/Core/Src/gpio.c.obj
LOAD CMakeFiles/DS_2024_E.elf.dir/Core/Src/main.c.obj
LOAD CMakeFiles/DS_2024_E.elf.dir/Core/Src/stm32f4xx_hal_msp.c.obj
LOAD CMakeFiles/DS_2024_E.elf.dir/Core/Src/stm32f4xx_hal_timebase_tim.c.obj
LOAD CMakeFiles/DS_2024_E.elf.dir/Core/Src/stm32f4xx_it.c.obj
LOAD CMakeFiles/DS_2024_E.elf.dir/Core/Src/syscalls.c.obj
LOAD CMakeFiles/DS_2024_E.elf.dir/Core/Src/sysmem.c.obj
LOAD CMakeFiles/DS_2024_E.elf.dir/Core/Src/system_stm32f4xx.c.obj
LOAD CMakeFiles/DS_2024_E.elf.dir/Core/Src/tim.c.obj
LOAD CMakeFiles/DS_2024_E.elf.dir/Core/Src/usart.c.obj
LOAD CMakeFiles/DS_2024_E.elf.dir/Core/Startup/startup_stm32f405rgtx.s.obj
LOAD CMakeFiles/DS_2024_E.elf.dir/Drivers/STM32F4xx_HAL_Driver/Src/stm32f4xx_hal.c.obj
LOAD CMakeFiles/DS_2024_E.elf.dir/Drivers/STM32F4xx_HAL_Driver/Src/stm32f4xx_hal_can.c.obj
LOAD CMakeFiles/DS_2024_E.elf.dir/Drivers/STM32F4xx_HAL_Driver/Src/stm32f4xx_hal_cortex.c.obj
LOAD CMakeFiles/DS_2024_E.elf.dir/Drivers/STM32F4xx_HAL_Driver/Src/stm32f4xx_hal_dma.c.obj
LOAD CMakeFiles/DS_2024_E.elf.dir/Drivers/STM32F4xx_HAL_Driver/Src/stm32f4xx_hal_dma_ex.c.obj
LOAD CMakeFiles/DS_2024_E.elf.dir/Drivers/STM32F4xx_HAL_Driver/Src/stm32f4xx_hal_exti.c.obj
LOAD CMakeFiles/DS_2024_E.elf.dir/Drivers/STM32F4xx_HAL_Driver/Src/stm32f4xx_hal_flash.c.obj
LOAD CMakeFiles/DS_2024_E.elf.dir/Drivers/STM32F4xx_HAL_Driver/Src/stm32f4xx_hal_flash_ex.c.obj
LOAD CMakeFiles/DS_2024_E.elf.dir/Drivers/STM32F4xx_HAL_Driver/Src/stm32f4xx_hal_flash_ramfunc.c.obj
LOAD CMakeFiles/DS_2024_E.elf.dir/Drivers/STM32F4xx_HAL_Driver/Src/stm32f4xx_hal_gpio.c.obj
LOAD CMakeFiles/DS_2024_E.elf.dir/Drivers/STM32F4xx_HAL_Driver/Src/stm32f4xx_hal_pwr.c.obj
LOAD CMakeFiles/DS_2024_E.elf.dir/Drivers/STM32F4xx_HAL_Driver/Src/stm32f4xx_hal_pwr_ex.c.obj
LOAD CMakeFiles/DS_2024_E.elf.dir/Drivers/STM32F4xx_HAL_Driver/Src/stm32f4xx_hal_rcc.c.obj
LOAD CMakeFiles/DS_2024_E.elf.dir/Drivers/STM32F4xx_HAL_Driver/Src/stm32f4xx_hal_rcc_ex.c.obj
LOAD CMakeFiles/DS_2024_E.elf.dir/Drivers/STM32F4xx_HAL_Driver/Src/stm32f4xx_hal_tim.c.obj
LOAD CMakeFiles/DS_2024_E.elf.dir/Drivers/STM32F4xx_HAL_Driver/Src/stm32f4xx_hal_tim_ex.c.obj
LOAD CMakeFiles/DS_2024_E.elf.dir/Drivers/STM32F4xx_HAL_Driver/Src/stm32f4xx_hal_uart.c.obj
LOAD CMakeFiles/DS_2024_E.elf.dir/Middlewares/Third_Party/FreeRTOS/Source/CMSIS_RTOS_V2/cmsis_os2.c.obj
LOAD CMakeFiles/DS_2024_E.elf.dir/Middlewares/Third_Party/FreeRTOS/Source/croutine.c.obj
LOAD CMakeFiles/DS_2024_E.elf.dir/Middlewares/Third_Party/FreeRTOS/Source/event_groups.c.obj
LOAD CMakeFiles/DS_2024_E.elf.dir/Middlewares/Third_Party/FreeRTOS/Source/list.c.obj
LOAD CMakeFiles/DS_2024_E.elf.dir/Middlewares/Third_Party/FreeRTOS/Source/portable/GCC/ARM_CM4F/port.c.obj
LOAD CMakeFiles/DS_2024_E.elf.dir/Middlewares/Third_Party/FreeRTOS/Source/portable/MemMang/heap_4.c.obj
LOAD CMakeFiles/DS_2024_E.elf.dir/Middlewares/Third_Party/FreeRTOS/Source/queue.c.obj
LOAD CMakeFiles/DS_2024_E.elf.dir/Middlewares/Third_Party/FreeRTOS/Source/stream_buffer.c.obj
LOAD CMakeFiles/DS_2024_E.elf.dir/Middlewares/Third_Party/FreeRTOS/Source/tasks.c.obj
LOAD CMakeFiles/DS_2024_E.elf.dir/Middlewares/Third_Party/FreeRTOS/Source/timers.c.obj
LOAD CMakeFiles/DS_2024_E.elf.dir/User/IRQ.c.obj
LOAD CMakeFiles/DS_2024_E.elf.dir/User/Init.c.obj
LOAD CMakeFiles/DS_2024_E.elf.dir/User/Kinematics_Solution.c.obj
LOAD CMakeFiles/DS_2024_E.elf.dir/User/retarget.c.obj
START GROUP
LOAD c:/progra~2/gnuarm~1/102021~1.10/bin/../lib/gcc/arm-none-eabi/10.3.1/thumb/v7e-m+fp/hard\libgcc.a
LOAD c:/progra~2/gnuarm~1/102021~1.10/bin/../lib/gcc/arm-none-eabi/10.3.1/../../../../arm-none-eabi/lib/thumb/v7e-m+fp/hard\libg.a
LOAD c:/progra~2/gnuarm~1/102021~1.10/bin/../lib/gcc/arm-none-eabi/10.3.1/../../../../arm-none-eabi/lib/thumb/v7e-m+fp/hard\libc.a
END GROUP
LOAD c:/progra~2/gnuarm~1/102021~1.10/bin/../lib/gcc/arm-none-eabi/10.3.1/thumb/v7e-m+fp/hard/crtend.o
LOAD c:/progra~2/gnuarm~1/102021~1.10/bin/../lib/gcc/arm-none-eabi/10.3.1/thumb/v7e-m+fp/hard/crtn.o
                0x20020000                _estack = (ORIGIN (RAM) + LENGTH (RAM))
                0x00000200                _Min_Heap_Size = 0x200
                0x00000400                _Min_Stack_Size = 0x400

.isr_vector     0x08000000      0x188
                0x08000000                . = ALIGN (0x4)
 *(.isr_vector)
 .isr_vector    0x08000000      0x188 CMakeFiles/DS_2024_E.elf.dir/Core/Startup/startup_stm32f405rgtx.s.obj
                0x08000000                g_pfnVectors
                0x08000188                . = ALIGN (0x4)

.text           0x080001c0     0xe5d4
                0x080001c0                . = ALIGN (0x4)
 *(.text)
 .text          0x080001c0      0x378 c:/progra~2/gnuarm~1/102021~1.10/bin/../lib/gcc/arm-none-eabi/10.3.1/thumb/v7e-m+fp/hard\libgcc.a(_arm_addsubdf3.o)
                0x080001c0                __aeabi_drsub
                0x080001c8                __aeabi_dsub
                0x080001c8                __subdf3
                0x080001cc                __aeabi_dadd
                0x080001cc                __adddf3
                0x08000444                __floatunsidf
                0x08000444                __aeabi_ui2d
                0x08000464                __floatsidf
                0x08000464                __aeabi_i2d
                0x08000488                __aeabi_f2d
                0x08000488                __extendsfdf2
                0x080004cc                __floatundidf
                0x080004cc                __aeabi_ul2d
                0x080004dc                __floatdidf
                0x080004dc                __aeabi_l2d
 .text          0x08000538      0x424 c:/progra~2/gnuarm~1/102021~1.10/bin/../lib/gcc/arm-none-eabi/10.3.1/thumb/v7e-m+fp/hard\libgcc.a(_arm_muldivdf3.o)
                0x08000538                __aeabi_dmul
                0x08000538                __muldf3
                0x0800078c                __divdf3
                0x0800078c                __aeabi_ddiv
 .text          0x0800095c      0x110 c:/progra~2/gnuarm~1/102021~1.10/bin/../lib/gcc/arm-none-eabi/10.3.1/thumb/v7e-m+fp/hard\libgcc.a(_arm_cmpdf2.o)
                0x0800095c                __gtdf2
                0x0800095c                __gedf2
                0x08000964                __ltdf2
                0x08000964                __ledf2
                0x0800096c                __nedf2
                0x0800096c                __eqdf2
                0x0800096c                __cmpdf2
                0x080009e8                __aeabi_cdrcmple
                0x080009f8                __aeabi_cdcmpeq
                0x080009f8                __aeabi_cdcmple
                0x08000a08                __aeabi_dcmpeq
                0x08000a1c                __aeabi_dcmplt
                0x08000a30                __aeabi_dcmple
                0x08000a44                __aeabi_dcmpge
                0x08000a58                __aeabi_dcmpgt
 .text          0x08000a6c       0xa0 c:/progra~2/gnuarm~1/102021~1.10/bin/../lib/gcc/arm-none-eabi/10.3.1/thumb/v7e-m+fp/hard\libgcc.a(_arm_truncdfsf2.o)
                0x08000a6c                __truncdfsf2
                0x08000a6c                __aeabi_d2f
 .text          0x08000b0c       0x30 c:/progra~2/gnuarm~1/102021~1.10/bin/../lib/gcc/arm-none-eabi/10.3.1/thumb/v7e-m+fp/hard\libgcc.a(_aeabi_uldivmod.o)
                0x08000b0c                __aeabi_uldivmod
 .text          0x08000b3c      0x2d0 c:/progra~2/gnuarm~1/102021~1.10/bin/../lib/gcc/arm-none-eabi/10.3.1/thumb/v7e-m+fp/hard\libgcc.a(_udivmoddi4.o)
                0x08000b3c                __udivmoddi4
 .text          0x08000e0c        0x4 c:/progra~2/gnuarm~1/102021~1.10/bin/../lib/gcc/arm-none-eabi/10.3.1/thumb/v7e-m+fp/hard\libgcc.a(_dvmd_tls.o)
                0x08000e0c                __aeabi_idiv0
                0x08000e0c                __aeabi_ldiv0
 .text          0x08000e10      0x134 c:/progra~2/gnuarm~1/102021~1.10/bin/../lib/gcc/arm-none-eabi/10.3.1/../../../../arm-none-eabi/lib/thumb/v7e-m+fp/hard\libg.a(lib_a-memcpy.o)
                0x08000e10                memcpy
 *fill*         0x08000f44        0xc 
 .text          0x08000f50       0xa0 c:/progra~2/gnuarm~1/102021~1.10/bin/../lib/gcc/arm-none-eabi/10.3.1/../../../../arm-none-eabi/lib/thumb/v7e-m+fp/hard\libg.a(lib_a-memchr.o)
                0x08000f50                memchr
 *fill*         0x08000ff0       0x10 
 .text          0x08001000       0xdc c:/progra~2/gnuarm~1/102021~1.10/bin/../lib/gcc/arm-none-eabi/10.3.1/../../../../arm-none-eabi/lib/thumb/v7e-m+fp/hard\libg.a(lib_a-strlen.o)
                0x08001000                strlen
 .text          0x080010dc       0x2c c:/progra~2/gnuarm~1/102021~1.10/bin/../lib/gcc/arm-none-eabi/10.3.1/thumb/v7e-m+fp/hard\libgcc.a(_arm_unorddf2.o)
                0x080010dc                __unorddf2
                0x080010dc                __aeabi_dcmpun
 .text          0x08001108       0x50 c:/progra~2/gnuarm~1/102021~1.10/bin/../lib/gcc/arm-none-eabi/10.3.1/thumb/v7e-m+fp/hard\libgcc.a(_arm_fixdfsi.o)
                0x08001108                __aeabi_d2iz
                0x08001108                __fixdfsi
 .text          0x08001158       0x40 c:/progra~2/gnuarm~1/102021~1.10/bin/../lib/gcc/arm-none-eabi/10.3.1/thumb/v7e-m+fp/hard\libgcc.a(_arm_fixunsdfsi.o)
                0x08001158                __aeabi_d2uiz
                0x08001158                __fixunsdfsi
 .text          0x08001198       0x30 c:/progra~2/gnuarm~1/102021~1.10/bin/../lib/gcc/arm-none-eabi/10.3.1/thumb/v7e-m+fp/hard\libgcc.a(_fixdfdi.o)
                0x08001198                __fixdfdi
                0x08001198                __aeabi_d2lz
 .text          0x080011c8       0x3c c:/progra~2/gnuarm~1/102021~1.10/bin/../lib/gcc/arm-none-eabi/10.3.1/thumb/v7e-m+fp/hard\libgcc.a(_fixunsdfdi.o)
                0x080011c8                __fixunsdfdi
                0x080011c8                __aeabi_d2ulz
 *(.text*)
 .text.Magnetic_on
                0x08001204       0x14 CMakeFiles/DS_2024_E.elf.dir/Application/Kinematics_Solution_task.c.obj
                0x08001204                Magnetic_on
 .text.Magnetic_off
                0x08001218       0x14 CMakeFiles/DS_2024_E.elf.dir/Application/Kinematics_Solution_task.c.obj
                0x08001218                Magnetic_off
 .text.Kinematics_Solution_task
                0x0800122c       0xe8 CMakeFiles/DS_2024_E.elf.dir/Application/Kinematics_Solution_task.c.obj
                0x0800122c                Kinematics_Solution_task
 *fill*         0x08001314        0x4 
 .text.pid_task
                0x08001318      0x1cc CMakeFiles/DS_2024_E.elf.dir/Application/PID_task.c.obj
                0x08001318                pid_task
 .text.usart_tx_task
                0x080014e4       0x50 CMakeFiles/DS_2024_E.elf.dir/Application/usart_task.c.obj
                0x080014e4                usart_tx_task
 .text.usart_rx_task
                0x08001534       0x34 CMakeFiles/DS_2024_E.elf.dir/Application/usart_task.c.obj
                0x08001534                usart_rx_task
 .text.GM2006_Current_Set
                0x08001568       0x64 CMakeFiles/DS_2024_E.elf.dir/BSP/DJI_driver.c.obj
                0x08001568                GM2006_Current_Set
 .text.CAN_Init
                0x080015cc       0x2e CMakeFiles/DS_2024_E.elf.dir/BSP/my_can.c.obj
                0x080015cc                CAN_Init
 .text.CAN_Transmit_DATA
                0x080015fa       0x20 CMakeFiles/DS_2024_E.elf.dir/BSP/my_can.c.obj
                0x080015fa                CAN_Transmit_DATA
 .text.CAN_Filter_Mask_Config_32bit
                0x0800161a       0x60 CMakeFiles/DS_2024_E.elf.dir/BSP/my_can.c.obj
                0x0800161a                CAN_Filter_Mask_Config_32bit
 *fill*         0x0800167a        0x2 
 .text.PID_Init
                0x0800167c       0x64 CMakeFiles/DS_2024_E.elf.dir/Controller/PID.c.obj
                0x0800167c                PID_Init
 .text.FW_PID_Realize
                0x080016e0       0xcc CMakeFiles/DS_2024_E.elf.dir/Controller/PID.c.obj
                0x080016e0                FW_PID_Realize
 .text.transfer
                0x080017ac       0x6e CMakeFiles/DS_2024_E.elf.dir/Controller/PID.c.obj
                0x080017ac                transfer
 *fill*         0x0800181a        0x2 
 .text.Get_Data
                0x0800181c       0x88 CMakeFiles/DS_2024_E.elf.dir/Controller/PID_Adjust.c.obj
                0x0800181c                Get_Data
 .text.USART_PID_Adjust
                0x080018a4       0xe0 CMakeFiles/DS_2024_E.elf.dir/Controller/PID_Adjust.c.obj
                0x080018a4                USART_PID_Adjust
 .text.MX_CAN1_Init
                0x08001984       0x40 CMakeFiles/DS_2024_E.elf.dir/Core/Src/can.c.obj
                0x08001984                MX_CAN1_Init
 .text.MX_CAN2_Init
                0x080019c4       0x40 CMakeFiles/DS_2024_E.elf.dir/Core/Src/can.c.obj
                0x080019c4                MX_CAN2_Init
 .text.HAL_CAN_MspInit
                0x08001a04      0x188 CMakeFiles/DS_2024_E.elf.dir/Core/Src/can.c.obj
                0x08001a04                HAL_CAN_MspInit
 .text.StartDefaultTask
                0x08001b8c        0xa CMakeFiles/DS_2024_E.elf.dir/Core/Src/freertos.c.obj
                0x08001b8c                StartDefaultTask
 *fill*         0x08001b96        0x2 
 .text.MX_FREERTOS_Init
                0x08001b98       0xe0 CMakeFiles/DS_2024_E.elf.dir/Core/Src/freertos.c.obj
                0x08001b98                MX_FREERTOS_Init
 .text.MX_GPIO_Init
                0x08001c78       0x90 CMakeFiles/DS_2024_E.elf.dir/Core/Src/gpio.c.obj
                0x08001c78                MX_GPIO_Init
 .text.Error_Handler
                0x08001d08        0x4 CMakeFiles/DS_2024_E.elf.dir/Core/Src/main.c.obj
                0x08001d08                Error_Handler
 .text.SystemClock_Config
                0x08001d0c       0xa8 CMakeFiles/DS_2024_E.elf.dir/Core/Src/main.c.obj
                0x08001d0c                SystemClock_Config
 .text.main     0x08001db4       0x48 CMakeFiles/DS_2024_E.elf.dir/Core/Src/main.c.obj
                0x08001db4                main
 .text.HAL_MspInit
                0x08001dfc       0x44 CMakeFiles/DS_2024_E.elf.dir/Core/Src/stm32f4xx_hal_msp.c.obj
                0x08001dfc                HAL_MspInit
 .text.HAL_InitTick
                0x08001e40       0xa4 CMakeFiles/DS_2024_E.elf.dir/Core/Src/stm32f4xx_hal_timebase_tim.c.obj
                0x08001e40                HAL_InitTick
 .text.NMI_Handler
                0x08001ee4        0x2 CMakeFiles/DS_2024_E.elf.dir/Core/Src/stm32f4xx_it.c.obj
                0x08001ee4                NMI_Handler
 .text.HardFault_Handler
                0x08001ee6        0x2 CMakeFiles/DS_2024_E.elf.dir/Core/Src/stm32f4xx_it.c.obj
                0x08001ee6                HardFault_Handler
 .text.MemManage_Handler
                0x08001ee8        0x2 CMakeFiles/DS_2024_E.elf.dir/Core/Src/stm32f4xx_it.c.obj
                0x08001ee8                MemManage_Handler
 .text.BusFault_Handler
                0x08001eea        0x2 CMakeFiles/DS_2024_E.elf.dir/Core/Src/stm32f4xx_it.c.obj
                0x08001eea                BusFault_Handler
 .text.UsageFault_Handler
                0x08001eec        0x2 CMakeFiles/DS_2024_E.elf.dir/Core/Src/stm32f4xx_it.c.obj
                0x08001eec                UsageFault_Handler
 .text.DebugMon_Handler
                0x08001eee        0x2 CMakeFiles/DS_2024_E.elf.dir/Core/Src/stm32f4xx_it.c.obj
                0x08001eee                DebugMon_Handler
 .text.CAN1_TX_IRQHandler
                0x08001ef0       0x10 CMakeFiles/DS_2024_E.elf.dir/Core/Src/stm32f4xx_it.c.obj
                0x08001ef0                CAN1_TX_IRQHandler
 .text.CAN1_RX0_IRQHandler
                0x08001f00       0x10 CMakeFiles/DS_2024_E.elf.dir/Core/Src/stm32f4xx_it.c.obj
                0x08001f00                CAN1_RX0_IRQHandler
 .text.CAN1_RX1_IRQHandler
                0x08001f10       0x10 CMakeFiles/DS_2024_E.elf.dir/Core/Src/stm32f4xx_it.c.obj
                0x08001f10                CAN1_RX1_IRQHandler
 .text.CAN1_SCE_IRQHandler
                0x08001f20       0x10 CMakeFiles/DS_2024_E.elf.dir/Core/Src/stm32f4xx_it.c.obj
                0x08001f20                CAN1_SCE_IRQHandler
 .text.TIM3_IRQHandler
                0x08001f30       0x10 CMakeFiles/DS_2024_E.elf.dir/Core/Src/stm32f4xx_it.c.obj
                0x08001f30                TIM3_IRQHandler
 .text.TIM4_IRQHandler
                0x08001f40       0x10 CMakeFiles/DS_2024_E.elf.dir/Core/Src/stm32f4xx_it.c.obj
                0x08001f40                TIM4_IRQHandler
 .text.UART4_IRQHandler
                0x08001f50       0x10 CMakeFiles/DS_2024_E.elf.dir/Core/Src/stm32f4xx_it.c.obj
                0x08001f50                UART4_IRQHandler
 .text.CAN2_TX_IRQHandler
                0x08001f60       0x10 CMakeFiles/DS_2024_E.elf.dir/Core/Src/stm32f4xx_it.c.obj
                0x08001f60                CAN2_TX_IRQHandler
 .text.CAN2_RX0_IRQHandler
                0x08001f70       0x10 CMakeFiles/DS_2024_E.elf.dir/Core/Src/stm32f4xx_it.c.obj
                0x08001f70                CAN2_RX0_IRQHandler
 .text.CAN2_RX1_IRQHandler
                0x08001f80       0x10 CMakeFiles/DS_2024_E.elf.dir/Core/Src/stm32f4xx_it.c.obj
                0x08001f80                CAN2_RX1_IRQHandler
 .text.CAN2_SCE_IRQHandler
                0x08001f90       0x10 CMakeFiles/DS_2024_E.elf.dir/Core/Src/stm32f4xx_it.c.obj
                0x08001f90                CAN2_SCE_IRQHandler
 .text._getpid  0x08001fa0        0x4 CMakeFiles/DS_2024_E.elf.dir/Core/Src/syscalls.c.obj
                0x08001fa0                _getpid
 .text._kill    0x08001fa4       0x10 CMakeFiles/DS_2024_E.elf.dir/Core/Src/syscalls.c.obj
                0x08001fa4                _kill
 .text._exit    0x08001fb4        0xc CMakeFiles/DS_2024_E.elf.dir/Core/Src/syscalls.c.obj
                0x08001fb4                _exit
 .text._sbrk    0x08001fc0       0x48 CMakeFiles/DS_2024_E.elf.dir/Core/Src/sysmem.c.obj
                0x08001fc0                _sbrk
 .text.SystemInit
                0x08002008       0x14 CMakeFiles/DS_2024_E.elf.dir/Core/Src/system_stm32f4xx.c.obj
                0x08002008                SystemInit
 .text.MX_TIM3_Init
                0x0800201c       0x70 CMakeFiles/DS_2024_E.elf.dir/Core/Src/tim.c.obj
                0x0800201c                MX_TIM3_Init
 .text.HAL_TIM_Base_MspInit
                0x0800208c       0x40 CMakeFiles/DS_2024_E.elf.dir/Core/Src/tim.c.obj
                0x0800208c                HAL_TIM_Base_MspInit
 .text.MX_UART4_Init
                0x080020cc       0x34 CMakeFiles/DS_2024_E.elf.dir/Core/Src/usart.c.obj
                0x080020cc                MX_UART4_Init
 .text.HAL_UART_MspInit
                0x08002100       0x7c CMakeFiles/DS_2024_E.elf.dir/Core/Src/usart.c.obj
                0x08002100                HAL_UART_MspInit
 .text.Reset_Handler
                0x0800217c       0x50 CMakeFiles/DS_2024_E.elf.dir/Core/Startup/startup_stm32f405rgtx.s.obj
                0x0800217c                Reset_Handler
 .text.Default_Handler
                0x080021cc        0x2 CMakeFiles/DS_2024_E.elf.dir/Core/Startup/startup_stm32f405rgtx.s.obj
                0x080021cc                RTC_Alarm_IRQHandler
                0x080021cc                HASH_RNG_IRQHandler
                0x080021cc                EXTI2_IRQHandler
                0x080021cc                TIM8_CC_IRQHandler
                0x080021cc                TIM1_CC_IRQHandler
                0x080021cc                DMA2_Stream5_IRQHandler
                0x080021cc                DMA1_Stream5_IRQHandler
                0x080021cc                PVD_IRQHandler
                0x080021cc                SDIO_IRQHandler
                0x080021cc                TAMP_STAMP_IRQHandler
                0x080021cc                EXTI3_IRQHandler
                0x080021cc                TIM8_TRG_COM_TIM14_IRQHandler
                0x080021cc                TIM1_UP_TIM10_IRQHandler
                0x080021cc                TIM8_UP_TIM13_IRQHandler
                0x080021cc                I2C3_ER_IRQHandler
                0x080021cc                EXTI0_IRQHandler
                0x080021cc                I2C2_EV_IRQHandler
                0x080021cc                DMA1_Stream2_IRQHandler
                0x080021cc                FPU_IRQHandler
                0x080021cc                OTG_HS_WKUP_IRQHandler
                0x080021cc                DMA2_Stream2_IRQHandler
                0x080021cc                SPI1_IRQHandler
                0x080021cc                TIM6_DAC_IRQHandler
                0x080021cc                TIM1_BRK_TIM9_IRQHandler
                0x080021cc                DMA2_Stream3_IRQHandler
                0x080021cc                USART6_IRQHandler
                0x080021cc                USART3_IRQHandler
                0x080021cc                UART5_IRQHandler
                0x080021cc                DMA2_Stream0_IRQHandler
                0x080021cc                I2C1_EV_IRQHandler
                0x080021cc                DMA1_Stream6_IRQHandler
                0x080021cc                DMA1_Stream1_IRQHandler
                0x080021cc                RCC_IRQHandler
                0x080021cc                TIM8_BRK_TIM12_IRQHandler
                0x080021cc                Default_Handler
                0x080021cc                EXTI15_10_IRQHandler
                0x080021cc                ADC_IRQHandler
                0x080021cc                DMA1_Stream7_IRQHandler
                0x080021cc                TIM7_IRQHandler
                0x080021cc                TIM5_IRQHandler
                0x080021cc                DMA2_Stream7_IRQHandler
                0x080021cc                I2C3_EV_IRQHandler
                0x080021cc                EXTI9_5_IRQHandler
                0x080021cc                RTC_WKUP_IRQHandler
                0x080021cc                SPI2_IRQHandler
                0x080021cc                OTG_HS_EP1_IN_IRQHandler
                0x080021cc                DMA1_Stream0_IRQHandler
                0x080021cc                EXTI4_IRQHandler
                0x080021cc                FSMC_IRQHandler
                0x080021cc                OTG_HS_EP1_OUT_IRQHandler
                0x080021cc                WWDG_IRQHandler
                0x080021cc                TIM2_IRQHandler
                0x080021cc                OTG_FS_WKUP_IRQHandler
                0x080021cc                TIM1_TRG_COM_TIM11_IRQHandler
                0x080021cc                OTG_HS_IRQHandler
                0x080021cc                EXTI1_IRQHandler
                0x080021cc                USART2_IRQHandler
                0x080021cc                I2C2_ER_IRQHandler
                0x080021cc                DMA2_Stream1_IRQHandler
                0x080021cc                FLASH_IRQHandler
                0x080021cc                DMA2_Stream4_IRQHandler
                0x080021cc                USART1_IRQHandler
                0x080021cc                OTG_FS_IRQHandler
                0x080021cc                SPI3_IRQHandler
                0x080021cc                DMA1_Stream4_IRQHandler
                0x080021cc                I2C1_ER_IRQHandler
                0x080021cc                DMA2_Stream6_IRQHandler
                0x080021cc                DMA1_Stream3_IRQHandler
 *fill*         0x080021ce        0x2 
 .text.HAL_Init
                0x080021d0       0x34 CMakeFiles/DS_2024_E.elf.dir/Drivers/STM32F4xx_HAL_Driver/Src/stm32f4xx_hal.c.obj
                0x080021d0                HAL_Init
 .text.HAL_IncTick
                0x08002204       0x18 CMakeFiles/DS_2024_E.elf.dir/Drivers/STM32F4xx_HAL_Driver/Src/stm32f4xx_hal.c.obj
                0x08002204                HAL_IncTick
 .text.HAL_GetTick
                0x0800221c        0xc CMakeFiles/DS_2024_E.elf.dir/Drivers/STM32F4xx_HAL_Driver/Src/stm32f4xx_hal.c.obj
                0x0800221c                HAL_GetTick
 .text.HAL_Delay
                0x08002228       0x28 CMakeFiles/DS_2024_E.elf.dir/Drivers/STM32F4xx_HAL_Driver/Src/stm32f4xx_hal.c.obj
                0x08002228                HAL_Delay
 .text.HAL_CAN_Init
                0x08002250      0x14c CMakeFiles/DS_2024_E.elf.dir/Drivers/STM32F4xx_HAL_Driver/Src/stm32f4xx_hal_can.c.obj
                0x08002250                HAL_CAN_Init
 .text.HAL_CAN_ConfigFilter
                0x0800239c      0x138 CMakeFiles/DS_2024_E.elf.dir/Drivers/STM32F4xx_HAL_Driver/Src/stm32f4xx_hal_can.c.obj
                0x0800239c                HAL_CAN_ConfigFilter
 .text.HAL_CAN_Start
                0x080024d4       0x5c CMakeFiles/DS_2024_E.elf.dir/Drivers/STM32F4xx_HAL_Driver/Src/stm32f4xx_hal_can.c.obj
                0x080024d4                HAL_CAN_Start
 .text.HAL_CAN_AddTxMessage
                0x08002530       0xea CMakeFiles/DS_2024_E.elf.dir/Drivers/STM32F4xx_HAL_Driver/Src/stm32f4xx_hal_can.c.obj
                0x08002530                HAL_CAN_AddTxMessage
 .text.HAL_CAN_GetRxMessage
                0x0800261a      0x16a CMakeFiles/DS_2024_E.elf.dir/Drivers/STM32F4xx_HAL_Driver/Src/stm32f4xx_hal_can.c.obj
                0x0800261a                HAL_CAN_GetRxMessage
 .text.HAL_CAN_ActivateNotification
                0x08002784       0x24 CMakeFiles/DS_2024_E.elf.dir/Drivers/STM32F4xx_HAL_Driver/Src/stm32f4xx_hal_can.c.obj
                0x08002784                HAL_CAN_ActivateNotification
 .text.HAL_CAN_TxMailbox0CompleteCallback
                0x080027a8        0x2 CMakeFiles/DS_2024_E.elf.dir/Drivers/STM32F4xx_HAL_Driver/Src/stm32f4xx_hal_can.c.obj
                0x080027a8                HAL_CAN_TxMailbox0CompleteCallback
 .text.HAL_CAN_TxMailbox1CompleteCallback
                0x080027aa        0x2 CMakeFiles/DS_2024_E.elf.dir/Drivers/STM32F4xx_HAL_Driver/Src/stm32f4xx_hal_can.c.obj
                0x080027aa                HAL_CAN_TxMailbox1CompleteCallback
 .text.HAL_CAN_TxMailbox2CompleteCallback
                0x080027ac        0x2 CMakeFiles/DS_2024_E.elf.dir/Drivers/STM32F4xx_HAL_Driver/Src/stm32f4xx_hal_can.c.obj
                0x080027ac                HAL_CAN_TxMailbox2CompleteCallback
 .text.HAL_CAN_TxMailbox0AbortCallback
                0x080027ae        0x2 CMakeFiles/DS_2024_E.elf.dir/Drivers/STM32F4xx_HAL_Driver/Src/stm32f4xx_hal_can.c.obj
                0x080027ae                HAL_CAN_TxMailbox0AbortCallback
 .text.HAL_CAN_TxMailbox1AbortCallback
                0x080027b0        0x2 CMakeFiles/DS_2024_E.elf.dir/Drivers/STM32F4xx_HAL_Driver/Src/stm32f4xx_hal_can.c.obj
                0x080027b0                HAL_CAN_TxMailbox1AbortCallback
 .text.HAL_CAN_TxMailbox2AbortCallback
                0x080027b2        0x2 CMakeFiles/DS_2024_E.elf.dir/Drivers/STM32F4xx_HAL_Driver/Src/stm32f4xx_hal_can.c.obj
                0x080027b2                HAL_CAN_TxMailbox2AbortCallback
 .text.HAL_CAN_RxFifo0FullCallback
                0x080027b4        0x2 CMakeFiles/DS_2024_E.elf.dir/Drivers/STM32F4xx_HAL_Driver/Src/stm32f4xx_hal_can.c.obj
                0x080027b4                HAL_CAN_RxFifo0FullCallback
 .text.HAL_CAN_RxFifo1MsgPendingCallback
                0x080027b6        0x2 CMakeFiles/DS_2024_E.elf.dir/Drivers/STM32F4xx_HAL_Driver/Src/stm32f4xx_hal_can.c.obj
                0x080027b6                HAL_CAN_RxFifo1MsgPendingCallback
 .text.HAL_CAN_RxFifo1FullCallback
                0x080027b8        0x2 CMakeFiles/DS_2024_E.elf.dir/Drivers/STM32F4xx_HAL_Driver/Src/stm32f4xx_hal_can.c.obj
                0x080027b8                HAL_CAN_RxFifo1FullCallback
 .text.HAL_CAN_SleepCallback
                0x080027ba        0x2 CMakeFiles/DS_2024_E.elf.dir/Drivers/STM32F4xx_HAL_Driver/Src/stm32f4xx_hal_can.c.obj
                0x080027ba                HAL_CAN_SleepCallback
 .text.HAL_CAN_WakeUpFromRxMsgCallback
                0x080027bc        0x2 CMakeFiles/DS_2024_E.elf.dir/Drivers/STM32F4xx_HAL_Driver/Src/stm32f4xx_hal_can.c.obj
                0x080027bc                HAL_CAN_WakeUpFromRxMsgCallback
 .text.HAL_CAN_ErrorCallback
                0x080027be        0x2 CMakeFiles/DS_2024_E.elf.dir/Drivers/STM32F4xx_HAL_Driver/Src/stm32f4xx_hal_can.c.obj
                0x080027be                HAL_CAN_ErrorCallback
 .text.HAL_CAN_IRQHandler
                0x080027c0      0x24a CMakeFiles/DS_2024_E.elf.dir/Drivers/STM32F4xx_HAL_Driver/Src/stm32f4xx_hal_can.c.obj
                0x080027c0                HAL_CAN_IRQHandler
 *fill*         0x08002a0a        0x2 
 .text.HAL_NVIC_SetPriorityGrouping
                0x08002a0c       0x24 CMakeFiles/DS_2024_E.elf.dir/Drivers/STM32F4xx_HAL_Driver/Src/stm32f4xx_hal_cortex.c.obj
                0x08002a0c                HAL_NVIC_SetPriorityGrouping
 .text.HAL_NVIC_SetPriority
                0x08002a30       0x70 CMakeFiles/DS_2024_E.elf.dir/Drivers/STM32F4xx_HAL_Driver/Src/stm32f4xx_hal_cortex.c.obj
                0x08002a30                HAL_NVIC_SetPriority
 .text.HAL_NVIC_EnableIRQ
                0x08002aa0       0x1c CMakeFiles/DS_2024_E.elf.dir/Drivers/STM32F4xx_HAL_Driver/Src/stm32f4xx_hal_cortex.c.obj
                0x08002aa0                HAL_NVIC_EnableIRQ
 .text.HAL_DMA_Abort
                0x08002abc       0x94 CMakeFiles/DS_2024_E.elf.dir/Drivers/STM32F4xx_HAL_Driver/Src/stm32f4xx_hal_dma.c.obj
                0x08002abc                HAL_DMA_Abort
 .text.HAL_DMA_Abort_IT
                0x08002b50       0x26 CMakeFiles/DS_2024_E.elf.dir/Drivers/STM32F4xx_HAL_Driver/Src/stm32f4xx_hal_dma.c.obj
                0x08002b50                HAL_DMA_Abort_IT
 *fill*         0x08002b76        0x2 
 .text.HAL_GPIO_Init
                0x08002b78      0x1e4 CMakeFiles/DS_2024_E.elf.dir/Drivers/STM32F4xx_HAL_Driver/Src/stm32f4xx_hal_gpio.c.obj
                0x08002b78                HAL_GPIO_Init
 .text.HAL_GPIO_WritePin
                0x08002d5c        0xc CMakeFiles/DS_2024_E.elf.dir/Drivers/STM32F4xx_HAL_Driver/Src/stm32f4xx_hal_gpio.c.obj
                0x08002d5c                HAL_GPIO_WritePin
 .text.HAL_GPIO_TogglePin
                0x08002d68       0x12 CMakeFiles/DS_2024_E.elf.dir/Drivers/STM32F4xx_HAL_Driver/Src/stm32f4xx_hal_gpio.c.obj
                0x08002d68                HAL_GPIO_TogglePin
 *fill*         0x08002d7a        0x2 
 .text.HAL_RCC_OscConfig
                0x08002d7c      0x3f8 CMakeFiles/DS_2024_E.elf.dir/Drivers/STM32F4xx_HAL_Driver/Src/stm32f4xx_hal_rcc.c.obj
                0x08002d7c                HAL_RCC_OscConfig
 .text.HAL_RCC_GetSysClockFreq
                0x08003174       0xd4 CMakeFiles/DS_2024_E.elf.dir/Drivers/STM32F4xx_HAL_Driver/Src/stm32f4xx_hal_rcc.c.obj
                0x08003174                HAL_RCC_GetSysClockFreq
 .text.HAL_RCC_ClockConfig
                0x08003248      0x160 CMakeFiles/DS_2024_E.elf.dir/Drivers/STM32F4xx_HAL_Driver/Src/stm32f4xx_hal_rcc.c.obj
                0x08003248                HAL_RCC_ClockConfig
 .text.HAL_RCC_GetHCLKFreq
                0x080033a8        0xc CMakeFiles/DS_2024_E.elf.dir/Drivers/STM32F4xx_HAL_Driver/Src/stm32f4xx_hal_rcc.c.obj
                0x080033a8                HAL_RCC_GetHCLKFreq
 .text.HAL_RCC_GetPCLK1Freq
                0x080033b4       0x20 CMakeFiles/DS_2024_E.elf.dir/Drivers/STM32F4xx_HAL_Driver/Src/stm32f4xx_hal_rcc.c.obj
                0x080033b4                HAL_RCC_GetPCLK1Freq
 .text.HAL_RCC_GetPCLK2Freq
                0x080033d4       0x20 CMakeFiles/DS_2024_E.elf.dir/Drivers/STM32F4xx_HAL_Driver/Src/stm32f4xx_hal_rcc.c.obj
                0x080033d4                HAL_RCC_GetPCLK2Freq
 .text.HAL_RCC_GetClockConfig
                0x080033f4       0x3c CMakeFiles/DS_2024_E.elf.dir/Drivers/STM32F4xx_HAL_Driver/Src/stm32f4xx_hal_rcc.c.obj
                0x080033f4                HAL_RCC_GetClockConfig
 .text.TIM_TI1_ConfigInputStage
                0x08003430       0x26 CMakeFiles/DS_2024_E.elf.dir/Drivers/STM32F4xx_HAL_Driver/Src/stm32f4xx_hal_tim.c.obj
 .text.TIM_TI2_ConfigInputStage
                0x08003456       0x28 CMakeFiles/DS_2024_E.elf.dir/Drivers/STM32F4xx_HAL_Driver/Src/stm32f4xx_hal_tim.c.obj
 .text.TIM_ITRx_SetConfig
                0x0800347e       0x10 CMakeFiles/DS_2024_E.elf.dir/Drivers/STM32F4xx_HAL_Driver/Src/stm32f4xx_hal_tim.c.obj
 *fill*         0x0800348e        0x2 
 .text.HAL_TIM_Base_Start_IT
                0x08003490       0x88 CMakeFiles/DS_2024_E.elf.dir/Drivers/STM32F4xx_HAL_Driver/Src/stm32f4xx_hal_tim.c.obj
                0x08003490                HAL_TIM_Base_Start_IT
 .text.HAL_TIM_OC_DelayElapsedCallback
                0x08003518        0x2 CMakeFiles/DS_2024_E.elf.dir/Drivers/STM32F4xx_HAL_Driver/Src/stm32f4xx_hal_tim.c.obj
                0x08003518                HAL_TIM_OC_DelayElapsedCallback
 .text.HAL_TIM_IC_CaptureCallback
                0x0800351a        0x2 CMakeFiles/DS_2024_E.elf.dir/Drivers/STM32F4xx_HAL_Driver/Src/stm32f4xx_hal_tim.c.obj
                0x0800351a                HAL_TIM_IC_CaptureCallback
 .text.HAL_TIM_PWM_PulseFinishedCallback
                0x0800351c        0x2 CMakeFiles/DS_2024_E.elf.dir/Drivers/STM32F4xx_HAL_Driver/Src/stm32f4xx_hal_tim.c.obj
                0x0800351c                HAL_TIM_PWM_PulseFinishedCallback
 .text.HAL_TIM_TriggerCallback
                0x0800351e        0x2 CMakeFiles/DS_2024_E.elf.dir/Drivers/STM32F4xx_HAL_Driver/Src/stm32f4xx_hal_tim.c.obj
                0x0800351e                HAL_TIM_TriggerCallback
 .text.HAL_TIM_IRQHandler
                0x08003520      0x15e CMakeFiles/DS_2024_E.elf.dir/Drivers/STM32F4xx_HAL_Driver/Src/stm32f4xx_hal_tim.c.obj
                0x08003520                HAL_TIM_IRQHandler
 *fill*         0x0800367e        0x2 
 .text.TIM_Base_SetConfig
                0x08003680       0xd8 CMakeFiles/DS_2024_E.elf.dir/Drivers/STM32F4xx_HAL_Driver/Src/stm32f4xx_hal_tim.c.obj
                0x08003680                TIM_Base_SetConfig
 .text.HAL_TIM_Base_Init
                0x08003758       0x58 CMakeFiles/DS_2024_E.elf.dir/Drivers/STM32F4xx_HAL_Driver/Src/stm32f4xx_hal_tim.c.obj
                0x08003758                HAL_TIM_Base_Init
 .text.TIM_ETR_SetConfig
                0x080037b0       0x1a CMakeFiles/DS_2024_E.elf.dir/Drivers/STM32F4xx_HAL_Driver/Src/stm32f4xx_hal_tim.c.obj
                0x080037b0                TIM_ETR_SetConfig
 .text.HAL_TIM_ConfigClockSource
                0x080037ca       0xfe CMakeFiles/DS_2024_E.elf.dir/Drivers/STM32F4xx_HAL_Driver/Src/stm32f4xx_hal_tim.c.obj
                0x080037ca                HAL_TIM_ConfigClockSource
 .text.HAL_TIMEx_MasterConfigSynchronization
                0x080038c8       0x8c CMakeFiles/DS_2024_E.elf.dir/Drivers/STM32F4xx_HAL_Driver/Src/stm32f4xx_hal_tim_ex.c.obj
                0x080038c8                HAL_TIMEx_MasterConfigSynchronization
 .text.HAL_TIMEx_CommutCallback
                0x08003954        0x2 CMakeFiles/DS_2024_E.elf.dir/Drivers/STM32F4xx_HAL_Driver/Src/stm32f4xx_hal_tim_ex.c.obj
                0x08003954                HAL_TIMEx_CommutCallback
 .text.HAL_TIMEx_BreakCallback
                0x08003956        0x2 CMakeFiles/DS_2024_E.elf.dir/Drivers/STM32F4xx_HAL_Driver/Src/stm32f4xx_hal_tim_ex.c.obj
                0x08003956                HAL_TIMEx_BreakCallback
 .text.UART_EndRxTransfer
                0x08003958       0x5c CMakeFiles/DS_2024_E.elf.dir/Drivers/STM32F4xx_HAL_Driver/Src/stm32f4xx_hal_uart.c.obj
 .text.UART_Transmit_IT
                0x080039b4       0x60 CMakeFiles/DS_2024_E.elf.dir/Drivers/STM32F4xx_HAL_Driver/Src/stm32f4xx_hal_uart.c.obj
 .text.UART_SetConfig
                0x08003a14      0x110 CMakeFiles/DS_2024_E.elf.dir/Drivers/STM32F4xx_HAL_Driver/Src/stm32f4xx_hal_uart.c.obj
 .text.UART_WaitOnFlagUntilTimeout
                0x08003b24       0x8a CMakeFiles/DS_2024_E.elf.dir/Drivers/STM32F4xx_HAL_Driver/Src/stm32f4xx_hal_uart.c.obj
 .text.HAL_UART_Init
                0x08003bae       0x60 CMakeFiles/DS_2024_E.elf.dir/Drivers/STM32F4xx_HAL_Driver/Src/stm32f4xx_hal_uart.c.obj
                0x08003bae                HAL_UART_Init
 .text.HAL_UART_Transmit
                0x08003c0e       0xcc CMakeFiles/DS_2024_E.elf.dir/Drivers/STM32F4xx_HAL_Driver/Src/stm32f4xx_hal_uart.c.obj
                0x08003c0e                HAL_UART_Transmit
 .text.HAL_UART_Receive
                0x08003cda       0xd2 CMakeFiles/DS_2024_E.elf.dir/Drivers/STM32F4xx_HAL_Driver/Src/stm32f4xx_hal_uart.c.obj
                0x08003cda                HAL_UART_Receive
 .text.HAL_UART_TxCpltCallback
                0x08003dac        0x2 CMakeFiles/DS_2024_E.elf.dir/Drivers/STM32F4xx_HAL_Driver/Src/stm32f4xx_hal_uart.c.obj
                0x08003dac                HAL_UART_TxCpltCallback
 .text.UART_EndTransmit_IT
                0x08003dae       0x1a CMakeFiles/DS_2024_E.elf.dir/Drivers/STM32F4xx_HAL_Driver/Src/stm32f4xx_hal_uart.c.obj
 .text.HAL_UART_ErrorCallback
                0x08003dc8        0x2 CMakeFiles/DS_2024_E.elf.dir/Drivers/STM32F4xx_HAL_Driver/Src/stm32f4xx_hal_uart.c.obj
                0x08003dc8                HAL_UART_ErrorCallback
 .text.UART_DMAAbortOnError
                0x08003dca       0x10 CMakeFiles/DS_2024_E.elf.dir/Drivers/STM32F4xx_HAL_Driver/Src/stm32f4xx_hal_uart.c.obj
 .text.HAL_UARTEx_RxEventCallback
                0x08003dda        0x2 CMakeFiles/DS_2024_E.elf.dir/Drivers/STM32F4xx_HAL_Driver/Src/stm32f4xx_hal_uart.c.obj
                0x08003dda                HAL_UARTEx_RxEventCallback
 .text.UART_Receive_IT
                0x08003ddc       0xe6 CMakeFiles/DS_2024_E.elf.dir/Drivers/STM32F4xx_HAL_Driver/Src/stm32f4xx_hal_uart.c.obj
 *fill*         0x08003ec2        0x2 
 .text.HAL_UART_IRQHandler
                0x08003ec4      0x288 CMakeFiles/DS_2024_E.elf.dir/Drivers/STM32F4xx_HAL_Driver/Src/stm32f4xx_hal_uart.c.obj
                0x08003ec4                HAL_UART_IRQHandler
 .text.UART_Start_Receive_IT
                0x0800414c       0x36 CMakeFiles/DS_2024_E.elf.dir/Drivers/STM32F4xx_HAL_Driver/Src/stm32f4xx_hal_uart.c.obj
                0x0800414c                UART_Start_Receive_IT
 .text.HAL_UART_Receive_IT
                0x08004182       0x26 CMakeFiles/DS_2024_E.elf.dir/Drivers/STM32F4xx_HAL_Driver/Src/stm32f4xx_hal_uart.c.obj
                0x08004182                HAL_UART_Receive_IT
 .text.SysTick_Handler
                0x080041a8       0x18 CMakeFiles/DS_2024_E.elf.dir/Middlewares/Third_Party/FreeRTOS/Source/CMSIS_RTOS_V2/cmsis_os2.c.obj
                0x080041a8                SysTick_Handler
 .text.osKernelInitialize
                0x080041c0       0x24 CMakeFiles/DS_2024_E.elf.dir/Middlewares/Third_Party/FreeRTOS/Source/CMSIS_RTOS_V2/cmsis_os2.c.obj
                0x080041c0                osKernelInitialize
 .text.osKernelStart
                0x080041e4       0x38 CMakeFiles/DS_2024_E.elf.dir/Middlewares/Third_Party/FreeRTOS/Source/CMSIS_RTOS_V2/cmsis_os2.c.obj
                0x080041e4                osKernelStart
 .text.osThreadNew
                0x0800421c       0xbe CMakeFiles/DS_2024_E.elf.dir/Middlewares/Third_Party/FreeRTOS/Source/CMSIS_RTOS_V2/cmsis_os2.c.obj
                0x0800421c                osThreadNew
 .text.osDelay  0x080042da       0x1c CMakeFiles/DS_2024_E.elf.dir/Middlewares/Third_Party/FreeRTOS/Source/CMSIS_RTOS_V2/cmsis_os2.c.obj
                0x080042da                osDelay
 *fill*         0x080042f6        0x2 
 .text.vApplicationGetIdleTaskMemory
                0x080042f8       0x18 CMakeFiles/DS_2024_E.elf.dir/Middlewares/Third_Party/FreeRTOS/Source/CMSIS_RTOS_V2/cmsis_os2.c.obj
                0x080042f8                vApplicationGetIdleTaskMemory
 .text.vApplicationGetTimerTaskMemory
                0x08004310       0x18 CMakeFiles/DS_2024_E.elf.dir/Middlewares/Third_Party/FreeRTOS/Source/CMSIS_RTOS_V2/cmsis_os2.c.obj
                0x08004310                vApplicationGetTimerTaskMemory
 .text.vListInitialise
                0x08004328       0x16 CMakeFiles/DS_2024_E.elf.dir/Middlewares/Third_Party/FreeRTOS/Source/list.c.obj
                0x08004328                vListInitialise
 .text.vListInitialiseItem
                0x0800433e        0x6 CMakeFiles/DS_2024_E.elf.dir/Middlewares/Third_Party/FreeRTOS/Source/list.c.obj
                0x0800433e                vListInitialiseItem
 .text.vListInsertEnd
                0x08004344       0x16 CMakeFiles/DS_2024_E.elf.dir/Middlewares/Third_Party/FreeRTOS/Source/list.c.obj
                0x08004344                vListInsertEnd
 .text.vListInsert
                0x0800435a       0x32 CMakeFiles/DS_2024_E.elf.dir/Middlewares/Third_Party/FreeRTOS/Source/list.c.obj
                0x0800435a                vListInsert
 .text.uxListRemove
                0x0800438c       0x26 CMakeFiles/DS_2024_E.elf.dir/Middlewares/Third_Party/FreeRTOS/Source/list.c.obj
                0x0800438c                uxListRemove
 *fill*         0x080043b2        0x2 
 .text.prvTaskExitError
                0x080043b4       0x40 CMakeFiles/DS_2024_E.elf.dir/Middlewares/Third_Party/FreeRTOS/Source/portable/GCC/ARM_CM4F/port.c.obj
 .text.prvPortStartFirstTask
                0x080043f4       0x28 CMakeFiles/DS_2024_E.elf.dir/Middlewares/Third_Party/FreeRTOS/Source/portable/GCC/ARM_CM4F/port.c.obj
 .text.vPortEnableVFP
                0x0800441c       0x14 CMakeFiles/DS_2024_E.elf.dir/Middlewares/Third_Party/FreeRTOS/Source/portable/GCC/ARM_CM4F/port.c.obj
 .text.pxPortInitialiseStack
                0x08004430       0x2c CMakeFiles/DS_2024_E.elf.dir/Middlewares/Third_Party/FreeRTOS/Source/portable/GCC/ARM_CM4F/port.c.obj
                0x08004430                pxPortInitialiseStack
 *fill*         0x0800445c        0x4 
 .text.SVC_Handler
                0x08004460       0x24 CMakeFiles/DS_2024_E.elf.dir/Middlewares/Third_Party/FreeRTOS/Source/portable/GCC/ARM_CM4F/port.c.obj
                0x08004460                SVC_Handler
 .text.vPortEnterCritical
                0x08004484       0x44 CMakeFiles/DS_2024_E.elf.dir/Middlewares/Third_Party/FreeRTOS/Source/portable/GCC/ARM_CM4F/port.c.obj
                0x08004484                vPortEnterCritical
 .text.vPortExitCritical
                0x080044c8       0x2c CMakeFiles/DS_2024_E.elf.dir/Middlewares/Third_Party/FreeRTOS/Source/portable/GCC/ARM_CM4F/port.c.obj
                0x080044c8                vPortExitCritical
 *fill*         0x080044f4        0xc 
 .text.PendSV_Handler
                0x08004500       0x64 CMakeFiles/DS_2024_E.elf.dir/Middlewares/Third_Party/FreeRTOS/Source/portable/GCC/ARM_CM4F/port.c.obj
                0x08004500                PendSV_Handler
 .text.xPortSysTickHandler
                0x08004564       0x2c CMakeFiles/DS_2024_E.elf.dir/Middlewares/Third_Party/FreeRTOS/Source/portable/GCC/ARM_CM4F/port.c.obj
                0x08004564                xPortSysTickHandler
 .text.vPortSetupTimerInterrupt
                0x08004590       0x28 CMakeFiles/DS_2024_E.elf.dir/Middlewares/Third_Party/FreeRTOS/Source/portable/GCC/ARM_CM4F/port.c.obj
                0x08004590                vPortSetupTimerInterrupt
 .text.xPortStartScheduler
                0x080045b8      0x118 CMakeFiles/DS_2024_E.elf.dir/Middlewares/Third_Party/FreeRTOS/Source/portable/GCC/ARM_CM4F/port.c.obj
                0x080045b8                xPortStartScheduler
 .text.vPortValidateInterruptPriority
                0x080046d0       0x5c CMakeFiles/DS_2024_E.elf.dir/Middlewares/Third_Party/FreeRTOS/Source/portable/GCC/ARM_CM4F/port.c.obj
                0x080046d0                vPortValidateInterruptPriority
 .text.prvHeapInit
                0x0800472c       0x64 CMakeFiles/DS_2024_E.elf.dir/Middlewares/Third_Party/FreeRTOS/Source/portable/MemMang/heap_4.c.obj
 .text.prvInsertBlockIntoFreeList
                0x08004790       0x64 CMakeFiles/DS_2024_E.elf.dir/Middlewares/Third_Party/FreeRTOS/Source/portable/MemMang/heap_4.c.obj
 .text.pvPortMalloc
                0x080047f4       0xfc CMakeFiles/DS_2024_E.elf.dir/Middlewares/Third_Party/FreeRTOS/Source/portable/MemMang/heap_4.c.obj
                0x080047f4                pvPortMalloc
 .text.vPortFree
                0x080048f0       0x7c CMakeFiles/DS_2024_E.elf.dir/Middlewares/Third_Party/FreeRTOS/Source/portable/MemMang/heap_4.c.obj
                0x080048f0                vPortFree
 .text.prvGetDisinheritPriorityAfterTimeout
                0x0800496c       0x10 CMakeFiles/DS_2024_E.elf.dir/Middlewares/Third_Party/FreeRTOS/Source/queue.c.obj
 .text.prvIsQueueFull
                0x0800497c       0x1e CMakeFiles/DS_2024_E.elf.dir/Middlewares/Third_Party/FreeRTOS/Source/queue.c.obj
 .text.prvIsQueueEmpty
                0x0800499a       0x1a CMakeFiles/DS_2024_E.elf.dir/Middlewares/Third_Party/FreeRTOS/Source/queue.c.obj
 .text.prvCopyDataToQueue
                0x080049b4       0x76 CMakeFiles/DS_2024_E.elf.dir/Middlewares/Third_Party/FreeRTOS/Source/queue.c.obj
 .text.prvCopyDataFromQueue
                0x08004a2a       0x24 CMakeFiles/DS_2024_E.elf.dir/Middlewares/Third_Party/FreeRTOS/Source/queue.c.obj
 .text.prvUnlockQueue
                0x08004a4e       0x6e CMakeFiles/DS_2024_E.elf.dir/Middlewares/Third_Party/FreeRTOS/Source/queue.c.obj
 .text.xQueueGenericReset
                0x08004abc       0x84 CMakeFiles/DS_2024_E.elf.dir/Middlewares/Third_Party/FreeRTOS/Source/queue.c.obj
                0x08004abc                xQueueGenericReset
 .text.prvInitialiseNewQueue
                0x08004b40       0x22 CMakeFiles/DS_2024_E.elf.dir/Middlewares/Third_Party/FreeRTOS/Source/queue.c.obj
 .text.xQueueGenericCreateStatic
                0x08004b62       0x94 CMakeFiles/DS_2024_E.elf.dir/Middlewares/Third_Party/FreeRTOS/Source/queue.c.obj
                0x08004b62                xQueueGenericCreateStatic
 .text.xQueueGenericCreate
                0x08004bf6       0x48 CMakeFiles/DS_2024_E.elf.dir/Middlewares/Third_Party/FreeRTOS/Source/queue.c.obj
                0x08004bf6                xQueueGenericCreate
 .text.xQueueGenericSend
                0x08004c3e      0x188 CMakeFiles/DS_2024_E.elf.dir/Middlewares/Third_Party/FreeRTOS/Source/queue.c.obj
                0x08004c3e                xQueueGenericSend
 .text.xQueueGenericSendFromISR
                0x08004dc6       0xce CMakeFiles/DS_2024_E.elf.dir/Middlewares/Third_Party/FreeRTOS/Source/queue.c.obj
                0x08004dc6                xQueueGenericSendFromISR
 .text.xQueueGiveFromISR
                0x08004e94       0xb2 CMakeFiles/DS_2024_E.elf.dir/Middlewares/Third_Party/FreeRTOS/Source/queue.c.obj
                0x08004e94                xQueueGiveFromISR
 .text.xQueueReceive
                0x08004f46      0x15e CMakeFiles/DS_2024_E.elf.dir/Middlewares/Third_Party/FreeRTOS/Source/queue.c.obj
                0x08004f46                xQueueReceive
 .text.xQueueSemaphoreTake
                0x080050a4      0x1a6 CMakeFiles/DS_2024_E.elf.dir/Middlewares/Third_Party/FreeRTOS/Source/queue.c.obj
                0x080050a4                xQueueSemaphoreTake
 *fill*         0x0800524a        0x2 
 .text.vQueueAddToRegistry
                0x0800524c       0x28 CMakeFiles/DS_2024_E.elf.dir/Middlewares/Third_Party/FreeRTOS/Source/queue.c.obj
                0x0800524c                vQueueAddToRegistry
 .text.vQueueWaitForMessageRestricted
                0x08005274       0x52 CMakeFiles/DS_2024_E.elf.dir/Middlewares/Third_Party/FreeRTOS/Source/queue.c.obj
                0x08005274                vQueueWaitForMessageRestricted
 *fill*         0x080052c6        0x2 
 .text.prvResetNextTaskUnblockTime
                0x080052c8       0x2c CMakeFiles/DS_2024_E.elf.dir/Middlewares/Third_Party/FreeRTOS/Source/tasks.c.obj
 .text.prvInitialiseNewTask
                0x080052f4      0x106 CMakeFiles/DS_2024_E.elf.dir/Middlewares/Third_Party/FreeRTOS/Source/tasks.c.obj
 *fill*         0x080053fa        0x2 
 .text.prvInitialiseTaskLists
                0x080053fc       0x68 CMakeFiles/DS_2024_E.elf.dir/Middlewares/Third_Party/FreeRTOS/Source/tasks.c.obj
 .text.prvAddNewTaskToReadyList
                0x08005464       0xac CMakeFiles/DS_2024_E.elf.dir/Middlewares/Third_Party/FreeRTOS/Source/tasks.c.obj
 .text.prvDeleteTCB
                0x08005510       0x40 CMakeFiles/DS_2024_E.elf.dir/Middlewares/Third_Party/FreeRTOS/Source/tasks.c.obj
 .text.prvCheckTasksWaitingTermination
                0x08005550       0x4c CMakeFiles/DS_2024_E.elf.dir/Middlewares/Third_Party/FreeRTOS/Source/tasks.c.obj
 .text.prvIdleTask
                0x0800559c       0x28 CMakeFiles/DS_2024_E.elf.dir/Middlewares/Third_Party/FreeRTOS/Source/tasks.c.obj
 .text.prvAddCurrentTaskToDelayedList
                0x080055c4       0x7c CMakeFiles/DS_2024_E.elf.dir/Middlewares/Third_Party/FreeRTOS/Source/tasks.c.obj
 .text.xTaskCreateStatic
                0x08005640       0x7a CMakeFiles/DS_2024_E.elf.dir/Middlewares/Third_Party/FreeRTOS/Source/tasks.c.obj
                0x08005640                xTaskCreateStatic
 .text.xTaskCreate
                0x080056ba       0x6a CMakeFiles/DS_2024_E.elf.dir/Middlewares/Third_Party/FreeRTOS/Source/tasks.c.obj
                0x080056ba                xTaskCreate
 .text.vTaskStartScheduler
                0x08005724       0xac CMakeFiles/DS_2024_E.elf.dir/Middlewares/Third_Party/FreeRTOS/Source/tasks.c.obj
                0x08005724                vTaskStartScheduler
 .text.vTaskSuspendAll
                0x080057d0       0x10 CMakeFiles/DS_2024_E.elf.dir/Middlewares/Third_Party/FreeRTOS/Source/tasks.c.obj
                0x080057d0                vTaskSuspendAll
 .text.xTaskGetTickCount
                0x080057e0        0xc CMakeFiles/DS_2024_E.elf.dir/Middlewares/Third_Party/FreeRTOS/Source/tasks.c.obj
                0x080057e0                xTaskGetTickCount
 .text.xTaskIncrementTick
                0x080057ec      0x118 CMakeFiles/DS_2024_E.elf.dir/Middlewares/Third_Party/FreeRTOS/Source/tasks.c.obj
                0x080057ec                xTaskIncrementTick
 .text.xTaskResumeAll
                0x08005904       0xf8 CMakeFiles/DS_2024_E.elf.dir/Middlewares/Third_Party/FreeRTOS/Source/tasks.c.obj
                0x08005904                xTaskResumeAll
 .text.vTaskDelay
                0x080059fc       0x4c CMakeFiles/DS_2024_E.elf.dir/Middlewares/Third_Party/FreeRTOS/Source/tasks.c.obj
                0x080059fc                vTaskDelay
 .text.vTaskSwitchContext
                0x08005a48       0xa0 CMakeFiles/DS_2024_E.elf.dir/Middlewares/Third_Party/FreeRTOS/Source/tasks.c.obj
                0x08005a48                vTaskSwitchContext
 .text.vTaskPlaceOnEventList
                0x08005ae8       0x30 CMakeFiles/DS_2024_E.elf.dir/Middlewares/Third_Party/FreeRTOS/Source/tasks.c.obj
                0x08005ae8                vTaskPlaceOnEventList
 .text.vTaskPlaceOnEventListRestricted
                0x08005b18       0x38 CMakeFiles/DS_2024_E.elf.dir/Middlewares/Third_Party/FreeRTOS/Source/tasks.c.obj
                0x08005b18                vTaskPlaceOnEventListRestricted
 .text.xTaskRemoveFromEventList
                0x08005b50       0x8c CMakeFiles/DS_2024_E.elf.dir/Middlewares/Third_Party/FreeRTOS/Source/tasks.c.obj
                0x08005b50                xTaskRemoveFromEventList
 .text.vTaskInternalSetTimeOutState
                0x08005bdc       0x18 CMakeFiles/DS_2024_E.elf.dir/Middlewares/Third_Party/FreeRTOS/Source/tasks.c.obj
                0x08005bdc                vTaskInternalSetTimeOutState
 .text.xTaskCheckForTimeOut
                0x08005bf4       0x84 CMakeFiles/DS_2024_E.elf.dir/Middlewares/Third_Party/FreeRTOS/Source/tasks.c.obj
                0x08005bf4                xTaskCheckForTimeOut
 .text.vTaskMissedYield
                0x08005c78        0xc CMakeFiles/DS_2024_E.elf.dir/Middlewares/Third_Party/FreeRTOS/Source/tasks.c.obj
                0x08005c78                vTaskMissedYield
 .text.xTaskGetSchedulerState
                0x08005c84       0x20 CMakeFiles/DS_2024_E.elf.dir/Middlewares/Third_Party/FreeRTOS/Source/tasks.c.obj
                0x08005c84                xTaskGetSchedulerState
 .text.xTaskPriorityInherit
                0x08005ca4       0x98 CMakeFiles/DS_2024_E.elf.dir/Middlewares/Third_Party/FreeRTOS/Source/tasks.c.obj
                0x08005ca4                xTaskPriorityInherit
 .text.xTaskPriorityDisinherit
                0x08005d3c       0x90 CMakeFiles/DS_2024_E.elf.dir/Middlewares/Third_Party/FreeRTOS/Source/tasks.c.obj
                0x08005d3c                xTaskPriorityDisinherit
 .text.vTaskPriorityDisinheritAfterTimeout
                0x08005dcc       0xa0 CMakeFiles/DS_2024_E.elf.dir/Middlewares/Third_Party/FreeRTOS/Source/tasks.c.obj
                0x08005dcc                vTaskPriorityDisinheritAfterTimeout
 .text.pvTaskIncrementMutexHeldCount
                0x08005e6c       0x1c CMakeFiles/DS_2024_E.elf.dir/Middlewares/Third_Party/FreeRTOS/Source/tasks.c.obj
                0x08005e6c                pvTaskIncrementMutexHeldCount
 .text.prvGetNextExpireTime
                0x08005e88       0x20 CMakeFiles/DS_2024_E.elf.dir/Middlewares/Third_Party/FreeRTOS/Source/timers.c.obj
 .text.prvInsertTimerInActiveList
                0x08005ea8       0x48 CMakeFiles/DS_2024_E.elf.dir/Middlewares/Third_Party/FreeRTOS/Source/timers.c.obj
 .text.prvCheckForValidListAndQueue
                0x08005ef0       0x70 CMakeFiles/DS_2024_E.elf.dir/Middlewares/Third_Party/FreeRTOS/Source/timers.c.obj
 .text.xTimerCreateTimerTask
                0x08005f60       0x64 CMakeFiles/DS_2024_E.elf.dir/Middlewares/Third_Party/FreeRTOS/Source/timers.c.obj
                0x08005f60                xTimerCreateTimerTask
 .text.xTimerGenericCommand
                0x08005fc4       0x6c CMakeFiles/DS_2024_E.elf.dir/Middlewares/Third_Party/FreeRTOS/Source/timers.c.obj
                0x08005fc4                xTimerGenericCommand
 .text.prvSwitchTimerLists
                0x08006030       0x7c CMakeFiles/DS_2024_E.elf.dir/Middlewares/Third_Party/FreeRTOS/Source/timers.c.obj
 .text.prvSampleTimeNow
                0x080060ac       0x2c CMakeFiles/DS_2024_E.elf.dir/Middlewares/Third_Party/FreeRTOS/Source/timers.c.obj
 .text.prvProcessExpiredTimer
                0x080060d8       0x6c CMakeFiles/DS_2024_E.elf.dir/Middlewares/Third_Party/FreeRTOS/Source/timers.c.obj
 .text.prvProcessTimerOrBlockTask
                0x08006144       0x74 CMakeFiles/DS_2024_E.elf.dir/Middlewares/Third_Party/FreeRTOS/Source/timers.c.obj
 .text.prvProcessReceivedCommands
                0x080061b8      0x10c CMakeFiles/DS_2024_E.elf.dir/Middlewares/Third_Party/FreeRTOS/Source/timers.c.obj
 .text.prvTimerTask
                0x080062c4       0x16 CMakeFiles/DS_2024_E.elf.dir/Middlewares/Third_Party/FreeRTOS/Source/timers.c.obj
 *fill*         0x080062da        0x2 
 .text.HAL_CAN_RxFifo0MsgPendingCallback
                0x080062dc      0x17c CMakeFiles/DS_2024_E.elf.dir/User/IRQ.c.obj
                0x080062dc                HAL_CAN_RxFifo0MsgPendingCallback
 .text.HAL_UART_RxCpltCallback
                0x08006458       0x90 CMakeFiles/DS_2024_E.elf.dir/User/IRQ.c.obj
                0x08006458                HAL_UART_RxCpltCallback
 .text.HAL_TIM_PeriodElapsedCallback
                0x080064e8      0x284 CMakeFiles/DS_2024_E.elf.dir/User/IRQ.c.obj
                0x080064e8                HAL_TIM_PeriodElapsedCallback
 .text.my_Init  0x0800676c       0x6c CMakeFiles/DS_2024_E.elf.dir/User/Init.c.obj
                0x0800676c                my_Init
 .text.RetargetInit
                0x080067d8       0x20 CMakeFiles/DS_2024_E.elf.dir/User/retarget.c.obj
                0x080067d8                RetargetInit
 .text._isatty  0x080067f8       0x16 CMakeFiles/DS_2024_E.elf.dir/User/retarget.c.obj
                0x080067f8                _isatty
 *fill*         0x0800680e        0x2 
 .text._write   0x08006810       0x34 CMakeFiles/DS_2024_E.elf.dir/User/retarget.c.obj
                0x08006810                _write
 .text._close   0x08006844       0x18 CMakeFiles/DS_2024_E.elf.dir/User/retarget.c.obj
                0x08006844                _close
 .text._lseek   0x0800685c       0x10 CMakeFiles/DS_2024_E.elf.dir/User/retarget.c.obj
                0x0800685c                _lseek
 .text._read    0x0800686c       0x30 CMakeFiles/DS_2024_E.elf.dir/User/retarget.c.obj
                0x0800686c                _read
 .text._fstat   0x0800689c       0x1a CMakeFiles/DS_2024_E.elf.dir/User/retarget.c.obj
                0x0800689c                _fstat
 *fill*         0x080068b6        0x2 
 .text.__errno  0x080068b8        0xc c:/progra~2/gnuarm~1/102021~1.10/bin/../lib/gcc/arm-none-eabi/10.3.1/../../../../arm-none-eabi/lib/thumb/v7e-m+fp/hard\libg.a(lib_a-errno.o)
                0x080068b8                __errno
 .text.__libc_init_array
                0x080068c4       0x48 c:/progra~2/gnuarm~1/102021~1.10/bin/../lib/gcc/arm-none-eabi/10.3.1/../../../../arm-none-eabi/lib/thumb/v7e-m+fp/hard\libg.a(lib_a-init.o)
                0x080068c4                __libc_init_array
 .text.memset   0x0800690c       0xa4 c:/progra~2/gnuarm~1/102021~1.10/bin/../lib/gcc/arm-none-eabi/10.3.1/../../../../arm-none-eabi/lib/thumb/v7e-m+fp/hard\libg.a(lib_a-memset.o)
                0x0800690c                memset
 .text.printf   0x080069b0       0x28 c:/progra~2/gnuarm~1/102021~1.10/bin/../lib/gcc/arm-none-eabi/10.3.1/../../../../arm-none-eabi/lib/thumb/v7e-m+fp/hard\libg.a(lib_a-printf.o)
                0x080069b0                printf
 .text.cleanup_glue
                0x080069d8       0x48 c:/progra~2/gnuarm~1/102021~1.10/bin/../lib/gcc/arm-none-eabi/10.3.1/../../../../arm-none-eabi/lib/thumb/v7e-m+fp/hard\libg.a(lib_a-reent.o)
                0x080069d8                cleanup_glue
 .text._reclaim_reent
                0x08006a20       0x90 c:/progra~2/gnuarm~1/102021~1.10/bin/../lib/gcc/arm-none-eabi/10.3.1/../../../../arm-none-eabi/lib/thumb/v7e-m+fp/hard\libg.a(lib_a-reent.o)
                0x08006a20                _reclaim_reent
 .text.setvbuf  0x08006ab0      0x1b0 c:/progra~2/gnuarm~1/102021~1.10/bin/../lib/gcc/arm-none-eabi/10.3.1/../../../../arm-none-eabi/lib/thumb/v7e-m+fp/hard\libg.a(lib_a-setvbuf.o)
                0x08006ab0                setvbuf
 .text._strtod_l
                0x08006c60      0xf50 c:/progra~2/gnuarm~1/102021~1.10/bin/../lib/gcc/arm-none-eabi/10.3.1/../../../../arm-none-eabi/lib/thumb/v7e-m+fp/hard\libg.a(lib_a-strtod.o)
                0x08006c60                _strtod_l
 .text.strtof   0x08007bb0       0xb8 c:/progra~2/gnuarm~1/102021~1.10/bin/../lib/gcc/arm-none-eabi/10.3.1/../../../../arm-none-eabi/lib/thumb/v7e-m+fp/hard\libg.a(lib_a-strtod.o)
                0x08007bb0                strtof
 .text._vfprintf_r
                0x08007c68     0x1b90 c:/progra~2/gnuarm~1/102021~1.10/bin/../lib/gcc/arm-none-eabi/10.3.1/../../../../arm-none-eabi/lib/thumb/v7e-m+fp/hard\libg.a(lib_a-vfprintf.o)
                0x08007c68                _vfprintf_r
 .text.__sbprintf
                0x080097f8       0x80 c:/progra~2/gnuarm~1/102021~1.10/bin/../lib/gcc/arm-none-eabi/10.3.1/../../../../arm-none-eabi/lib/thumb/v7e-m+fp/hard\libg.a(lib_a-vfprintf.o)
 .text.__swsetup_r
                0x08009878       0xd4 c:/progra~2/gnuarm~1/102021~1.10/bin/../lib/gcc/arm-none-eabi/10.3.1/../../../../arm-none-eabi/lib/thumb/v7e-m+fp/hard\libg.a(lib_a-wsetup.o)
                0x08009878                __swsetup_r
 .text.quorem   0x0800994c      0x128 c:/progra~2/gnuarm~1/102021~1.10/bin/../lib/gcc/arm-none-eabi/10.3.1/../../../../arm-none-eabi/lib/thumb/v7e-m+fp/hard\libg.a(lib_a-dtoa.o)
 *fill*         0x08009a74        0x4 
 .text._dtoa_r  0x08009a78      0xf3c c:/progra~2/gnuarm~1/102021~1.10/bin/../lib/gcc/arm-none-eabi/10.3.1/../../../../arm-none-eabi/lib/thumb/v7e-m+fp/hard\libg.a(lib_a-dtoa.o)
                0x08009a78                _dtoa_r
 .text.__sflush_r
                0x0800a9b4      0x130 c:/progra~2/gnuarm~1/102021~1.10/bin/../lib/gcc/arm-none-eabi/10.3.1/../../../../arm-none-eabi/lib/thumb/v7e-m+fp/hard\libg.a(lib_a-fflush.o)
                0x0800a9b4                __sflush_r
 .text._fflush_r
                0x0800aae4       0x5c c:/progra~2/gnuarm~1/102021~1.10/bin/../lib/gcc/arm-none-eabi/10.3.1/../../../../arm-none-eabi/lib/thumb/v7e-m+fp/hard\libg.a(lib_a-fflush.o)
                0x0800aae4                _fflush_r
 .text._cleanup_r
                0x0800ab40        0xc c:/progra~2/gnuarm~1/102021~1.10/bin/../lib/gcc/arm-none-eabi/10.3.1/../../../../arm-none-eabi/lib/thumb/v7e-m+fp/hard\libg.a(lib_a-findfp.o)
                0x0800ab40                _cleanup_r
 .text.__sinit  0x0800ab4c      0x10c c:/progra~2/gnuarm~1/102021~1.10/bin/../lib/gcc/arm-none-eabi/10.3.1/../../../../arm-none-eabi/lib/thumb/v7e-m+fp/hard\libg.a(lib_a-findfp.o)
                0x0800ab4c                __sinit
 .text.__sfp_lock_acquire
                0x0800ac58        0xc c:/progra~2/gnuarm~1/102021~1.10/bin/../lib/gcc/arm-none-eabi/10.3.1/../../../../arm-none-eabi/lib/thumb/v7e-m+fp/hard\libg.a(lib_a-findfp.o)
                0x0800ac58                __sfp_lock_acquire
 .text.__sfp_lock_release
                0x0800ac64        0xc c:/progra~2/gnuarm~1/102021~1.10/bin/../lib/gcc/arm-none-eabi/10.3.1/../../../../arm-none-eabi/lib/thumb/v7e-m+fp/hard\libg.a(lib_a-findfp.o)
                0x0800ac64                __sfp_lock_release
 .text._malloc_trim_r
                0x0800ac70       0xa0 c:/progra~2/gnuarm~1/102021~1.10/bin/../lib/gcc/arm-none-eabi/10.3.1/../../../../arm-none-eabi/lib/thumb/v7e-m+fp/hard\libg.a(lib_a-freer.o)
                0x0800ac70                _malloc_trim_r
 .text._free_r  0x0800ad10      0x20c c:/progra~2/gnuarm~1/102021~1.10/bin/../lib/gcc/arm-none-eabi/10.3.1/../../../../arm-none-eabi/lib/thumb/v7e-m+fp/hard\libg.a(lib_a-freer.o)
                0x0800ad10                _free_r
 .text._fwalk_reent
                0x0800af1c       0x48 c:/progra~2/gnuarm~1/102021~1.10/bin/../lib/gcc/arm-none-eabi/10.3.1/../../../../arm-none-eabi/lib/thumb/v7e-m+fp/hard\libg.a(lib_a-fwalk.o)
                0x0800af1c                _fwalk_reent
 .text.rshift   0x0800af64       0xa4 c:/progra~2/gnuarm~1/102021~1.10/bin/../lib/gcc/arm-none-eabi/10.3.1/../../../../arm-none-eabi/lib/thumb/v7e-m+fp/hard\libg.a(lib_a-gdtoa-gethex.o)
 .text.__gethex
                0x0800b008      0x5d8 c:/progra~2/gnuarm~1/102021~1.10/bin/../lib/gcc/arm-none-eabi/10.3.1/../../../../arm-none-eabi/lib/thumb/v7e-m+fp/hard\libg.a(lib_a-gdtoa-gethex.o)
                0x0800b008                __gethex
 .text.__match  0x0800b5e0       0x38 c:/progra~2/gnuarm~1/102021~1.10/bin/../lib/gcc/arm-none-eabi/10.3.1/../../../../arm-none-eabi/lib/thumb/v7e-m+fp/hard\libg.a(lib_a-gdtoa-hexnan.o)
                0x0800b5e0                __match
 .text.__hexnan
                0x0800b618      0x1ac c:/progra~2/gnuarm~1/102021~1.10/bin/../lib/gcc/arm-none-eabi/10.3.1/../../../../arm-none-eabi/lib/thumb/v7e-m+fp/hard\libg.a(lib_a-gdtoa-hexnan.o)
                0x0800b618                __hexnan
 .text.__locale_mb_cur_max
                0x0800b7c4        0xc c:/progra~2/gnuarm~1/102021~1.10/bin/../lib/gcc/arm-none-eabi/10.3.1/../../../../arm-none-eabi/lib/thumb/v7e-m+fp/hard\libg.a(lib_a-locale.o)
                0x0800b7c4                __locale_mb_cur_max
 .text._localeconv_r
                0x0800b7d0        0x8 c:/progra~2/gnuarm~1/102021~1.10/bin/../lib/gcc/arm-none-eabi/10.3.1/../../../../arm-none-eabi/lib/thumb/v7e-m+fp/hard\libg.a(lib_a-localeconv.o)
                0x0800b7d0                _localeconv_r
 .text.__retarget_lock_init_recursive
                0x0800b7d8        0x4 c:/progra~2/gnuarm~1/102021~1.10/bin/../lib/gcc/arm-none-eabi/10.3.1/../../../../arm-none-eabi/lib/thumb/v7e-m+fp/hard\libg.a(lib_a-lock.o)
                0x0800b7d8                __retarget_lock_init_recursive
 .text.__retarget_lock_close_recursive
                0x0800b7dc        0x4 c:/progra~2/gnuarm~1/102021~1.10/bin/../lib/gcc/arm-none-eabi/10.3.1/../../../../arm-none-eabi/lib/thumb/v7e-m+fp/hard\libg.a(lib_a-lock.o)
                0x0800b7dc                __retarget_lock_close_recursive
 .text.__retarget_lock_acquire_recursive
                0x0800b7e0        0x4 c:/progra~2/gnuarm~1/102021~1.10/bin/../lib/gcc/arm-none-eabi/10.3.1/../../../../arm-none-eabi/lib/thumb/v7e-m+fp/hard\libg.a(lib_a-lock.o)
                0x0800b7e0                __retarget_lock_acquire_recursive
 .text.__retarget_lock_release_recursive
                0x0800b7e4        0x4 c:/progra~2/gnuarm~1/102021~1.10/bin/../lib/gcc/arm-none-eabi/10.3.1/../../../../arm-none-eabi/lib/thumb/v7e-m+fp/hard\libg.a(lib_a-lock.o)
                0x0800b7e4                __retarget_lock_release_recursive
 .text.__smakebuf_r
                0x0800b7e8       0xe0 c:/progra~2/gnuarm~1/102021~1.10/bin/../lib/gcc/arm-none-eabi/10.3.1/../../../../arm-none-eabi/lib/thumb/v7e-m+fp/hard\libg.a(lib_a-makebuf.o)
                0x0800b7e8                __smakebuf_r
 .text.__swhatbuf_r
                0x0800b8c8       0x60 c:/progra~2/gnuarm~1/102021~1.10/bin/../lib/gcc/arm-none-eabi/10.3.1/../../../../arm-none-eabi/lib/thumb/v7e-m+fp/hard\libg.a(lib_a-makebuf.o)
                0x0800b8c8                __swhatbuf_r
 .text.malloc   0x0800b928       0x10 c:/progra~2/gnuarm~1/102021~1.10/bin/../lib/gcc/arm-none-eabi/10.3.1/../../../../arm-none-eabi/lib/thumb/v7e-m+fp/hard\libg.a(lib_a-malloc.o)
                0x0800b928                malloc
 .text._malloc_r
                0x0800b938      0x560 c:/progra~2/gnuarm~1/102021~1.10/bin/../lib/gcc/arm-none-eabi/10.3.1/../../../../arm-none-eabi/lib/thumb/v7e-m+fp/hard\libg.a(lib_a-mallocr.o)
                0x0800b938                _malloc_r
 .text.__ascii_mbtowc
                0x0800be98       0x2c c:/progra~2/gnuarm~1/102021~1.10/bin/../lib/gcc/arm-none-eabi/10.3.1/../../../../arm-none-eabi/lib/thumb/v7e-m+fp/hard\libg.a(lib_a-mbtowc_r.o)
                0x0800be98                __ascii_mbtowc
 .text.__malloc_lock
                0x0800bec4        0xc c:/progra~2/gnuarm~1/102021~1.10/bin/../lib/gcc/arm-none-eabi/10.3.1/../../../../arm-none-eabi/lib/thumb/v7e-m+fp/hard\libg.a(lib_a-mlock.o)
                0x0800bec4                __malloc_lock
 .text.__malloc_unlock
                0x0800bed0        0xc c:/progra~2/gnuarm~1/102021~1.10/bin/../lib/gcc/arm-none-eabi/10.3.1/../../../../arm-none-eabi/lib/thumb/v7e-m+fp/hard\libg.a(lib_a-mlock.o)
                0x0800bed0                __malloc_unlock
 .text._Balloc  0x0800bedc       0x4c c:/progra~2/gnuarm~1/102021~1.10/bin/../lib/gcc/arm-none-eabi/10.3.1/../../../../arm-none-eabi/lib/thumb/v7e-m+fp/hard\libg.a(lib_a-mprec.o)
                0x0800bedc                _Balloc
 .text._Bfree   0x0800bf28       0x14 c:/progra~2/gnuarm~1/102021~1.10/bin/../lib/gcc/arm-none-eabi/10.3.1/../../../../arm-none-eabi/lib/thumb/v7e-m+fp/hard\libg.a(lib_a-mprec.o)
                0x0800bf28                _Bfree
 .text.__multadd
                0x0800bf3c       0xa8 c:/progra~2/gnuarm~1/102021~1.10/bin/../lib/gcc/arm-none-eabi/10.3.1/../../../../arm-none-eabi/lib/thumb/v7e-m+fp/hard\libg.a(lib_a-mprec.o)
                0x0800bf3c                __multadd
 .text.__s2b    0x0800bfe4       0xb4 c:/progra~2/gnuarm~1/102021~1.10/bin/../lib/gcc/arm-none-eabi/10.3.1/../../../../arm-none-eabi/lib/thumb/v7e-m+fp/hard\libg.a(lib_a-mprec.o)
                0x0800bfe4                __s2b
 .text.__hi0bits
                0x0800c098       0x40 c:/progra~2/gnuarm~1/102021~1.10/bin/../lib/gcc/arm-none-eabi/10.3.1/../../../../arm-none-eabi/lib/thumb/v7e-m+fp/hard\libg.a(lib_a-mprec.o)
                0x0800c098                __hi0bits
 .text.__lo0bits
                0x0800c0d8       0x60 c:/progra~2/gnuarm~1/102021~1.10/bin/../lib/gcc/arm-none-eabi/10.3.1/../../../../arm-none-eabi/lib/thumb/v7e-m+fp/hard\libg.a(lib_a-mprec.o)
                0x0800c0d8                __lo0bits
 .text.__i2b    0x0800c138       0x5c c:/progra~2/gnuarm~1/102021~1.10/bin/../lib/gcc/arm-none-eabi/10.3.1/../../../../arm-none-eabi/lib/thumb/v7e-m+fp/hard\libg.a(lib_a-mprec.o)
                0x0800c138                __i2b
 .text.__multiply
                0x0800c194      0x15c c:/progra~2/gnuarm~1/102021~1.10/bin/../lib/gcc/arm-none-eabi/10.3.1/../../../../arm-none-eabi/lib/thumb/v7e-m+fp/hard\libg.a(lib_a-mprec.o)
                0x0800c194                __multiply
 .text.__pow5mult
                0x0800c2f0       0xc0 c:/progra~2/gnuarm~1/102021~1.10/bin/../lib/gcc/arm-none-eabi/10.3.1/../../../../arm-none-eabi/lib/thumb/v7e-m+fp/hard\libg.a(lib_a-mprec.o)
                0x0800c2f0                __pow5mult
 .text.__lshift
                0x0800c3b0       0xf0 c:/progra~2/gnuarm~1/102021~1.10/bin/../lib/gcc/arm-none-eabi/10.3.1/../../../../arm-none-eabi/lib/thumb/v7e-m+fp/hard\libg.a(lib_a-mprec.o)
                0x0800c3b0                __lshift
 .text.__mcmp   0x0800c4a0       0x44 c:/progra~2/gnuarm~1/102021~1.10/bin/../lib/gcc/arm-none-eabi/10.3.1/../../../../arm-none-eabi/lib/thumb/v7e-m+fp/hard\libg.a(lib_a-mprec.o)
                0x0800c4a0                __mcmp
 .text.__mdiff  0x0800c4e4      0x14c c:/progra~2/gnuarm~1/102021~1.10/bin/../lib/gcc/arm-none-eabi/10.3.1/../../../../arm-none-eabi/lib/thumb/v7e-m+fp/hard\libg.a(lib_a-mprec.o)
                0x0800c4e4                __mdiff
 .text.__ulp    0x0800c630       0x60 c:/progra~2/gnuarm~1/102021~1.10/bin/../lib/gcc/arm-none-eabi/10.3.1/../../../../arm-none-eabi/lib/thumb/v7e-m+fp/hard\libg.a(lib_a-mprec.o)
                0x0800c630                __ulp
 .text.__b2d    0x0800c690       0xc0 c:/progra~2/gnuarm~1/102021~1.10/bin/../lib/gcc/arm-none-eabi/10.3.1/../../../../arm-none-eabi/lib/thumb/v7e-m+fp/hard\libg.a(lib_a-mprec.o)
                0x0800c690                __b2d
 .text.__d2b    0x0800c750       0xd0 c:/progra~2/gnuarm~1/102021~1.10/bin/../lib/gcc/arm-none-eabi/10.3.1/../../../../arm-none-eabi/lib/thumb/v7e-m+fp/hard\libg.a(lib_a-mprec.o)
                0x0800c750                __d2b
 .text.__ratio  0x0800c820       0x5c c:/progra~2/gnuarm~1/102021~1.10/bin/../lib/gcc/arm-none-eabi/10.3.1/../../../../arm-none-eabi/lib/thumb/v7e-m+fp/hard\libg.a(lib_a-mprec.o)
                0x0800c820                __ratio
 .text.__copybits
                0x0800c87c       0x5c c:/progra~2/gnuarm~1/102021~1.10/bin/../lib/gcc/arm-none-eabi/10.3.1/../../../../arm-none-eabi/lib/thumb/v7e-m+fp/hard\libg.a(lib_a-mprec.o)
                0x0800c87c                __copybits
 .text.__any_on
                0x0800c8d8       0x64 c:/progra~2/gnuarm~1/102021~1.10/bin/../lib/gcc/arm-none-eabi/10.3.1/../../../../arm-none-eabi/lib/thumb/v7e-m+fp/hard\libg.a(lib_a-mprec.o)
                0x0800c8d8                __any_on
 .text.frexp    0x0800c93c       0x6c c:/progra~2/gnuarm~1/102021~1.10/bin/../lib/gcc/arm-none-eabi/10.3.1/../../../../arm-none-eabi/lib/thumb/v7e-m+fp/hard\libg.a(lib_a-s_frexp.o)
                0x0800c93c                frexp
 .text.nan      0x0800c9a8       0x10 c:/progra~2/gnuarm~1/102021~1.10/bin/../lib/gcc/arm-none-eabi/10.3.1/../../../../arm-none-eabi/lib/thumb/v7e-m+fp/hard\libg.a(lib_a-s_nan.o)
                0x0800c9a8                nan
 .text._sbrk_r  0x0800c9b8       0x24 c:/progra~2/gnuarm~1/102021~1.10/bin/../lib/gcc/arm-none-eabi/10.3.1/../../../../arm-none-eabi/lib/thumb/v7e-m+fp/hard\libg.a(lib_a-sbrkr.o)
                0x0800c9b8                _sbrk_r
 .text.nanf     0x0800c9dc        0xc c:/progra~2/gnuarm~1/102021~1.10/bin/../lib/gcc/arm-none-eabi/10.3.1/../../../../arm-none-eabi/lib/thumb/v7e-m+fp/hard\libg.a(lib_a-sf_nan.o)
                0x0800c9dc                nanf
 .text.__sread  0x0800c9e8       0x24 c:/progra~2/gnuarm~1/102021~1.10/bin/../lib/gcc/arm-none-eabi/10.3.1/../../../../arm-none-eabi/lib/thumb/v7e-m+fp/hard\libg.a(lib_a-stdio.o)
                0x0800c9e8                __sread
 .text.__swrite
                0x0800ca0c       0x40 c:/progra~2/gnuarm~1/102021~1.10/bin/../lib/gcc/arm-none-eabi/10.3.1/../../../../arm-none-eabi/lib/thumb/v7e-m+fp/hard\libg.a(lib_a-stdio.o)
                0x0800ca0c                __swrite
 .text.__sseek  0x0800ca4c       0x20 c:/progra~2/gnuarm~1/102021~1.10/bin/../lib/gcc/arm-none-eabi/10.3.1/../../../../arm-none-eabi/lib/thumb/v7e-m+fp/hard\libg.a(lib_a-stdio.o)
                0x0800ca4c                __sseek
 .text.__sclose
                0x0800ca6c        0x8 c:/progra~2/gnuarm~1/102021~1.10/bin/../lib/gcc/arm-none-eabi/10.3.1/../../../../arm-none-eabi/lib/thumb/v7e-m+fp/hard\libg.a(lib_a-stdio.o)
                0x0800ca6c                __sclose
 .text.strncmp  0x0800ca74       0x80 c:/progra~2/gnuarm~1/102021~1.10/bin/../lib/gcc/arm-none-eabi/10.3.1/../../../../arm-none-eabi/lib/thumb/v7e-m+fp/hard\libg.a(lib_a-strncmp.o)
                0x0800ca74                strncmp
 .text.strncpy  0x0800caf4       0x64 c:/progra~2/gnuarm~1/102021~1.10/bin/../lib/gcc/arm-none-eabi/10.3.1/../../../../arm-none-eabi/lib/thumb/v7e-m+fp/hard\libg.a(lib_a-strncpy.o)
                0x0800caf4                strncpy
 .text.__sprint_r.part.0
                0x0800cb58       0x78 c:/progra~2/gnuarm~1/102021~1.10/bin/../lib/gcc/arm-none-eabi/10.3.1/../../../../arm-none-eabi/lib/thumb/v7e-m+fp/hard\libg.a(lib_a-vfiprintf.o)
 .text.__sprint_r
                0x0800cbd0       0x18 c:/progra~2/gnuarm~1/102021~1.10/bin/../lib/gcc/arm-none-eabi/10.3.1/../../../../arm-none-eabi/lib/thumb/v7e-m+fp/hard\libg.a(lib_a-vfiprintf.o)
                0x0800cbd0                __sprint_r
 .text._vfiprintf_r
                0x0800cbe8      0xdfc c:/progra~2/gnuarm~1/102021~1.10/bin/../lib/gcc/arm-none-eabi/10.3.1/../../../../arm-none-eabi/lib/thumb/v7e-m+fp/hard\libg.a(lib_a-vfiprintf.o)
                0x0800cbe8                _vfiprintf_r
 .text.__sbprintf
                0x0800d9e4       0x80 c:/progra~2/gnuarm~1/102021~1.10/bin/../lib/gcc/arm-none-eabi/10.3.1/../../../../arm-none-eabi/lib/thumb/v7e-m+fp/hard\libg.a(lib_a-vfiprintf.o)
 .text.__ascii_wctomb
                0x0800da64       0x1c c:/progra~2/gnuarm~1/102021~1.10/bin/../lib/gcc/arm-none-eabi/10.3.1/../../../../arm-none-eabi/lib/thumb/v7e-m+fp/hard\libg.a(lib_a-wctomb_r.o)
                0x0800da64                __ascii_wctomb
 .text._write_r
                0x0800da80       0x2c c:/progra~2/gnuarm~1/102021~1.10/bin/../lib/gcc/arm-none-eabi/10.3.1/../../../../arm-none-eabi/lib/thumb/v7e-m+fp/hard\libg.a(lib_a-writer.o)
                0x0800da80                _write_r
 .text.__assert_func
                0x0800daac       0x40 c:/progra~2/gnuarm~1/102021~1.10/bin/../lib/gcc/arm-none-eabi/10.3.1/../../../../arm-none-eabi/lib/thumb/v7e-m+fp/hard\libg.a(lib_a-assert.o)
                0x0800daac                __assert_func
 .text._calloc_r
                0x0800daec       0x78 c:/progra~2/gnuarm~1/102021~1.10/bin/../lib/gcc/arm-none-eabi/10.3.1/../../../../arm-none-eabi/lib/thumb/v7e-m+fp/hard\libg.a(lib_a-callocr.o)
                0x0800daec                _calloc_r
 .text._close_r
                0x0800db64       0x24 c:/progra~2/gnuarm~1/102021~1.10/bin/../lib/gcc/arm-none-eabi/10.3.1/../../../../arm-none-eabi/lib/thumb/v7e-m+fp/hard\libg.a(lib_a-closer.o)
                0x0800db64                _close_r
 .text._fclose_r
                0x0800db88       0xcc c:/progra~2/gnuarm~1/102021~1.10/bin/../lib/gcc/arm-none-eabi/10.3.1/../../../../arm-none-eabi/lib/thumb/v7e-m+fp/hard\libg.a(lib_a-fclose.o)
                0x0800db88                _fclose_r
 .text.fiprintf
                0x0800dc54       0x28 c:/progra~2/gnuarm~1/102021~1.10/bin/../lib/gcc/arm-none-eabi/10.3.1/../../../../arm-none-eabi/lib/thumb/v7e-m+fp/hard\libg.a(lib_a-fiprintf.o)
                0x0800dc54                fiprintf
 .text.__fputwc
                0x0800dc7c       0xa8 c:/progra~2/gnuarm~1/102021~1.10/bin/../lib/gcc/arm-none-eabi/10.3.1/../../../../arm-none-eabi/lib/thumb/v7e-m+fp/hard\libg.a(lib_a-fputwc.o)
                0x0800dc7c                __fputwc
 .text._fputwc_r
                0x0800dd24       0x68 c:/progra~2/gnuarm~1/102021~1.10/bin/../lib/gcc/arm-none-eabi/10.3.1/../../../../arm-none-eabi/lib/thumb/v7e-m+fp/hard\libg.a(lib_a-fputwc.o)
                0x0800dd24                _fputwc_r
 .text._fstat_r
                0x0800dd8c       0x2c c:/progra~2/gnuarm~1/102021~1.10/bin/../lib/gcc/arm-none-eabi/10.3.1/../../../../arm-none-eabi/lib/thumb/v7e-m+fp/hard\libg.a(lib_a-fstatr.o)
                0x0800dd8c                _fstat_r
 .text.__sfvwrite_r
                0x0800ddb8      0x2f0 c:/progra~2/gnuarm~1/102021~1.10/bin/../lib/gcc/arm-none-eabi/10.3.1/../../../../arm-none-eabi/lib/thumb/v7e-m+fp/hard\libg.a(lib_a-fvwrite.o)
                0x0800ddb8                __sfvwrite_r
 .text._isatty_r
                0x0800e0a8       0x24 c:/progra~2/gnuarm~1/102021~1.10/bin/../lib/gcc/arm-none-eabi/10.3.1/../../../../arm-none-eabi/lib/thumb/v7e-m+fp/hard\libg.a(lib_a-isattyr.o)
                0x0800e0a8                _isatty_r
 .text._lseek_r
                0x0800e0cc       0x2c c:/progra~2/gnuarm~1/102021~1.10/bin/../lib/gcc/arm-none-eabi/10.3.1/../../../../arm-none-eabi/lib/thumb/v7e-m+fp/hard\libg.a(lib_a-lseekr.o)
                0x0800e0cc                _lseek_r
 .text.memmove  0x0800e0f8       0xf8 c:/progra~2/gnuarm~1/102021~1.10/bin/../lib/gcc/arm-none-eabi/10.3.1/../../../../arm-none-eabi/lib/thumb/v7e-m+fp/hard\libg.a(lib_a-memmove.o)
                0x0800e0f8                memmove
 .text._read_r  0x0800e1f0       0x2c c:/progra~2/gnuarm~1/102021~1.10/bin/../lib/gcc/arm-none-eabi/10.3.1/../../../../arm-none-eabi/lib/thumb/v7e-m+fp/hard\libg.a(lib_a-readr.o)
                0x0800e1f0                _read_r
 .text._realloc_r
                0x0800e21c      0x3d8 c:/progra~2/gnuarm~1/102021~1.10/bin/../lib/gcc/arm-none-eabi/10.3.1/../../../../arm-none-eabi/lib/thumb/v7e-m+fp/hard\libg.a(lib_a-reallocr.o)
                0x0800e21c                _realloc_r
 .text.__swbuf_r
                0x0800e5f4       0xb0 c:/progra~2/gnuarm~1/102021~1.10/bin/../lib/gcc/arm-none-eabi/10.3.1/../../../../arm-none-eabi/lib/thumb/v7e-m+fp/hard\libg.a(lib_a-wbuf.o)
                0x0800e5f4                __swbuf_r
 .text._wcrtomb_r
                0x0800e6a4       0x3c c:/progra~2/gnuarm~1/102021~1.10/bin/../lib/gcc/arm-none-eabi/10.3.1/../../../../arm-none-eabi/lib/thumb/v7e-m+fp/hard\libg.a(lib_a-wcrtomb.o)
                0x0800e6a4                _wcrtomb_r
 .text.abort    0x0800e6e0       0x10 c:/progra~2/gnuarm~1/102021~1.10/bin/../lib/gcc/arm-none-eabi/10.3.1/../../../../arm-none-eabi/lib/thumb/v7e-m+fp/hard\libg.a(lib_a-abort.o)
                0x0800e6e0                abort
 .text.raise    0x0800e6f0       0x5c c:/progra~2/gnuarm~1/102021~1.10/bin/../lib/gcc/arm-none-eabi/10.3.1/../../../../arm-none-eabi/lib/thumb/v7e-m+fp/hard\libg.a(lib_a-signal.o)
                0x0800e6f0                raise
 .text._kill_r  0x0800e74c       0x2c c:/progra~2/gnuarm~1/102021~1.10/bin/../lib/gcc/arm-none-eabi/10.3.1/../../../../arm-none-eabi/lib/thumb/v7e-m+fp/hard\libg.a(lib_a-signalr.o)
                0x0800e74c                _kill_r
 .text._getpid_r
                0x0800e778        0x4 c:/progra~2/gnuarm~1/102021~1.10/bin/../lib/gcc/arm-none-eabi/10.3.1/../../../../arm-none-eabi/lib/thumb/v7e-m+fp/hard\libg.a(lib_a-signalr.o)
                0x0800e778                _getpid_r
 *(.glue_7)
 .glue_7        0x0800e77c        0x0 linker stubs
 *(.glue_7t)
 .glue_7t       0x0800e77c        0x0 linker stubs
 *(.eh_frame)
 *(.init)
 .init          0x0800e77c        0x4 c:/progra~2/gnuarm~1/102021~1.10/bin/../lib/gcc/arm-none-eabi/10.3.1/thumb/v7e-m+fp/hard/crti.o
                0x0800e77c                _init
 .init          0x0800e780        0x8 c:/progra~2/gnuarm~1/102021~1.10/bin/../lib/gcc/arm-none-eabi/10.3.1/thumb/v7e-m+fp/hard/crtn.o
 *(.fini)
 .fini          0x0800e788        0x4 c:/progra~2/gnuarm~1/102021~1.10/bin/../lib/gcc/arm-none-eabi/10.3.1/thumb/v7e-m+fp/hard/crti.o
                0x0800e788                _fini
 .fini          0x0800e78c        0x8 c:/progra~2/gnuarm~1/102021~1.10/bin/../lib/gcc/arm-none-eabi/10.3.1/thumb/v7e-m+fp/hard/crtn.o
                0x0800e794                . = ALIGN (0x4)
                0x0800e794                _etext = .

.vfp11_veneer   0x0800e794        0x0
 .vfp11_veneer  0x0800e794        0x0 linker stubs

.v4_bx          0x0800e794        0x0
 .v4_bx         0x0800e794        0x0 linker stubs

.iplt           0x0800e794        0x0
 .iplt          0x0800e794        0x0 CMakeFiles/DS_2024_E.elf.dir/Application/Kinematics_Solution_task.c.obj

.rodata         0x0800e798      0x6e0
                0x0800e798                . = ALIGN (0x4)
 *(.rodata)
 *(.rodata*)
 .rodata.usart_tx_task.str1.4
                0x0800e798       0x18 CMakeFiles/DS_2024_E.elf.dir/Application/usart_task.c.obj
 .rodata.MX_FREERTOS_Init.str1.4
                0x0800e7b0       0x3c CMakeFiles/DS_2024_E.elf.dir/Core/Src/freertos.c.obj
 .rodata.str1.4
                0x0800e7ec        0xc CMakeFiles/DS_2024_E.elf.dir/Core/Src/freertos.c.obj
 .rodata.defaultTask_attributes
                0x0800e7f8       0x24 CMakeFiles/DS_2024_E.elf.dir/Core/Src/freertos.c.obj
                0x0800e7f8                defaultTask_attributes
 .rodata.AHBPrescTable
                0x0800e81c       0x10 CMakeFiles/DS_2024_E.elf.dir/Core/Src/system_stm32f4xx.c.obj
                0x0800e81c                AHBPrescTable
 .rodata.APBPrescTable
                0x0800e82c        0x8 CMakeFiles/DS_2024_E.elf.dir/Core/Src/system_stm32f4xx.c.obj
                0x0800e82c                APBPrescTable
 .rodata.vTaskStartScheduler.str1.4
                0x0800e834        0x5 CMakeFiles/DS_2024_E.elf.dir/Middlewares/Third_Party/FreeRTOS/Source/tasks.c.obj
 *fill*         0x0800e839        0x3 
 .rodata.prvCheckForValidListAndQueue.str1.4
                0x0800e83c        0x5 CMakeFiles/DS_2024_E.elf.dir/Middlewares/Third_Party/FreeRTOS/Source/timers.c.obj
 *fill*         0x0800e841        0x3 
 .rodata.xTimerCreateTimerTask.str1.4
                0x0800e844        0x8 CMakeFiles/DS_2024_E.elf.dir/Middlewares/Third_Party/FreeRTOS/Source/timers.c.obj
 .rodata.HAL_CAN_RxFifo0MsgPendingCallback.str1.4
                0x0800e84c        0xd CMakeFiles/DS_2024_E.elf.dir/User/IRQ.c.obj
 *fill*         0x0800e859        0x3 
 .rodata.HAL_UART_RxCpltCallback.str1.4
                0x0800e85c       0x25 CMakeFiles/DS_2024_E.elf.dir/User/IRQ.c.obj
 *fill*         0x0800e881        0x3 
 .rodata._strtod_l.str1.4
                0x0800e884        0xf c:/progra~2/gnuarm~1/102021~1.10/bin/../lib/gcc/arm-none-eabi/10.3.1/../../../../arm-none-eabi/lib/thumb/v7e-m+fp/hard\libg.a(lib_a-strtod.o)
                                 0x11 (size before relaxing)
 *fill*         0x0800e893        0x1 
 .rodata.fpi.1  0x0800e894       0x14 c:/progra~2/gnuarm~1/102021~1.10/bin/../lib/gcc/arm-none-eabi/10.3.1/../../../../arm-none-eabi/lib/thumb/v7e-m+fp/hard\libg.a(lib_a-strtod.o)
 .rodata.fpinan.0
                0x0800e8a8       0x14 c:/progra~2/gnuarm~1/102021~1.10/bin/../lib/gcc/arm-none-eabi/10.3.1/../../../../arm-none-eabi/lib/thumb/v7e-m+fp/hard\libg.a(lib_a-strtod.o)
 *fill*         0x0800e8bc        0x4 
 .rodata.tinytens
                0x0800e8c0       0x28 c:/progra~2/gnuarm~1/102021~1.10/bin/../lib/gcc/arm-none-eabi/10.3.1/../../../../arm-none-eabi/lib/thumb/v7e-m+fp/hard\libg.a(lib_a-strtod.o)
 .rodata._vfprintf_r.str1.4
                0x0800e8e8       0x42 c:/progra~2/gnuarm~1/102021~1.10/bin/../lib/gcc/arm-none-eabi/10.3.1/../../../../arm-none-eabi/lib/thumb/v7e-m+fp/hard\libg.a(lib_a-vfprintf.o)
 *fill*         0x0800e92a        0x2 
 .rodata.blanks.1
                0x0800e92c       0x10 c:/progra~2/gnuarm~1/102021~1.10/bin/../lib/gcc/arm-none-eabi/10.3.1/../../../../arm-none-eabi/lib/thumb/v7e-m+fp/hard\libg.a(lib_a-vfprintf.o)
 .rodata.zeroes.0
                0x0800e93c       0x10 c:/progra~2/gnuarm~1/102021~1.10/bin/../lib/gcc/arm-none-eabi/10.3.1/../../../../arm-none-eabi/lib/thumb/v7e-m+fp/hard\libg.a(lib_a-vfprintf.o)
 .rodata._dtoa_r.str1.4
                0x0800e94c       0xa2 c:/progra~2/gnuarm~1/102021~1.10/bin/../lib/gcc/arm-none-eabi/10.3.1/../../../../arm-none-eabi/lib/thumb/v7e-m+fp/hard\libg.a(lib_a-dtoa.o)
                                 0xa6 (size before relaxing)
 *fill*         0x0800e9ee        0x2 
 .rodata.__gethex.str1.4
                0x0800e9f0       0x86 c:/progra~2/gnuarm~1/102021~1.10/bin/../lib/gcc/arm-none-eabi/10.3.1/../../../../arm-none-eabi/lib/thumb/v7e-m+fp/hard\libg.a(lib_a-gdtoa-gethex.o)
                                 0x9a (size before relaxing)
 *fill*         0x0800ea76        0x2 
 .rodata.__hexdig
                0x0800ea78      0x100 c:/progra~2/gnuarm~1/102021~1.10/bin/../lib/gcc/arm-none-eabi/10.3.1/../../../../arm-none-eabi/lib/thumb/v7e-m+fp/hard\libg.a(lib_a-gdtoa-gethex.o)
                0x0800ea78                __hexdig
 .rodata.str1.4
                0x0800eb78        0x2 c:/progra~2/gnuarm~1/102021~1.10/bin/../lib/gcc/arm-none-eabi/10.3.1/../../../../arm-none-eabi/lib/thumb/v7e-m+fp/hard\libg.a(lib_a-lnumeric.o)
                                  0x5 (size before relaxing)
 *fill*         0x0800eb7a        0x2 
 .rodata._C_numeric_locale
                0x0800eb7c        0xc c:/progra~2/gnuarm~1/102021~1.10/bin/../lib/gcc/arm-none-eabi/10.3.1/../../../../arm-none-eabi/lib/thumb/v7e-m+fp/hard\libg.a(lib_a-lnumeric.o)
                0x0800eb7c                _C_numeric_locale
 .rodata._setlocale_r.str1.4
                0x0800eb88        0xa c:/progra~2/gnuarm~1/102021~1.10/bin/../lib/gcc/arm-none-eabi/10.3.1/../../../../arm-none-eabi/lib/thumb/v7e-m+fp/hard\libg.a(lib_a-locale.o)
                                  0xd (size before relaxing)
 .rodata.str1.4
                0x0800eb92        0x2 c:/progra~2/gnuarm~1/102021~1.10/bin/../lib/gcc/arm-none-eabi/10.3.1/../../../../arm-none-eabi/lib/thumb/v7e-m+fp/hard\libg.a(lib_a-locale.o)
 *fill*         0x0800eb92        0x2 
 .rodata.__multadd.str1.4
                0x0800eb94       0x7f c:/progra~2/gnuarm~1/102021~1.10/bin/../lib/gcc/arm-none-eabi/10.3.1/../../../../arm-none-eabi/lib/thumb/v7e-m+fp/hard\libg.a(lib_a-mprec.o)
                                 0x93 (size before relaxing)
 *fill*         0x0800ec13        0x5 
 .rodata.__mprec_bigtens
                0x0800ec18       0x28 c:/progra~2/gnuarm~1/102021~1.10/bin/../lib/gcc/arm-none-eabi/10.3.1/../../../../arm-none-eabi/lib/thumb/v7e-m+fp/hard\libg.a(lib_a-mprec.o)
                0x0800ec18                __mprec_bigtens
 .rodata.__mprec_tens
                0x0800ec40       0xc8 c:/progra~2/gnuarm~1/102021~1.10/bin/../lib/gcc/arm-none-eabi/10.3.1/../../../../arm-none-eabi/lib/thumb/v7e-m+fp/hard\libg.a(lib_a-mprec.o)
                0x0800ec40                __mprec_tens
 .rodata.p05.0  0x0800ed08        0xc c:/progra~2/gnuarm~1/102021~1.10/bin/../lib/gcc/arm-none-eabi/10.3.1/../../../../arm-none-eabi/lib/thumb/v7e-m+fp/hard\libg.a(lib_a-mprec.o)
 .rodata._vfiprintf_r.str1.4
                0x0800ed14       0x2f c:/progra~2/gnuarm~1/102021~1.10/bin/../lib/gcc/arm-none-eabi/10.3.1/../../../../arm-none-eabi/lib/thumb/v7e-m+fp/hard\libg.a(lib_a-vfiprintf.o)
 .rodata.blanks.1
                0x0800ed14       0x10 c:/progra~2/gnuarm~1/102021~1.10/bin/../lib/gcc/arm-none-eabi/10.3.1/../../../../arm-none-eabi/lib/thumb/v7e-m+fp/hard\libg.a(lib_a-vfiprintf.o)
 .rodata.zeroes.0
                0x0800ed24       0x10 c:/progra~2/gnuarm~1/102021~1.10/bin/../lib/gcc/arm-none-eabi/10.3.1/../../../../arm-none-eabi/lib/thumb/v7e-m+fp/hard\libg.a(lib_a-vfiprintf.o)
 .rodata.__assert_func.str1.4
                0x0800ed34       0x3f c:/progra~2/gnuarm~1/102021~1.10/bin/../lib/gcc/arm-none-eabi/10.3.1/../../../../arm-none-eabi/lib/thumb/v7e-m+fp/hard\libg.a(lib_a-assert.o)
                                 0x43 (size before relaxing)
 *fill*         0x0800ed73        0x1 
 .rodata._ctype_
                0x0800ed74      0x101 c:/progra~2/gnuarm~1/102021~1.10/bin/../lib/gcc/arm-none-eabi/10.3.1/../../../../arm-none-eabi/lib/thumb/v7e-m+fp/hard\libg.a(lib_a-ctype_.o)
                0x0800ed74                _ctype_
                0x0800ee78                . = ALIGN (0x4)
 *fill*         0x0800ee75        0x3 
                0x0800ee80                _sidata = LOADADDR (.data)

.ARM.exidx      0x0800ee78        0x8
 .ARM.exidx     0x0800ee78        0x8 c:/progra~2/gnuarm~1/102021~1.10/bin/../lib/gcc/arm-none-eabi/10.3.1/thumb/v7e-m+fp/hard\libgcc.a(_udivmoddi4.o)

.rel.dyn        0x0800ee80        0x0
 .rel.iplt      0x0800ee80        0x0 CMakeFiles/DS_2024_E.elf.dir/Application/Kinematics_Solution_task.c.obj

.data           0x20000000      0x9c8 load address 0x0800ee80
                0x20000000                . = ALIGN (0x4)
                0x20000000                _sdata = .
 *(.data)
 *(.data*)
 .data.Pos_flag
                0x20000000        0x1 CMakeFiles/DS_2024_E.elf.dir/Application/PID_task.c.obj
                0x20000000                Pos_flag
 *fill*         0x20000001        0x3 
 .data.MIN_Spe_Increment
                0x20000004        0x4 CMakeFiles/DS_2024_E.elf.dir/Controller/PID_Adjust.c.obj
                0x20000004                MIN_Spe_Increment
 .data.SystemCoreClock
                0x20000008        0x4 CMakeFiles/DS_2024_E.elf.dir/Core/Src/system_stm32f4xx.c.obj
                0x20000008                SystemCoreClock
 .data.uwTickFreq
                0x2000000c        0x1 CMakeFiles/DS_2024_E.elf.dir/Drivers/STM32F4xx_HAL_Driver/Src/stm32f4xx_hal.c.obj
                0x2000000c                uwTickFreq
 *fill*         0x2000000d        0x3 
 .data.uwTickPrio
                0x20000010        0x4 CMakeFiles/DS_2024_E.elf.dir/Drivers/STM32F4xx_HAL_Driver/Src/stm32f4xx_hal.c.obj
                0x20000010                uwTickPrio
 .data.uxCriticalNesting
                0x20000014        0x4 CMakeFiles/DS_2024_E.elf.dir/Middlewares/Third_Party/FreeRTOS/Source/portable/GCC/ARM_CM4F/port.c.obj
 .data._impure_ptr
                0x20000018        0x4 c:/progra~2/gnuarm~1/102021~1.10/bin/../lib/gcc/arm-none-eabi/10.3.1/../../../../arm-none-eabi/lib/thumb/v7e-m+fp/hard\libg.a(lib_a-impure.o)
                0x20000018                _impure_ptr
 *fill*         0x2000001c        0x4 
 .data.impure_data
                0x20000020      0x428 c:/progra~2/gnuarm~1/102021~1.10/bin/../lib/gcc/arm-none-eabi/10.3.1/../../../../arm-none-eabi/lib/thumb/v7e-m+fp/hard\libg.a(lib_a-impure.o)
 .data.numempty
                0x20000448        0x2 c:/progra~2/gnuarm~1/102021~1.10/bin/../lib/gcc/arm-none-eabi/10.3.1/../../../../arm-none-eabi/lib/thumb/v7e-m+fp/hard\libg.a(lib_a-lnumeric.o)
 *fill*         0x2000044a        0x2 
 .data.__global_locale
                0x2000044c      0x16c c:/progra~2/gnuarm~1/102021~1.10/bin/../lib/gcc/arm-none-eabi/10.3.1/../../../../arm-none-eabi/lib/thumb/v7e-m+fp/hard\libg.a(lib_a-locale.o)
                0x2000044c                __global_locale
 .data.__malloc_av_
                0x200005b8      0x408 c:/progra~2/gnuarm~1/102021~1.10/bin/../lib/gcc/arm-none-eabi/10.3.1/../../../../arm-none-eabi/lib/thumb/v7e-m+fp/hard\libg.a(lib_a-mallocr.o)
                0x200005b8                __malloc_av_
 .data.__malloc_sbrk_base
                0x200009c0        0x4 c:/progra~2/gnuarm~1/102021~1.10/bin/../lib/gcc/arm-none-eabi/10.3.1/../../../../arm-none-eabi/lib/thumb/v7e-m+fp/hard\libg.a(lib_a-mallocr.o)
                0x200009c0                __malloc_sbrk_base
 .data.__malloc_trim_threshold
                0x200009c4        0x4 c:/progra~2/gnuarm~1/102021~1.10/bin/../lib/gcc/arm-none-eabi/10.3.1/../../../../arm-none-eabi/lib/thumb/v7e-m+fp/hard\libg.a(lib_a-mallocr.o)
                0x200009c4                __malloc_trim_threshold
 *(.RamFunc)
 *(.RamFunc*)
                0x200009c8                . = ALIGN (0x4)
                0x200009c8                _edata = .
                0x0800f848                _siccmram = LOADADDR (.ccmram)

.igot.plt       0x200009c8        0x0 load address 0x0800f848
 .igot.plt      0x200009c8        0x0 CMakeFiles/DS_2024_E.elf.dir/Application/Kinematics_Solution_task.c.obj

.ccmram         0x10000000        0x0 load address 0x0800f848
                0x10000000                . = ALIGN (0x4)
                0x10000000                _sccmram = .
 *(.ccmram)
 *(.ccmram*)
                0x10000000                . = ALIGN (0x4)
                0x10000000                _eccmram = .
                0x10000000                . = ALIGN (0x4)

.bss            0x200009c8     0x54cc
                0x200009c8                _sbss = .
                0x200009c8                __bss_start__ = _sbss
 *(.bss)
 *(.bss*)
 .bss.chess_times
                0x200009c8        0x2 CMakeFiles/DS_2024_E.elf.dir/Application/Kinematics_Solution_task.c.obj
                0x200009c8                chess_times
 .bss.get_flag  0x200009ca        0x1 CMakeFiles/DS_2024_E.elf.dir/Application/Kinematics_Solution_task.c.obj
                0x200009ca                get_flag
 *fill*         0x200009cb        0x1 
 .bss.theta     0x200009cc        0x4 CMakeFiles/DS_2024_E.elf.dir/Application/Kinematics_Solution_task.c.obj
                0x200009cc                theta
 .bss.angle_last_1
                0x200009d0        0x4 CMakeFiles/DS_2024_E.elf.dir/Application/PID_task.c.obj
                0x200009d0                angle_last_1
 .bss.angle_last_2