Archive member included to satisfy reference by file (symbol)

c:/progra~2/gnuarm~1/102021~1.10/bin/../lib/gcc/arm-none-eabi/10.3.1/thumb/v7e-m+fp/hard\libgcc.a(_arm_muldf3.o)
                              CMakeFiles/DS_2024_E.elf.dir/Controller/PID.c.obj (__aeabi_dmul)
c:/progra~2/gnuarm~1/102021~1.10/bin/../lib/gcc/arm-none-eabi/10.3.1/thumb/v7e-m+fp/hard\libgcc.a(_arm_addsubdf3.o)
                              CMakeFiles/DS_2024_E.elf.dir/Controller/PID.c.obj (__aeabi_dsub)
c:/progra~2/gnuarm~1/102021~1.10/bin/../lib/gcc/arm-none-eabi/10.3.1/thumb/v7e-m+fp/hard\libgcc.a(_arm_muldivdf3.o)
                              CMakeFiles/DS_2024_E.elf.dir/Controller/PID.c.obj (__aeabi_ddiv)
c:/progra~2/gnuarm~1/102021~1.10/bin/../lib/gcc/arm-none-eabi/10.3.1/thumb/v7e-m+fp/hard\libgcc.a(_arm_cmpdf2.o)
                              CMakeFiles/DS_2024_E.elf.dir/User/IRQ.c.obj (__aeabi_dcmplt)
c:/progra~2/gnuarm~1/102021~1.10/bin/../lib/gcc/arm-none-eabi/10.3.1/thumb/v7e-m+fp/hard\libgcc.a(_arm_fixdfsi.o)
                              CMakeFiles/DS_2024_E.elf.dir/User/IRQ.c.obj (__aeabi_d2iz)
c:/progra~2/gnuarm~1/102021~1.10/bin/../lib/gcc/arm-none-eabi/10.3.1/thumb/v7e-m+fp/hard\libgcc.a(_arm_truncdfsf2.o)
                              CMakeFiles/DS_2024_E.elf.dir/User/IRQ.c.obj (__aeabi_d2f)
c:/progra~2/gnuarm~1/102021~1.10/bin/../lib/gcc/arm-none-eabi/10.3.1/thumb/v7e-m+fp/hard\libgcc.a(_aeabi_uldivmod.o)
                              CMakeFiles/DS_2024_E.elf.dir/Drivers/STM32F4xx_HAL_Driver/Src/stm32f4xx_hal_rcc.c.obj (__aeabi_uldivmod)
c:/progra~2/gnuarm~1/102021~1.10/bin/../lib/gcc/arm-none-eabi/10.3.1/thumb/v7e-m+fp/hard\libgcc.a(_udivmoddi4.o)
                              c:/progra~2/gnuarm~1/102021~1.10/bin/../lib/gcc/arm-none-eabi/10.3.1/thumb/v7e-m+fp/hard\libgcc.a(_aeabi_uldivmod.o) (__udivmoddi4)
c:/progra~2/gnuarm~1/102021~1.10/bin/../lib/gcc/arm-none-eabi/10.3.1/thumb/v7e-m+fp/hard\libgcc.a(_dvmd_tls.o)
                              c:/progra~2/gnuarm~1/102021~1.10/bin/../lib/gcc/arm-none-eabi/10.3.1/thumb/v7e-m+fp/hard\libgcc.a(_aeabi_uldivmod.o) (__aeabi_ldiv0)
c:/progra~2/gnuarm~1/102021~1.10/bin/../lib/gcc/arm-none-eabi/10.3.1/../../../../arm-none-eabi/lib/thumb/v7e-m+fp/hard\libg.a(lib_a-errno.o)
                              CMakeFiles/DS_2024_E.elf.dir/Core/Src/syscalls.c.obj (__errno)
c:/progra~2/gnuarm~1/102021~1.10/bin/../lib/gcc/arm-none-eabi/10.3.1/../../../../arm-none-eabi/lib/thumb/v7e-m+fp/hard\libg.a(lib_a-exit.o)
                              c:/progra~2/gnuarm~1/102021~1.10/bin/../lib/gcc/arm-none-eabi/10.3.1/../../../../arm-none-eabi/lib/thumb/v7e-m+fp/hard/crt0.o (exit)
c:/progra~2/gnuarm~1/102021~1.10/bin/../lib/gcc/arm-none-eabi/10.3.1/../../../../arm-none-eabi/lib/thumb/v7e-m+fp/hard\libg.a(lib_a-impure.o)
                              c:/progra~2/gnuarm~1/102021~1.10/bin/../lib/gcc/arm-none-eabi/10.3.1/../../../../arm-none-eabi/lib/thumb/v7e-m+fp/hard\libg.a(lib_a-exit.o) (_global_impure_ptr)
c:/progra~2/gnuarm~1/102021~1.10/bin/../lib/gcc/arm-none-eabi/10.3.1/../../../../arm-none-eabi/lib/thumb/v7e-m+fp/hard\libg.a(lib_a-init.o)
                              c:/progra~2/gnuarm~1/102021~1.10/bin/../lib/gcc/arm-none-eabi/10.3.1/../../../../arm-none-eabi/lib/thumb/v7e-m+fp/hard/crt0.o (__libc_init_array)
c:/progra~2/gnuarm~1/102021~1.10/bin/../lib/gcc/arm-none-eabi/10.3.1/../../../../arm-none-eabi/lib/thumb/v7e-m+fp/hard\libg.a(lib_a-memcpy.o)
                              CMakeFiles/DS_2024_E.elf.dir/Middlewares/Third_Party/FreeRTOS/Source/CMSIS_RTOS_V2/cmsis_os2.c.obj (memcpy)
c:/progra~2/gnuarm~1/102021~1.10/bin/../lib/gcc/arm-none-eabi/10.3.1/../../../../arm-none-eabi/lib/thumb/v7e-m+fp/hard\libg.a(lib_a-memset.o)
                              c:/progra~2/gnuarm~1/102021~1.10/bin/../lib/gcc/arm-none-eabi/10.3.1/../../../../arm-none-eabi/lib/thumb/v7e-m+fp/hard/crt0.o (memset)
c:/progra~2/gnuarm~1/102021~1.10/bin/../lib/gcc/arm-none-eabi/10.3.1/../../../../arm-none-eabi/lib/thumb/v7e-m+fp/hard\libg.a(lib_a-printf.o)
                              CMakeFiles/DS_2024_E.elf.dir/Application/Kinematics_Solution_task.c.obj (printf)
c:/progra~2/gnuarm~1/102021~1.10/bin/../lib/gcc/arm-none-eabi/10.3.1/../../../../arm-none-eabi/lib/thumb/v7e-m+fp/hard\libg.a(lib_a-reent.o)
                              CMakeFiles/DS_2024_E.elf.dir/Middlewares/Third_Party/FreeRTOS/Source/tasks.c.obj (_reclaim_reent)
c:/progra~2/gnuarm~1/102021~1.10/bin/../lib/gcc/arm-none-eabi/10.3.1/../../../../arm-none-eabi/lib/thumb/v7e-m+fp/hard\libg.a(lib_a-setvbuf.o)
                              CMakeFiles/DS_2024_E.elf.dir/User/retarget.c.obj (setvbuf)
c:/progra~2/gnuarm~1/102021~1.10/bin/../lib/gcc/arm-none-eabi/10.3.1/../../../../arm-none-eabi/lib/thumb/v7e-m+fp/hard\libg.a(lib_a-strtod.o)
                              CMakeFiles/DS_2024_E.elf.dir/Controller/PID_Adjust.c.obj (strtof)
[...]
Memory Configuration

Name             Origin             Length             Attributes
CCMRAM           0x10000000         0x00010000         xrw
RAM              0x20000000         0x00020000         xrw
FLASH            0x08000000         0x00100000         xr
*default*        0x00000000         0xffffffff

Linker script and memory map

LOAD c:/progra~2/gnuarm~1/102021~1.10/bin/../lib/gcc/arm-none-eabi/10.3.1/thumb/v7e-m+fp/hard/crti.o
LOAD c:/progra~2/gnuarm~1/102021~1.10/bin/../lib/gcc/arm-none-eabi/10.3.1/thumb/v7e-m+fp/hard/crtbegin.o
LOAD c:/progra~2/gnuarm~1/102021~1.10/bin/../lib/gcc/arm-none-eabi/10.3.1/../../../../arm-none-eabi/lib/thumb/v7e-m+fp/hard/crt0.o
LOAD CMakeFiles/DS_2024_E.elf.dir/Application/Kinematics_Solution_task.c.obj
LOAD CMakeFiles/DS_2024_E.elf.dir/Application/PID_task.c.obj
LOAD CMakeFiles/DS_2024_E.elf.dir/Application/usart_task.c.obj
LOAD CMakeFiles/DS_2024_E.elf.dir/BSP/DJI_driver.c.obj
LOAD CMakeFiles/DS_2024_E.elf.dir/BSP/my_can.c.obj
LOAD CMakeFiles/DS_2024_E.elf.dir/Controller/PID.c.obj
LOAD CMakeFiles/DS_2024_E.elf.dir/Controller/PID_Adjust.c.obj
LOAD CMakeFiles/DS_2024_E.elf.dir/Core/Src/can.c.obj
LOAD CMakeFiles/DS_2024_E.elf.dir/Core/Src/freertos.c.obj
LOAD CMakeFiles/DS_2024_E.elf.dir/Core/Src/gpio.c.obj
LOAD CMakeFiles/DS_2024_E.elf.dir/Core/Src/main.c.obj
LOAD CMakeFiles/DS_2024_E.elf.dir/Core/Src/stm32f4xx_hal_msp.c.obj
LOAD CMakeFiles/DS_2024_E.elf.dir/Core/Src/stm32f4xx_hal_timebase_tim.c.obj
LOAD CMakeFiles/DS_2024_E.elf.dir/Core/Src/stm32f4xx_it.c.obj
LOAD CMakeFiles/DS_2024_E.elf.dir/Core/Src/syscalls.c.obj
LOAD CMakeFiles/DS_2024_E.elf.dir/Core/Src/sysmem.c.obj
LOAD CMakeFiles/DS_2024_E.elf.dir/Core/Src/system_stm32f4xx.c.obj
LOAD CMakeFiles/DS_2024_E.elf.dir/Core/Src/tim.c.obj
LOAD CMakeFiles/DS_2024_E.elf.dir/Core/Src/usart.c.obj
LOAD CMakeFiles/DS_2024_E.elf.dir/Core/Startup/startup_stm32f405rgtx.s.obj
LOAD CMakeFiles/DS_2024_E.elf.dir/Drivers/STM32F4xx_HAL_Driver/Src/stm32f4xx_hal.c.obj
LOAD CMakeFiles/DS_2024_E.elf.dir/Drivers/STM32F4xx_HAL_Driver/Src/stm32f4xx_hal_can.c.obj
LOAD CMakeFiles/DS_2024_E.elf.dir/Drivers/STM32F4xx_HAL_Driver/Src/stm32f4xx_hal_cortex.c.obj
LOAD CMakeFiles/DS_2024_E.elf.dir/Drivers/STM32F4xx_HAL_Driver/Src/stm32f4xx_hal_dma.c.obj
LOAD CMakeFiles/DS_2024_E.elf.dir/Drivers/STM32F4xx_HAL_Driver/Src/stm32f4xx_hal_dma_ex.c.obj
LOAD CMakeFiles/DS_2024_E.elf.dir/Drivers/STM32F4xx_HAL_Driver/Src/stm32f4xx_hal_exti.c.obj
LOAD CMakeFiles/DS_2024_E.elf.dir/Drivers/STM32F4xx_HAL_Driver/Src/stm32f4xx_hal_flash.c.obj
LOAD CMakeFiles/DS_2024_E.elf.dir/Drivers/STM32F4xx_HAL_Driver/Src/stm32f4xx_hal_flash_ex.c.obj
LOAD CMakeFiles/DS_2024_E.elf.dir/Drivers/STM32F4xx_HAL_Driver/Src/stm32f4xx_hal_flash_ramfunc.c.obj
LOAD CMakeFiles/DS_2024_E.elf.dir/Drivers/STM32F4xx_HAL_Driver/Src/stm32f4xx_hal_gpio.c.obj
LOAD CMakeFiles/DS_2024_E.elf.dir/Drivers/STM32F4xx_HAL_Driver/Src/stm32f4xx_hal_pwr.c.obj
LOAD CMakeFiles/DS_2024_E.elf.dir/Drivers/STM32F4xx_HAL_Driver/Src/stm32f4xx_hal_pwr_ex.c.obj
LOAD CMakeFiles/DS_2024_E.elf.dir/Drivers/STM32F4xx_HAL_Driver/Src/stm32f4xx_hal_rcc.c.obj
LOAD CMakeFiles/DS_2024_E.elf.dir/Drivers/STM32F4xx_HAL_Driver/Src/stm32f4xx_hal_rcc_ex.c.obj
LOAD CMakeFiles/DS_2024_E.elf.dir/Drivers/STM32F4xx_HAL_Driver/Src/stm32f4xx_hal_tim.c.obj
LOAD CMakeFiles/DS_2024_E.elf.dir/Drivers/STM32F4xx_HAL_Driver/Src/stm32f4xx_hal_tim_ex.c.obj
LOAD CMakeFiles/DS_2024_E.elf.dir/Drivers/STM32F4xx_HAL_Driver/Src/stm32f4xx_hal_uart.c.obj
LOAD CMakeFiles/DS_2024_E.elf.dir/Middlewares/Third_Party/FreeRTOS/Source/CMSIS_RTOS_V2/cmsis_os2.c.obj
LOAD CMakeFiles/DS_2024_E.elf.dir/Middlewares/Third_Party/FreeRTOS/Source/croutine.c.obj
LOAD CMakeFiles/DS_2024_E.elf.dir/Middlewares/Third_Party/FreeRTOS/Source/event_groups.c.obj
LOAD CMakeFiles/DS_2024_E.elf.dir/Middlewares/Third_Party/FreeRTOS/Source/list.c.obj
LOAD CMakeFiles/DS_2024_E.elf.dir/Middlewares/Third_Party/FreeRTOS/Source/portable/GCC/ARM_CM4F/port.c.obj
LOAD CMakeFiles/DS_2024_E.elf.dir/Middlewares/Third_Party/FreeRTOS/Source/portable/MemMang/heap_4.c.obj
LOAD CMakeFiles/DS_2024_E.elf.dir/Middlewares/Third_Party/FreeRTOS/Source/queue.c.obj
LOAD CMakeFiles/DS_2024_E.elf.dir/Middlewares/Third_Party/FreeRTOS/Source/stream_buffer.c.obj
LOAD CMakeFiles/DS_2024_E.elf.dir/Middlewares/Third_Party/FreeRTOS/Source/tasks.c.obj
LOAD CMakeFiles/DS_2024_E.elf.dir/Middlewares/Third_Party/FreeRTOS/Source/timers.c.obj
LOAD CMakeFiles/DS_2024_E.elf.dir/User/IRQ.c.obj
LOAD CMakeFiles/DS_2024_E.elf.dir/User/Init.c.obj
LOAD CMakeFiles/DS_2024_E.elf.dir/User/Kinematics_Solution.c.obj
LOAD CMakeFiles/DS_2024_E.elf.dir/User/retarget.c.obj
START GROUP
LOAD c:/progra~2/gnuarm~1/102021~1.10/bin/../lib/gcc/arm-none-eabi/10.3.1/thumb/v7e-m+fp/hard\libgcc.a
LOAD c:/progra~2/gnuarm~1/102021~1.10/bin/../lib/gcc/arm-none-eabi/10.3.1/../../../../arm-none-eabi/lib/thumb/v7e-m+fp/hard\libg.a
LOAD c:/progra~2/gnuarm~1/102021~1.10/bin/../lib/gcc/arm-none-eabi/10.3.1/../../../../arm-none-eabi/lib/thumb/v7e-m+fp/hard\libc.a
END GROUP
LOAD c:/progra~2/gnuarm~1/102021~1.10/bin/../lib/gcc/arm-none-eabi/10.3.1/thumb/v7e-m+fp/hard/crtend.o
LOAD c:/progra~2/gnuarm~1/102021~1.10/bin/../lib/gcc/arm-none-eabi/10.3.1/thumb/v7e-m+fp/hard/crtn.o
                0x20020000                _estack = (ORIGIN (RAM) + LENGTH (RAM))
                0x00000200                _Min_Heap_Size = 0x200
                0x00000400                _Min_Stack_Size = 0x400

.isr_vector     0x08000000      0x188
                0x08000000                . = ALIGN (0x4)
 *(.isr_vector)
 .isr_vector    0x08000000      0x188 CMakeFiles/DS_2024_E.elf.dir/Core/Startup/startup_stm32f405rgtx.s.obj
                0x08000000                g_pfnVectors
                0x08000188                . = ALIGN (0x4)

.text           0x080001c0     0xe56c
                0x080001c0                . = ALIGN (0x4)
 *(.text)
 .text          0x080001c0      0x378 c:/progra~2/gnuarm~1/102021~1.10/bin/../lib/gcc/arm-none-eabi/10.3.1/thumb/v7e-m+fp/hard\libgcc.a(_arm_addsubdf3.o)
                0x080001c0                __aeabi_drsub
                0x080001c8                __aeabi_dsub
                0x080001c8                __subdf3
                0x080001cc                __aeabi_dadd
                0x080001cc                __adddf3
                0x08000444                __floatunsidf
                0x08000444                __aeabi_ui2d
                0x08000464                __floatsidf
                0x08000464                __aeabi_i2d
                0x08000488                __aeabi_f2d
                0x08000488                __extendsfdf2
                0x080004cc                __floatundidf
                0x080004cc                __aeabi_ul2d
                0x080004dc                __floatdidf
                0x080004dc                __aeabi_l2d
 .text          0x08000538      0x424 c:/progra~2/gnuarm~1/102021~1.10/bin/../lib/gcc/arm-none-eabi/10.3.1/thumb/v7e-m+fp/hard\libgcc.a(_arm_muldivdf3.o)
                0x08000538                __aeabi_dmul
                0x08000538                __muldf3
                0x0800078c                __divdf3
                0x0800078c                __aeabi_ddiv
 .text          0x0800095c      0x110 c:/progra~2/gnuarm~1/102021~1.10/bin/../lib/gcc/arm-none-eabi/10.3.1/thumb/v7e-m+fp/hard\libgcc.a(_arm_cmpdf2.o)
                0x0800095c                __gtdf2
                0x0800095c                __gedf2
                0x08000964                __ltdf2
                0x08000964                __ledf2
                0x0800096c                __nedf2
                0x0800096c                __eqdf2
                0x0800096c                __cmpdf2
                0x080009e8                __aeabi_cdrcmple
                0x080009f8                __aeabi_cdcmpeq
                0x080009f8                __aeabi_cdcmple
                0x08000a08                __aeabi_dcmpeq
                0x08000a1c                __aeabi_dcmplt
                0x08000a30                __aeabi_dcmple
                0x08000a44                __aeabi_dcmpge
                0x08000a58                __aeabi_dcmpgt
 .text          0x08000a6c       0x50 c:/progra~2/gnuarm~1/102021~1.10/bin/../lib/gcc/arm-none-eabi/10.3.1/thumb/v7e-m+fp/hard\libgcc.a(_arm_fixdfsi.o)
                0x08000a6c                __aeabi_d2iz
                0x08000a6c                __fixdfsi
 .text          0x08000abc       0xa0 c:/progra~2/gnuarm~1/102021~1.10/bin/../lib/gcc/arm-none-eabi/10.3.1/thumb/v7e-m+fp/hard\libgcc.a(_arm_truncdfsf2.o)
                0x08000abc                __truncdfsf2
                0x08000abc                __aeabi_d2f
 .text          0x08000b5c       0x30 c:/progra~2/gnuarm~1/102021~1.10/bin/../lib/gcc/arm-none-eabi/10.3.1/thumb/v7e-m+fp/hard\libgcc.a(_aeabi_uldivmod.o)
                0x08000b5c                __aeabi_uldivmod
 .text          0x08000b8c      0x2d0 c:/progra~2/gnuarm~1/102021~1.10/bin/../lib/gcc/arm-none-eabi/10.3.1/thumb/v7e-m+fp/hard\libgcc.a(_udivmoddi4.o)
                0x08000b8c                __udivmoddi4
 .text          0x08000e5c        0x4 c:/progra~2/gnuarm~1/102021~1.10/bin/../lib/gcc/arm-none-eabi/10.3.1/thumb/v7e-m+fp/hard\libgcc.a(_dvmd_tls.o)
                0x08000e5c                __aeabi_idiv0
                0x08000e5c                __aeabi_ldiv0
 .text          0x08000e60      0x134 c:/progra~2/gnuarm~1/102021~1.10/bin/../lib/gcc/arm-none-eabi/10.3.1/../../../../arm-none-eabi/lib/thumb/v7e-m+fp/hard\libg.a(lib_a-memcpy.o)
                0x08000e60                memcpy
 *fill*         0x08000f94        0xc 
 .text          0x08000fa0       0xa0 c:/progra~2/gnuarm~1/102021~1.10/bin/../lib/gcc/arm-none-eabi/10.3.1/../../../../arm-none-eabi/lib/thumb/v7e-m+fp/hard\libg.a(lib_a-memchr.o)
                0x08000fa0                memchr
 .text          0x08001040       0xdc c:/progra~2/gnuarm~1/102021~1.10/bin/../lib/gcc/arm-none-eabi/10.3.1/../../../../arm-none-eabi/lib/thumb/v7e-m+fp/hard\libg.a(lib_a-strlen.o)
                0x08001040                strlen
 .text          0x0800111c       0x2c c:/progra~2/gnuarm~1/102021~1.10/bin/../lib/gcc/arm-none-eabi/10.3.1/thumb/v7e-m+fp/hard\libgcc.a(_arm_unorddf2.o)
                0x0800111c                __unorddf2
                0x0800111c                __aeabi_dcmpun
 .text          0x08001148       0x40 c:/progra~2/gnuarm~1/102021~1.10/bin/../lib/gcc/arm-none-eabi/10.3.1/thumb/v7e-m+fp/hard\libgcc.a(_arm_fixunsdfsi.o)
                0x08001148                __aeabi_d2uiz
                0x08001148                __fixunsdfsi
 .text          0x08001188       0x30 c:/progra~2/gnuarm~1/102021~1.10/bin/../lib/gcc/arm-none-eabi/10.3.1/thumb/v7e-m+fp/hard\libgcc.a(_fixdfdi.o)
                0x08001188                __fixdfdi
                0x08001188                __aeabi_d2lz
 .text          0x080011b8       0x3c c:/progra~2/gnuarm~1/102021~1.10/bin/../lib/gcc/arm-none-eabi/10.3.1/thumb/v7e-m+fp/hard\libgcc.a(_fixunsdfdi.o)
                0x080011b8                __fixunsdfdi
                0x080011b8                __aeabi_d2ulz
 *(.text*)
 .text.Magnetic_on
                0x080011f4       0x14 CMakeFiles/DS_2024_E.elf.dir/Application/Kinematics_Solution_task.c.obj
                0x080011f4                Magnetic_on
 .text.Magnetic_off
                0x08001208       0x14 CMakeFiles/DS_2024_E.elf.dir/Application/Kinematics_Solution_task.c.obj
                0x08001208                Magnetic_off
 .text.Kinematics_Solution_task
                0x0800121c       0xf0 CMakeFiles/DS_2024_E.elf.dir/Application/Kinematics_Solution_task.c.obj
                0x0800121c                Kinematics_Solution_task
 .text.usart_tx_task
                0x0800130c        0xa CMakeFiles/DS_2024_E.elf.dir/Application/usart_task.c.obj
                0x0800130c                usart_tx_task
 *fill*         0x08001316        0x2 
 .text.usart_rx_task
                0x08001318       0x34 CMakeFiles/DS_2024_E.elf.dir/Application/usart_task.c.obj
                0x08001318                usart_rx_task
 .text.GM2006_Current_Set
                0x0800134c       0x64 CMakeFiles/DS_2024_E.elf.dir/BSP/DJI_driver.c.obj
                0x0800134c                GM2006_Current_Set
 .text.CAN_Init
                0x080013b0       0x2e CMakeFiles/DS_2024_E.elf.dir/BSP/my_can.c.obj
                0x080013b0                CAN_Init
 .text.CAN_Transmit_DATA
                0x080013de       0x20 CMakeFiles/DS_2024_E.elf.dir/BSP/my_can.c.obj
                0x080013de                CAN_Transmit_DATA
 .text.CAN_Filter_Mask_Config_32bit
                0x080013fe       0x60 CMakeFiles/DS_2024_E.elf.dir/BSP/my_can.c.obj
                0x080013fe                CAN_Filter_Mask_Config_32bit
 *fill*         0x0800145e        0x2 
 .text.PID_Init
                0x08001460       0x5c CMakeFiles/DS_2024_E.elf.dir/Controller/PID.c.obj
                0x08001460                PID_Init
 .text.FW_PID_Realize
                0x080014bc       0xcc CMakeFiles/DS_2024_E.elf.dir/Controller/PID.c.obj
                0x080014bc                FW_PID_Realize
 .text.transfer
                0x08001588       0x6e CMakeFiles/DS_2024_E.elf.dir/Controller/PID.c.obj
                0x08001588                transfer
 *fill*         0x080015f6        0x2 
 .text.Get_Data
                0x080015f8       0x88 CMakeFiles/DS_2024_E.elf.dir/Controller/PID_Adjust.c.obj
                0x080015f8                Get_Data
 .text.USART_PID_Adjust
                0x08001680       0xe0 CMakeFiles/DS_2024_E.elf.dir/Controller/PID_Adjust.c.obj
                0x08001680                USART_PID_Adjust
 .text.MX_CAN1_Init
                0x08001760       0x40 CMakeFiles/DS_2024_E.elf.dir/Core/Src/can.c.obj
                0x08001760                MX_CAN1_Init
 .text.MX_CAN2_Init
                0x080017a0       0x40 CMakeFiles/DS_2024_E.elf.dir/Core/Src/can.c.obj
                0x080017a0                MX_CAN2_Init
 .text.HAL_CAN_MspInit
                0x080017e0      0x188 CMakeFiles/DS_2024_E.elf.dir/Core/Src/can.c.obj
                0x080017e0                HAL_CAN_MspInit
 .text.StartDefaultTask
                0x08001968        0xa CMakeFiles/DS_2024_E.elf.dir/Core/Src/freertos.c.obj
                0x08001968                StartDefaultTask
 *fill*         0x08001972        0x2 
 .text.MX_FREERTOS_Init
                0x08001974       0xbc CMakeFiles/DS_2024_E.elf.dir/Core/Src/freertos.c.obj
                0x08001974                MX_FREERTOS_Init
 .text.MX_GPIO_Init
                0x08001a30       0x90 CMakeFiles/DS_2024_E.elf.dir/Core/Src/gpio.c.obj
                0x08001a30                MX_GPIO_Init
 .text.Error_Handler
                0x08001ac0        0x4 CMakeFiles/DS_2024_E.elf.dir/Core/Src/main.c.obj
                0x08001ac0                Error_Handler
 .text.SystemClock_Config
                0x08001ac4       0xa8 CMakeFiles/DS_2024_E.elf.dir/Core/Src/main.c.obj
                0x08001ac4                SystemClock_Config
 .text.main     0x08001b6c       0x48 CMakeFiles/DS_2024_E.elf.dir/Core/Src/main.c.obj
                0x08001b6c                main
 .text.HAL_MspInit
                0x08001bb4       0x44 CMakeFiles/DS_2024_E.elf.dir/Core/Src/stm32f4xx_hal_msp.c.obj
                0x08001bb4                HAL_MspInit
 .text.HAL_InitTick
                0x08001bf8       0xa4 CMakeFiles/DS_2024_E.elf.dir/Core/Src/stm32f4xx_hal_timebase_tim.c.obj
                0x08001bf8                HAL_InitTick
 .text.NMI_Handler
                0x08001c9c        0x2 CMakeFiles/DS_2024_E.elf.dir/Core/Src/stm32f4xx_it.c.obj
                0x08001c9c                NMI_Handler
 .text.HardFault_Handler
                0x08001c9e        0x2 CMakeFiles/DS_2024_E.elf.dir/Core/Src/stm32f4xx_it.c.obj
                0x08001c9e                HardFault_Handler
 .text.MemManage_Handler
                0x08001ca0        0x2 CMakeFiles/DS_2024_E.elf.dir/Core/Src/stm32f4xx_it.c.obj
                0x08001ca0                MemManage_Handler
 .text.BusFault_Handler
                0x08001ca2        0x2 CMakeFiles/DS_2024_E.elf.dir/Core/Src/stm32f4xx_it.c.obj
                0x08001ca2                BusFault_Handler
 .text.UsageFault_Handler
                0x08001ca4        0x2 CMakeFiles/DS_2024_E.elf.dir/Core/Src/stm32f4xx_it.c.obj
                0x08001ca4                UsageFault_Handler
 .text.DebugMon_Handler
                0x08001ca6        0x2 CMakeFiles/DS_2024_E.elf.dir/Core/Src/stm32f4xx_it.c.obj
                0x08001ca6                DebugMon_Handler
 .text.CAN1_TX_IRQHandler
                0x08001ca8       0x10 CMakeFiles/DS_2024_E.elf.dir/Core/Src/stm32f4xx_it.c.obj
                0x08001ca8                CAN1_TX_IRQHandler
 .text.CAN1_RX0_IRQHandler
                0x08001cb8       0x10 CMakeFiles/DS_2024_E.elf.dir/Core/Src/stm32f4xx_it.c.obj
                0x08001cb8                CAN1_RX0_IRQHandler
 .text.CAN1_RX1_IRQHandler
                0x08001cc8       0x10 CMakeFiles/DS_2024_E.elf.dir/Core/Src/stm32f4xx_it.c.obj
                0x08001cc8                CAN1_RX1_IRQHandler
 .text.CAN1_SCE_IRQHandler
                0x08001cd8       0x10 CMakeFiles/DS_2024_E.elf.dir/Core/Src/stm32f4xx_it.c.obj
                0x08001cd8                CAN1_SCE_IRQHandler
 .text.TIM3_IRQHandler
                0x08001ce8       0x10 CMakeFiles/DS_2024_E.elf.dir/Core/Src/stm32f4xx_it.c.obj
                0x08001ce8                TIM3_IRQHandler
 .text.TIM4_IRQHandler
                0x08001cf8       0x10 CMakeFiles/DS_2024_E.elf.dir/Core/Src/stm32f4xx_it.c.obj
                0x08001cf8                TIM4_IRQHandler
 .text.UART4_IRQHandler
                0x08001d08       0x10 CMakeFiles/DS_2024_E.elf.dir/Core/Src/stm32f4xx_it.c.obj
                0x08001d08                UART4_IRQHandler
 .text.CAN2_TX_IRQHandler
                0x08001d18       0x10 CMakeFiles/DS_2024_E.elf.dir/Core/Src/stm32f4xx_it.c.obj
                0x08001d18                CAN2_TX_IRQHandler
 .text.CAN2_RX0_IRQHandler
                0x08001d28       0x10 CMakeFiles/DS_2024_E.elf.dir/Core/Src/stm32f4xx_it.c.obj
                0x08001d28                CAN2_RX0_IRQHandler
 .text.CAN2_RX1_IRQHandler
                0x08001d38       0x10 CMakeFiles/DS_2024_E.elf.dir/Core/Src/stm32f4xx_it.c.obj
                0x08001d38                CAN2_RX1_IRQHandler
 .text.CAN2_SCE_IRQHandler
                0x08001d48       0x10 CMakeFiles/DS_2024_E.elf.dir/Core/Src/stm32f4xx_it.c.obj
                0x08001d48                CAN2_SCE_IRQHandler
 .text._getpid  0x08001d58        0x4 CMakeFiles/DS_2024_E.elf.dir/Core/Src/syscalls.c.obj
                0x08001d58                _getpid
 .text._kill    0x08001d5c       0x10 CMakeFiles/DS_2024_E.elf.dir/Core/Src/syscalls.c.obj
                0x08001d5c                _kill
 .text._exit    0x08001d6c        0xc CMakeFiles/DS_2024_E.elf.dir/Core/Src/syscalls.c.obj
                0x08001d6c                _exit
 .text._sbrk    0x08001d78       0x48 CMakeFiles/DS_2024_E.elf.dir/Core/Src/sysmem.c.obj
                0x08001d78                _sbrk
 .text.SystemInit
                0x08001dc0       0x14 CMakeFiles/DS_2024_E.elf.dir/Core/Src/system_stm32f4xx.c.obj
                0x08001dc0                SystemInit
 .text.MX_TIM3_Init
                0x08001dd4       0x70 CMakeFiles/DS_2024_E.elf.dir/Core/Src/tim.c.obj
                0x08001dd4                MX_TIM3_Init
 .text.HAL_TIM_Base_MspInit
                0x08001e44       0x40 CMakeFiles/DS_2024_E.elf.dir/Core/Src/tim.c.obj
                0x08001e44                HAL_TIM_Base_MspInit
 .text.MX_UART4_Init
                0x08001e84       0x34 CMakeFiles/DS_2024_E.elf.dir/Core/Src/usart.c.obj
                0x08001e84                MX_UART4_Init
 .text.HAL_UART_MspInit
                0x08001eb8       0x7c CMakeFiles/DS_2024_E.elf.dir/Core/Src/usart.c.obj
                0x08001eb8                HAL_UART_MspInit
 .text.Reset_Handler
                0x08001f34       0x50 CMakeFiles/DS_2024_E.elf.dir/Core/Startup/startup_stm32f405rgtx.s.obj
                0x08001f34                Reset_Handler
 .text.Default_Handler
                0x08001f84        0x2 CMakeFiles/DS_2024_E.elf.dir/Core/Startup/startup_stm32f405rgtx.s.obj
                0x08001f84                RTC_Alarm_IRQHandler
                0x08001f84                HASH_RNG_IRQHandler
                0x08001f84                EXTI2_IRQHandler
                0x08001f84                TIM8_CC_IRQHandler
                0x08001f84                TIM1_CC_IRQHandler
                0x08001f84                DMA2_Stream5_IRQHandler
                0x08001f84                DMA1_Stream5_IRQHandler
                0x08001f84                PVD_IRQHandler
                0x08001f84                SDIO_IRQHandler
                0x08001f84                TAMP_STAMP_IRQHandler
                0x08001f84                EXTI3_IRQHandler
                0x08001f84                TIM8_TRG_COM_TIM14_IRQHandler
                0x08001f84                TIM1_UP_TIM10_IRQHandler
                0x08001f84                TIM8_UP_TIM13_IRQHandler
                0x08001f84                I2C3_ER_IRQHandler
                0x08001f84                EXTI0_IRQHandler
                0x08001f84                I2C2_EV_IRQHandler
                0x08001f84                DMA1_Stream2_IRQHandler
                0x08001f84                FPU_IRQHandler
                0x08001f84                OTG_HS_WKUP_IRQHandler
                0x08001f84                DMA2_Stream2_IRQHandler
                0x08001f84                SPI1_IRQHandler
                0x08001f84                TIM6_DAC_IRQHandler
                0x08001f84                TIM1_BRK_TIM9_IRQHandler
                0x08001f84                DMA2_Stream3_IRQHandler
                0x08001f84                USART6_IRQHandler
                0x08001f84                USART3_IRQHandler
                0x08001f84                UART5_IRQHandler
                0x08001f84                DMA2_Stream0_IRQHandler
                0x08001f84                I2C1_EV_IRQHandler
                0x08001f84                DMA1_Stream6_IRQHandler
                0x08001f84                DMA1_Stream1_IRQHandler
                0x08001f84                RCC_IRQHandler
                0x08001f84                TIM8_BRK_TIM12_IRQHandler
                0x08001f84                Default_Handler
                0x08001f84                EXTI15_10_IRQHandler
                0x08001f84                ADC_IRQHandler
                0x08001f84                DMA1_Stream7_IRQHandler
                0x08001f84                TIM7_IRQHandler
                0x08001f84                TIM5_IRQHandler
                0x08001f84                DMA2_Stream7_IRQHandler
                0x08001f84                I2C3_EV_IRQHandler
                0x08001f84                EXTI9_5_IRQHandler
                0x08001f84                RTC_WKUP_IRQHandler
                0x08001f84                SPI2_IRQHandler
                0x08001f84                OTG_HS_EP1_IN_IRQHandler
                0x08001f84                DMA1_Stream0_IRQHandler
                0x08001f84                EXTI4_IRQHandler
                0x08001f84                FSMC_IRQHandler
                0x08001f84                OTG_HS_EP1_OUT_IRQHandler
                0x08001f84                WWDG_IRQHandler
                0x08001f84                TIM2_IRQHandler
                0x08001f84                OTG_FS_WKUP_IRQHandler
                0x08001f84                TIM1_TRG_COM_TIM11_IRQHandler
                0x08001f84                OTG_HS_IRQHandler
                0x08001f84                EXTI1_IRQHandler
                0x08001f84                USART2_IRQHandler
                0x08001f84                I2C2_ER_IRQHandler
                0x08001f84                DMA2_Stream1_IRQHandler
                0x08001f84                FLASH_IRQHandler
                0x08001f84                DMA2_Stream4_IRQHandler
                0x08001f84                USART1_IRQHandler
                0x08001f84                OTG_FS_IRQHandler
                0x08001f84                SPI3_IRQHandler
                0x08001f84                DMA1_Stream4_IRQHandler
                0x08001f84                I2C1_ER_IRQHandler
                0x08001f84                DMA2_Stream6_IRQHandler
                0x08001f84                DMA1_Stream3_IRQHandler
 *fill*         0x08001f86        0x2 
 .text.HAL_Init
                0x08001f88       0x34 CMakeFiles/DS_2024_E.elf.dir/Drivers/STM32F4xx_HAL_Driver/Src/stm32f4xx_hal.c.obj
                0x08001f88                HAL_Init
 .text.HAL_IncTick
                0x08001fbc       0x18 CMakeFiles/DS_2024_E.elf.dir/Drivers/STM32F4xx_HAL_Driver/Src/stm32f4xx_hal.c.obj
                0x08001fbc                HAL_IncTick
 .text.HAL_GetTick
                0x08001fd4        0xc CMakeFiles/DS_2024_E.elf.dir/Drivers/STM32F4xx_HAL_Driver/Src/stm32f4xx_hal.c.obj
                0x08001fd4                HAL_GetTick
 .text.HAL_Delay
                0x08001fe0       0x28 CMakeFiles/DS_2024_E.elf.dir/Drivers/STM32F4xx_HAL_Driver/Src/stm32f4xx_hal.c.obj
                0x08001fe0                HAL_Delay
 .text.HAL_CAN_Init
                0x08002008      0x14c CMakeFiles/DS_2024_E.elf.dir/Drivers/STM32F4xx_HAL_Driver/Src/stm32f4xx_hal_can.c.obj
                0x08002008                HAL_CAN_Init
 .text.HAL_CAN_ConfigFilter
                0x08002154      0x138 CMakeFiles/DS_2024_E.elf.dir/Drivers/STM32F4xx_HAL_Driver/Src/stm32f4xx_hal_can.c.obj
                0x08002154                HAL_CAN_ConfigFilter
 .text.HAL_CAN_Start
                0x0800228c       0x5c CMakeFiles/DS_2024_E.elf.dir/Drivers/STM32F4xx_HAL_Driver/Src/stm32f4xx_hal_can.c.obj
                0x0800228c                HAL_CAN_Start
 .text.HAL_CAN_AddTxMessage
                0x080022e8       0xea CMakeFiles/DS_2024_E.elf.dir/Drivers/STM32F4xx_HAL_Driver/Src/stm32f4xx_hal_can.c.obj
                0x080022e8                HAL_CAN_AddTxMessage
 .text.HAL_CAN_GetRxMessage
                0x080023d2      0x16a CMakeFiles/DS_2024_E.elf.dir/Drivers/STM32F4xx_HAL_Driver/Src/stm32f4xx_hal_can.c.obj
                0x080023d2                HAL_CAN_GetRxMessage
 .text.HAL_CAN_ActivateNotification
                0x0800253c       0x24 CMakeFiles/DS_2024_E.elf.dir/Drivers/STM32F4xx_HAL_Driver/Src/stm32f4xx_hal_can.c.obj
                0x0800253c                HAL_CAN_ActivateNotification
 .text.HAL_CAN_TxMailbox0CompleteCallback
                0x08002560        0x2 CMakeFiles/DS_2024_E.elf.dir/Drivers/STM32F4xx_HAL_Driver/Src/stm32f4xx_hal_can.c.obj
                0x08002560                HAL_CAN_TxMailbox0CompleteCallback
 .text.HAL_CAN_TxMailbox1CompleteCallback
                0x08002562        0x2 CMakeFiles/DS_2024_E.elf.dir/Drivers/STM32F4xx_HAL_Driver/Src/stm32f4xx_hal_can.c.obj
                0x08002562                HAL_CAN_TxMailbox1CompleteCallback
 .text.HAL_CAN_TxMailbox2CompleteCallback
                0x08002564        0x2 CMakeFiles/DS_2024_E.elf.dir/Drivers/STM32F4xx_HAL_Driver/Src/stm32f4xx_hal_can.c.obj
                0x08002564                HAL_CAN_TxMailbox2CompleteCallback
 .text.HAL_CAN_TxMailbox0AbortCallback
                0x08002566        0x2 CMakeFiles/DS_2024_E.elf.dir/Drivers/STM32F4xx_HAL_Driver/Src/stm32f4xx_hal_can.c.obj
                0x08002566                HAL_CAN_TxMailbox0AbortCallback
 .text.HAL_CAN_TxMailbox1AbortCallback
                0x08002568        0x2 CMakeFiles/DS_2024_E.elf.dir/Drivers/STM32F4xx_HAL_Driver/Src/stm32f4xx_hal_can.c.obj
                0x08002568                HAL_CAN_TxMailbox1AbortCallback
 .text.HAL_CAN_TxMailbox2AbortCallback
                0x0800256a        0x2 CMakeFiles/DS_2024_E.elf.dir/Drivers/STM32F4xx_HAL_Driver/Src/stm32f4xx_hal_can.c.obj
                0x0800256a                HAL_CAN_TxMailbox2AbortCallback
 .text.HAL_CAN_RxFifo0FullCallback
                0x0800256c        0x2 CMakeFiles/DS_2024_E.elf.dir/Drivers/STM32F4xx_HAL_Driver/Src/stm32f4xx_hal_can.c.obj
                0x0800256c                HAL_CAN_RxFifo0FullCallback
 .text.HAL_CAN_RxFifo1MsgPendingCallback
                0x0800256e        0x2 CMakeFiles/DS_2024_E.elf.dir/Drivers/STM32F4xx_HAL_Driver/Src/stm32f4xx_hal_can.c.obj
                0x0800256e                HAL_CAN_RxFifo1MsgPendingCallback
 .text.HAL_CAN_RxFifo1FullCallback
                0x08002570        0x2 CMakeFiles/DS_2024_E.elf.dir/Drivers/STM32F4xx_HAL_Driver/Src/stm32f4xx_hal_can.c.obj
                0x08002570                HAL_CAN_RxFifo1FullCallback
 .text.HAL_CAN_SleepCallback
                0x08002572        0x2 CMakeFiles/DS_2024_E.elf.dir/Drivers/STM32F4xx_HAL_Driver/Src/stm32f4xx_hal_can.c.obj
                0x08002572                HAL_CAN_SleepCallback
 .text.HAL_CAN_WakeUpFromRxMsgCallback
                0x08002574        0x2 CMakeFiles/DS_2024_E.elf.dir/Drivers/STM32F4xx_HAL_Driver/Src/stm32f4xx_hal_can.c.obj
                0x08002574                HAL_CAN_WakeUpFromRxMsgCallback
 .text.HAL_CAN_ErrorCallback
                0x08002576        0x2 CMakeFiles/DS_2024_E.elf.dir/Drivers/STM32F4xx_HAL_Driver/Src/stm32f4xx_hal_can.c.obj
                0x08002576                HAL_CAN_ErrorCallback
 .text.HAL_CAN_IRQHandler
                0x08002578      0x24a CMakeFiles/DS_2024_E.elf.dir/Drivers/STM32F4xx_HAL_Driver/Src/stm32f4xx_hal_can.c.obj
                0x08002578                HAL_CAN_IRQHandler
 *fill*         0x080027c2        0x2 
 .text.HAL_NVIC_SetPriorityGrouping
                0x080027c4       0x24 CMakeFiles/DS_2024_E.elf.dir/Drivers/STM32F4xx_HAL_Driver/Src/stm32f4xx_hal_cortex.c.obj
                0x080027c4                HAL_NVIC_SetPriorityGrouping
 .text.HAL_NVIC_SetPriority
                0x080027e8       0x70 CMakeFiles/DS_2024_E.elf.dir/Drivers/STM32F4xx_HAL_Driver/Src/stm32f4xx_hal_cortex.c.obj
                0x080027e8                HAL_NVIC_SetPriority
 .text.HAL_NVIC_EnableIRQ
                0x08002858       0x1c CMakeFiles/DS_2024_E.elf.dir/Drivers/STM32F4xx_HAL_Driver/Src/stm32f4xx_hal_cortex.c.obj
                0x08002858                HAL_NVIC_EnableIRQ
 .text.HAL_DMA_Abort
                0x08002874       0x94 CMakeFiles/DS_2024_E.elf.dir/Drivers/STM32F4xx_HAL_Driver/Src/stm32f4xx_hal_dma.c.obj
                0x08002874                HAL_DMA_Abort
 .text.HAL_DMA_Abort_IT
                0x08002908       0x26 CMakeFiles/DS_2024_E.elf.dir/Drivers/STM32F4xx_HAL_Driver/Src/stm32f4xx_hal_dma.c.obj
                0x08002908                HAL_DMA_Abort_IT
 *fill*         0x0800292e        0x2 
 .text.HAL_GPIO_Init
                0x08002930      0x1e4 CMakeFiles/DS_2024_E.elf.dir/Drivers/STM32F4xx_HAL_Driver/Src/stm32f4xx_hal_gpio.c.obj
                0x08002930                HAL_GPIO_Init
 .text.HAL_GPIO_WritePin
                0x08002b14        0xc CMakeFiles/DS_2024_E.elf.dir/Drivers/STM32F4xx_HAL_Driver/Src/stm32f4xx_hal_gpio.c.obj
                0x08002b14                HAL_GPIO_WritePin
 .text.HAL_GPIO_TogglePin
                0x08002b20       0x12 CMakeFiles/DS_2024_E.elf.dir/Drivers/STM32F4xx_HAL_Driver/Src/stm32f4xx_hal_gpio.c.obj
                0x08002b20                HAL_GPIO_TogglePin
 *fill*         0x08002b32        0x2 
 .text.HAL_RCC_OscConfig
                0x08002b34      0x3f8 CMakeFiles/DS_2024_E.elf.dir/Drivers/STM32F4xx_HAL_Driver/Src/stm32f4xx_hal_rcc.c.obj
                0x08002b34                HAL_RCC_OscConfig
 .text.HAL_RCC_GetSysClockFreq
                0x08002f2c       0xd4 CMakeFiles/DS_2024_E.elf.dir/Drivers/STM32F4xx_HAL_Driver/Src/stm32f4xx_hal_rcc.c.obj
                0x08002f2c                HAL_RCC_GetSysClockFreq
 .text.HAL_RCC_ClockConfig
                0x08003000      0x160 CMakeFiles/DS_2024_E.elf.dir/Drivers/STM32F4xx_HAL_Driver/Src/stm32f4xx_hal_rcc.c.obj
                0x08003000                HAL_RCC_ClockConfig
 .text.HAL_RCC_GetHCLKFreq
                0x08003160        0xc CMakeFiles/DS_2024_E.elf.dir/Drivers/STM32F4xx_HAL_Driver/Src/stm32f4xx_hal_rcc.c.obj
                0x08003160                HAL_RCC_GetHCLKFreq
 .text.HAL_RCC_GetPCLK1Freq
                0x0800316c       0x20 CMakeFiles/DS_2024_E.elf.dir/Drivers/STM32F4xx_HAL_Driver/Src/stm32f4xx_hal_rcc.c.obj
                0x0800316c                HAL_RCC_GetPCLK1Freq
 .text.HAL_RCC_GetPCLK2Freq
                0x0800318c       0x20 CMakeFiles/DS_2024_E.elf.dir/Drivers/STM32F4xx_HAL_Driver/Src/stm32f4xx_hal_rcc.c.obj
                0x0800318c                HAL_RCC_GetPCLK2Freq
 .text.HAL_RCC_GetClockConfig
                0x080031ac       0x3c CMakeFiles/DS_2024_E.elf.dir/Drivers/STM32F4xx_HAL_Driver/Src/stm32f4xx_hal_rcc.c.obj
                0x080031ac                HAL_RCC_GetClockConfig
 .text.TIM_TI1_ConfigInputStage
                0x080031e8       0x26 CMakeFiles/DS_2024_E.elf.dir/Drivers/STM32F4xx_HAL_Driver/Src/stm32f4xx_hal_tim.c.obj
 .text.TIM_TI2_ConfigInputStage
                0x0800320e       0x28 CMakeFiles/DS_2024_E.elf.dir/Drivers/STM32F4xx_HAL_Driver/Src/stm32f4xx_hal_tim.c.obj
 .text.TIM_ITRx_SetConfig
                0x08003236       0x10 CMakeFiles/DS_2024_E.elf.dir/Drivers/STM32F4xx_HAL_Driver/Src/stm32f4xx_hal_tim.c.obj
 *fill*         0x08003246        0x2 
 .text.HAL_TIM_Base_Start_IT
                0x08003248       0x88 CMakeFiles/DS_2024_E.elf.dir/Drivers/STM32F4xx_HAL_Driver/Src/stm32f4xx_hal_tim.c.obj
                0x08003248                HAL_TIM_Base_Start_IT
 .text.HAL_TIM_OC_DelayElapsedCallback
                0x080032d0        0x2 CMakeFiles/DS_2024_E.elf.dir/Drivers/STM32F4xx_HAL_Driver/Src/stm32f4xx_hal_tim.c.obj
                0x080032d0                HAL_TIM_OC_DelayElapsedCallback
 .text.HAL_TIM_IC_CaptureCallback
                0x080032d2        0x2 CMakeFiles/DS_2024_E.elf.dir/Drivers/STM32F4xx_HAL_Driver/Src/stm32f4xx_hal_tim.c.obj
                0x080032d2                HAL_TIM_IC_CaptureCallback
 .text.HAL_TIM_PWM_PulseFinishedCallback
                0x080032d4        0x2 CMakeFiles/DS_2024_E.elf.dir/Drivers/STM32F4xx_HAL_Driver/Src/stm32f4xx_hal_tim.c.obj
                0x080032d4                HAL_TIM_PWM_PulseFinishedCallback
 .text.HAL_TIM_TriggerCallback
                0x080032d6        0x2 CMakeFiles/DS_2024_E.elf.dir/Drivers/STM32F4xx_HAL_Driver/Src/stm32f4xx_hal_tim.c.obj
                0x080032d6                HAL_TIM_TriggerCallback
 .text.HAL_TIM_IRQHandler
                0x080032d8      0x15e CMakeFiles/DS_2024_E.elf.dir/Drivers/STM32F4xx_HAL_Driver/Src/stm32f4xx_hal_tim.c.obj
                0x080032d8                HAL_TIM_IRQHandler
 *fill*         0x08003436        0x2 
 .text.TIM_Base_SetConfig
                0x08003438       0xd8 CMakeFiles/DS_2024_E.elf.dir/Drivers/STM32F4xx_HAL_Driver/Src/stm32f4xx_hal_tim.c.obj
                0x08003438                TIM_Base_SetConfig
 .text.HAL_TIM_Base_Init
                0x08003510       0x58 CMakeFiles/DS_2024_E.elf.dir/Drivers/STM32F4xx_HAL_Driver/Src/stm32f4xx_hal_tim.c.obj
                0x08003510                HAL_TIM_Base_Init
 .text.TIM_ETR_SetConfig
                0x08003568       0x1a CMakeFiles/DS_2024_E.elf.dir/Drivers/STM32F4xx_HAL_Driver/Src/stm32f4xx_hal_tim.c.obj
                0x08003568                TIM_ETR_SetConfig
 .text.HAL_TIM_ConfigClockSource
                0x08003582       0xfe CMakeFiles/DS_2024_E.elf.dir/Drivers/STM32F4xx_HAL_Driver/Src/stm32f4xx_hal_tim.c.obj
                0x08003582                HAL_TIM_ConfigClockSource
 .text.HAL_TIMEx_MasterConfigSynchronization
                0x08003680       0x8c CMakeFiles/DS_2024_E.elf.dir/Drivers/STM32F4xx_HAL_Driver/Src/stm32f4xx_hal_tim_ex.c.obj
                0x08003680                HAL_TIMEx_MasterConfigSynchronization
 .text.HAL_TIMEx_CommutCallback
                0x0800370c        0x2 CMakeFiles/DS_2024_E.elf.dir/Drivers/STM32F4xx_HAL_Driver/Src/stm32f4xx_hal_tim_ex.c.obj
                0x0800370c                HAL_TIMEx_CommutCallback
 .text.HAL_TIMEx_BreakCallback
                0x0800370e        0x2 CMakeFiles/DS_2024_E.elf.dir/Drivers/STM32F4xx_HAL_Driver/Src/stm32f4xx_hal_tim_ex.c.obj
                0x0800370e                HAL_TIMEx_BreakCallback
 .text.UART_EndRxTransfer
                0x08003710       0x5c CMakeFiles/DS_2024_E.elf.dir/Drivers/STM32F4xx_HAL_Driver/Src/stm32f4xx_hal_uart.c.obj
 .text.UART_Transmit_IT
                0x0800376c       0x60 CMakeFiles/DS_2024_E.elf.dir/Drivers/STM32F4xx_HAL_Driver/Src/stm32f4xx_hal_uart.c.obj
 .text.UART_SetConfig
                0x080037cc      0x110 CMakeFiles/DS_2024_E.elf.dir/Drivers/STM32F4xx_HAL_Driver/Src/stm32f4xx_hal_uart.c.obj
 .text.UART_WaitOnFlagUntilTimeout
                0x080038dc       0x8a CMakeFiles/DS_2024_E.elf.dir/Drivers/STM32F4xx_HAL_Driver/Src/stm32f4xx_hal_uart.c.obj
 .text.HAL_UART_Init
                0x08003966       0x60 CMakeFiles/DS_2024_E.elf.dir/Drivers/STM32F4xx_HAL_Driver/Src/stm32f4xx_hal_uart.c.obj
                0x08003966                HAL_UART_Init
 .text.HAL_UART_Transmit
                0x080039c6       0xcc CMakeFiles/DS_2024_E.elf.dir/Drivers/STM32F4xx_HAL_Driver/Src/stm32f4xx_hal_uart.c.obj
                0x080039c6                HAL_UART_Transmit
 .text.HAL_UART_Receive
                0x08003a92       0xd2 CMakeFiles/DS_2024_E.elf.dir/Drivers/STM32F4xx_HAL_Driver/Src/stm32f4xx_hal_uart.c.obj
                0x08003a92                HAL_UART_Receive
 .text.HAL_UART_TxCpltCallback
                0x08003b64        0x2 CMakeFiles/DS_2024_E.elf.dir/Drivers/STM32F4xx_HAL_Driver/Src/stm32f4xx_hal_uart.c.obj
                0x08003b64                HAL_UART_TxCpltCallback
 .text.UART_EndTransmit_IT
                0x08003b66       0x1a CMakeFiles/DS_2024_E.elf.dir/Drivers/STM32F4xx_HAL_Driver/Src/stm32f4xx_hal_uart.c.obj
 .text.HAL_UART_ErrorCallback
                0x08003b80        0x2 CMakeFiles/DS_2024_E.elf.dir/Drivers/STM32F4xx_HAL_Driver/Src/stm32f4xx_hal_uart.c.obj
                0x08003b80                HAL_UART_ErrorCallback
 .text.UART_DMAAbortOnError
                0x08003b82       0x10 CMakeFiles/DS_2024_E.elf.dir/Drivers/STM32F4xx_HAL_Driver/Src/stm32f4xx_hal_uart.c.obj
 .text.HAL_UARTEx_RxEventCallback
                0x08003b92        0x2 CMakeFiles/DS_2024_E.elf.dir/Drivers/STM32F4xx_HAL_Driver/Src/stm32f4xx_hal_uart.c.obj
                0x08003b92                HAL_UARTEx_RxEventCallback
 .text.UART_Receive_IT
                0x08003b94       0xe6 CMakeFiles/DS_2024_E.elf.dir/Drivers/STM32F4xx_HAL_Driver/Src/stm32f4xx_hal_uart.c.obj
 *fill*         0x08003c7a        0x2 
 .text.HAL_UART_IRQHandler
                0x08003c7c      0x288 CMakeFiles/DS_2024_E.elf.dir/Drivers/STM32F4xx_HAL_Driver/Src/stm32f4xx_hal_uart.c.obj
                0x08003c7c                HAL_UART_IRQHandler
 .text.UART_Start_Receive_IT
                0x08003f04       0x36 CMakeFiles/DS_2024_E.elf.dir/Drivers/STM32F4xx_HAL_Driver/Src/stm32f4xx_hal_uart.c.obj
                0x08003f04                UART_Start_Receive_IT
 .text.HAL_UART_Receive_IT
                0x08003f3a       0x26 CMakeFiles/DS_2024_E.elf.dir/Drivers/STM32F4xx_HAL_Driver/Src/stm32f4xx_hal_uart.c.obj
                0x08003f3a                HAL_UART_Receive_IT
 .text.SysTick_Handler
                0x08003f60       0x18 CMakeFiles/DS_2024_E.elf.dir/Middlewares/Third_Party/FreeRTOS/Source/CMSIS_RTOS_V2/cmsis_os2.c.obj
                0x08003f60                SysTick_Handler
 .text.osKernelInitialize
                0x08003f78       0x24 CMakeFiles/DS_2024_E.elf.dir/Middlewares/Third_Party/FreeRTOS/Source/CMSIS_RTOS_V2/cmsis_os2.c.obj
                0x08003f78                osKernelInitialize
 .text.osKernelStart
                0x08003f9c       0x38 CMakeFiles/DS_2024_E.elf.dir/Middlewares/Third_Party/FreeRTOS/Source/CMSIS_RTOS_V2/cmsis_os2.c.obj
                0x08003f9c                osKernelStart
 .text.osThreadNew
                0x08003fd4       0xbe CMakeFiles/DS_2024_E.elf.dir/Middlewares/Third_Party/FreeRTOS/Source/CMSIS_RTOS_V2/cmsis_os2.c.obj
                0x08003fd4                osThreadNew
 .text.osDelay  0x08004092       0x1c CMakeFiles/DS_2024_E.elf.dir/Middlewares/Third_Party/FreeRTOS/Source/CMSIS_RTOS_V2/cmsis_os2.c.obj
                0x08004092                osDelay
 *fill*         0x080040ae        0x2 
 .text.vApplicationGetIdleTaskMemory
                0x080040b0       0x18 CMakeFiles/DS_2024_E.elf.dir/Middlewares/Third_Party/FreeRTOS/Source/CMSIS_RTOS_V2/cmsis_os2.c.obj
                0x080040b0                vApplicationGetIdleTaskMemory
 .text.vApplicationGetTimerTaskMemory
                0x080040c8       0x18 CMakeFiles/DS_2024_E.elf.dir/Middlewares/Third_Party/FreeRTOS/Source/CMSIS_RTOS_V2/cmsis_os2.c.obj
                0x080040c8                vApplicationGetTimerTaskMemory
 .text.vListInitialise
                0x080040e0       0x16 CMakeFiles/DS_2024_E.elf.dir/Middlewares/Third_Party/FreeRTOS/Source/list.c.obj
                0x080040e0                vListInitialise
 .text.vListInitialiseItem
                0x080040f6        0x6 CMakeFiles/DS_2024_E.elf.dir/Middlewares/Third_Party/FreeRTOS/Source/list.c.obj
                0x080040f6                vListInitialiseItem
 .text.vListInsertEnd
                0x080040fc       0x16 CMakeFiles/DS_2024_E.elf.dir/Middlewares/Third_Party/FreeRTOS/Source/list.c.obj
                0x080040fc                vListInsertEnd
 .text.vListInsert
                0x08004112       0x32 CMakeFiles/DS_2024_E.elf.dir/Middlewares/Third_Party/FreeRTOS/Source/list.c.obj
                0x08004112                vListInsert
 .text.uxListRemove
                0x08004144       0x26 CMakeFiles/DS_2024_E.elf.dir/Middlewares/Third_Party/FreeRTOS/Source/list.c.obj
                0x08004144                uxListRemove
 *fill*         0x0800416a        0x2 
 .text.prvTaskExitError
                0x0800416c       0x40 CMakeFiles/DS_2024_E.elf.dir/Middlewares/Third_Party/FreeRTOS/Source/portable/GCC/ARM_CM4F/port.c.obj
 .text.prvPortStartFirstTask
                0x080041ac       0x28 CMakeFiles/DS_2024_E.elf.dir/Middlewares/Third_Party/FreeRTOS/Source/portable/GCC/ARM_CM4F/port.c.obj
 .text.vPortEnableVFP
                0x080041d4       0x14 CMakeFiles/DS_2024_E.elf.dir/Middlewares/Third_Party/FreeRTOS/Source/portable/GCC/ARM_CM4F/port.c.obj
 .text.pxPortInitialiseStack
                0x080041e8       0x2c CMakeFiles/DS_2024_E.elf.dir/Middlewares/Third_Party/FreeRTOS/Source/portable/GCC/ARM_CM4F/port.c.obj
                0x080041e8                pxPortInitialiseStack
 *fill*         0x08004214        0xc 
 .text.SVC_Handler
                0x08004220       0x24 CMakeFiles/DS_2024_E.elf.dir/Middlewares/Third_Party/FreeRTOS/Source/portable/GCC/ARM_CM4F/port.c.obj
                0x08004220                SVC_Handler
 .text.vPortEnterCritical
                0x08004244       0x44 CMakeFiles/DS_2024_E.elf.dir/Middlewares/Third_Party/FreeRTOS/Source/portable/GCC/ARM_CM4F/port.c.obj
                0x08004244                vPortEnterCritical
 .text.vPortExitCritical
                0x08004288       0x2c CMakeFiles/DS_2024_E.elf.dir/Middlewares/Third_Party/FreeRTOS/Source/portable/GCC/ARM_CM4F/port.c.obj
                0x08004288                vPortExitCritical
 *fill*         0x080042b4        0xc 
 .text.PendSV_Handler
                0x080042c0       0x64 CMakeFiles/DS_2024_E.elf.dir/Middlewares/Third_Party/FreeRTOS/Source/portable/GCC/ARM_CM4F/port.c.obj
                0x080042c0                PendSV_Handler
 .text.xPortSysTickHandler
                0x08004324       0x2c CMakeFiles/DS_2024_E.elf.dir/Middlewares/Third_Party/FreeRTOS/Source/portable/GCC/ARM_CM4F/port.c.obj
                0x08004324                xPortSysTickHandler
 .text.vPortSetupTimerInterrupt
                0x08004350       0x28 CMakeFiles/DS_2024_E.elf.dir/Middlewares/Third_Party/FreeRTOS/Source/portable/GCC/ARM_CM4F/port.c.obj
                0x08004350                vPortSetupTimerInterrupt
 .text.xPortStartScheduler
                0x08004378      0x118 CMakeFiles/DS_2024_E.elf.dir/Middlewares/Third_Party/FreeRTOS/Source/portable/GCC/ARM_CM4F/port.c.obj
                0x08004378                xPortStartScheduler
 .text.vPortValidateInterruptPriority
                0x08004490       0x5c CMakeFiles/DS_2024_E.elf.dir/Middlewares/Third_Party/FreeRTOS/Source/portable/GCC/ARM_CM4F/port.c.obj
                0x08004490                vPortValidateInterruptPriority
 .text.prvHeapInit
                0x080044ec       0x64 CMakeFiles/DS_2024_E.elf.dir/Middlewares/Third_Party/FreeRTOS/Source/portable/MemMang/heap_4.c.obj
 .text.prvInsertBlockIntoFreeList
                0x08004550       0x64 CMakeFiles/DS_2024_E.elf.dir/Middlewares/Third_Party/FreeRTOS/Source/portable/MemMang/heap_4.c.obj
 .text.pvPortMalloc
                0x080045b4       0xfc CMakeFiles/DS_2024_E.elf.dir/Middlewares/Third_Party/FreeRTOS/Source/portable/MemMang/heap_4.c.obj
                0x080045b4                pvPortMalloc
 .text.vPortFree
                0x080046b0       0x7c CMakeFiles/DS_2024_E.elf.dir/Middlewares/Third_Party/FreeRTOS/Source/portable/MemMang/heap_4.c.obj
                0x080046b0                vPortFree
 .text.prvGetDisinheritPriorityAfterTimeout
                0x0800472c       0x10 CMakeFiles/DS_2024_E.elf.dir/Middlewares/Third_Party/FreeRTOS/Source/queue.c.obj
 .text.prvIsQueueFull
                0x0800473c       0x1e CMakeFiles/DS_2024_E.elf.dir/Middlewares/Third_Party/FreeRTOS/Source/queue.c.obj
 .text.prvIsQueueEmpty
                0x0800475a       0x1a CMakeFiles/DS_2024_E.elf.dir/Middlewares/Third_Party/FreeRTOS/Source/queue.c.obj
 .text.prvCopyDataToQueue
                0x08004774       0x76 CMakeFiles/DS_2024_E.elf.dir/Middlewares/Third_Party/FreeRTOS/Source/queue.c.obj
 .text.prvCopyDataFromQueue
                0x080047ea       0x24 CMakeFiles/DS_2024_E.elf.dir/Middlewares/Third_Party/FreeRTOS/Source/queue.c.obj
 .text.prvUnlockQueue
                0x0800480e       0x6e CMakeFiles/DS_2024_E.elf.dir/Middlewares/Third_Party/FreeRTOS/Source/queue.c.obj
 .text.xQueueGenericReset
                0x0800487c       0x84 CMakeFiles/DS_2024_E.elf.dir/Middlewares/Third_Party/FreeRTOS/Source/queue.c.obj
                0x0800487c                xQueueGenericReset
 .text.prvInitialiseNewQueue
                0x08004900       0x22 CMakeFiles/DS_2024_E.elf.dir/Middlewares/Third_Party/FreeRTOS/Source/queue.c.obj
 .text.xQueueGenericCreateStatic
                0x08004922       0x94 CMakeFiles/DS_2024_E.elf.dir/Middlewares/Third_Party/FreeRTOS/Source/queue.c.obj
                0x08004922                xQueueGenericCreateStatic
 .text.xQueueGenericCreate
                0x080049b6       0x48 CMakeFiles/DS_2024_E.elf.dir/Middlewares/Third_Party/FreeRTOS/Source/queue.c.obj
                0x080049b6                xQueueGenericCreate
 .text.xQueueGenericSend
                0x080049fe      0x188 CMakeFiles/DS_2024_E.elf.dir/Middlewares/Third_Party/FreeRTOS/Source/queue.c.obj
                0x080049fe                xQueueGenericSend
 .text.xQueueGenericSendFromISR
                0x08004b86       0xce CMakeFiles/DS_2024_E.elf.dir/Middlewares/Third_Party/FreeRTOS/Source/queue.c.obj
                0x08004b86                xQueueGenericSendFromISR
 .text.xQueueGiveFromISR
                0x08004c54       0xb2 CMakeFiles/DS_2024_E.elf.dir/Middlewares/Third_Party/FreeRTOS/Source/queue.c.obj
                0x08004c54                xQueueGiveFromISR
 .text.xQueueReceive
                0x08004d06      0x15e CMakeFiles/DS_2024_E.elf.dir/Middlewares/Third_Party/FreeRTOS/Source/queue.c.obj
                0x08004d06                xQueueReceive
 .text.xQueueSemaphoreTake
                0x08004e64      0x1a6 CMakeFiles/DS_2024_E.elf.dir/Middlewares/Third_Party/FreeRTOS/Source/queue.c.obj
                0x08004e64                xQueueSemaphoreTake
 *fill*         0x0800500a        0x2 
 .text.vQueueAddToRegistry
                0x0800500c       0x28 CMakeFiles/DS_2024_E.elf.dir/Middlewares/Third_Party/FreeRTOS/Source/queue.c.obj
                0x0800500c                vQueueAddToRegistry
 .text.vQueueWaitForMessageRestricted
                0x08005034       0x52 CMakeFiles/DS_2024_E.elf.dir/Middlewares/Third_Party/FreeRTOS/Source/queue.c.obj
                0x08005034                vQueueWaitForMessageRestricted
 *fill*         0x08005086        0x2 
 .text.prvResetNextTaskUnblockTime
                0x08005088       0x2c CMakeFiles/DS_2024_E.elf.dir/Middlewares/Third_Party/FreeRTOS/Source/tasks.c.obj
 .text.prvInitialiseNewTask
                0x080050b4      0x106 CMakeFiles/DS_2024_E.elf.dir/Middlewares/Third_Party/FreeRTOS/Source/tasks.c.obj
 *fill*         0x080051ba        0x2 
 .text.prvInitialiseTaskLists
                0x080051bc       0x68 CMakeFiles/DS_2024_E.elf.dir/Middlewares/Third_Party/FreeRTOS/Source/tasks.c.obj
 .text.prvAddNewTaskToReadyList
                0x08005224       0xac CMakeFiles/DS_2024_E.elf.dir/Middlewares/Third_Party/FreeRTOS/Source/tasks.c.obj
 .text.prvDeleteTCB
                0x080052d0       0x40 CMakeFiles/DS_2024_E.elf.dir/Middlewares/Third_Party/FreeRTOS/Source/tasks.c.obj
 .text.prvCheckTasksWaitingTermination
                0x08005310       0x4c CMakeFiles/DS_2024_E.elf.dir/Middlewares/Third_Party/FreeRTOS/Source/tasks.c.obj
 .text.prvIdleTask
                0x0800535c       0x28 CMakeFiles/DS_2024_E.elf.dir/Middlewares/Third_Party/FreeRTOS/Source/tasks.c.obj
 .text.prvAddCurrentTaskToDelayedList
                0x08005384       0x7c CMakeFiles/DS_2024_E.elf.dir/Middlewares/Third_Party/FreeRTOS/Source/tasks.c.obj
 .text.xTaskCreateStatic
                0x08005400       0x7a CMakeFiles/DS_2024_E.elf.dir/Middlewares/Third_Party/FreeRTOS/Source/tasks.c.obj
                0x08005400                xTaskCreateStatic
 .text.xTaskCreate
                0x0800547a       0x6a CMakeFiles/DS_2024_E.elf.dir/Middlewares/Third_Party/FreeRTOS/Source/tasks.c.obj
                0x0800547a                xTaskCreate
 .text.vTaskStartScheduler
                0x080054e4       0xac CMakeFiles/DS_2024_E.elf.dir/Middlewares/Third_Party/FreeRTOS/Source/tasks.c.obj
                0x080054e4                vTaskStartScheduler
 .text.vTaskSuspendAll
                0x08005590       0x10 CMakeFiles/DS_2024_E.elf.dir/Middlewares/Third_Party/FreeRTOS/Source/tasks.c.obj
                0x08005590                vTaskSuspendAll
 .text.xTaskGetTickCount
                0x080055a0        0xc CMakeFiles/DS_2024_E.elf.dir/Middlewares/Third_Party/FreeRTOS/Source/tasks.c.obj
                0x080055a0                xTaskGetTickCount
 .text.xTaskIncrementTick
                0x080055ac      0x118 CMakeFiles/DS_2024_E.elf.dir/Middlewares/Third_Party/FreeRTOS/Source/tasks.c.obj
                0x080055ac                xTaskIncrementTick
 .text.xTaskResumeAll
                0x080056c4       0xf8 CMakeFiles/DS_2024_E.elf.dir/Middlewares/Third_Party/FreeRTOS/Source/tasks.c.obj
                0x080056c4                xTaskResumeAll
 .text.vTaskDelay
                0x080057bc       0x4c CMakeFiles/DS_2024_E.elf.dir/Middlewares/Third_Party/FreeRTOS/Source/tasks.c.obj
                0x080057bc                vTaskDelay
 .text.vTaskSwitchContext
                0x08005808       0xa0 CMakeFiles/DS_2024_E.elf.dir/Middlewares/Third_Party/FreeRTOS/Source/tasks.c.obj
                0x08005808                vTaskSwitchContext
 .text.vTaskPlaceOnEventList
                0x080058a8       0x30 CMakeFiles/DS_2024_E.elf.dir/Middlewares/Third_Party/FreeRTOS/Source/tasks.c.obj
                0x080058a8                vTaskPlaceOnEventList
 .text.vTaskPlaceOnEventListRestricted
                0x080058d8       0x38 CMakeFiles/DS_2024_E.elf.dir/Middlewares/Third_Party/FreeRTOS/Source/tasks.c.obj
                0x080058d8                vTaskPlaceOnEventListRestricted
 .text.xTaskRemoveFromEventList
                0x08005910       0x8c CMakeFiles/DS_2024_E.elf.dir/Middlewares/Third_Party/FreeRTOS/Source/tasks.c.obj
                0x08005910                xTaskRemoveFromEventList
 .text.vTaskInternalSetTimeOutState
                0x0800599c       0x18 CMakeFiles/DS_2024_E.elf.dir/Middlewares/Third_Party/FreeRTOS/Source/tasks.c.obj
                0x0800599c                vTaskInternalSetTimeOutState
 .text.xTaskCheckForTimeOut
                0x080059b4       0x84 CMakeFiles/DS_2024_E.elf.dir/Middlewares/Third_Party/FreeRTOS/Source/tasks.c.obj
                0x080059b4                xTaskCheckForTimeOut
 .text.vTaskMissedYield
                0x08005a38        0xc CMakeFiles/DS_2024_E.elf.dir/Middlewares/Third_Party/FreeRTOS/Source/tasks.c.obj
                0x08005a38                vTaskMissedYield
 .text.xTaskGetSchedulerState
                0x08005a44       0x20 CMakeFiles/DS_2024_E.elf.dir/Middlewares/Third_Party/FreeRTOS/Source/tasks.c.obj
                0x08005a44                xTaskGetSchedulerState
 .text.xTaskPriorityInherit
                0x08005a64       0x98 CMakeFiles/DS_2024_E.elf.dir/Middlewares/Third_Party/FreeRTOS/Source/tasks.c.obj
                0x08005a64                xTaskPriorityInherit
 .text.xTaskPriorityDisinherit
                0x08005afc       0x90 CMakeFiles/DS_2024_E.elf.dir/Middlewares/Third_Party/FreeRTOS/Source/tasks.c.obj
                0x08005afc                xTaskPriorityDisinherit
 .text.vTaskPriorityDisinheritAfterTimeout
                0x08005b8c       0xa0 CMakeFiles/DS_2024_E.elf.dir/Middlewares/Third_Party/FreeRTOS/Source/tasks.c.obj
                0x08005b8c                vTaskPriorityDisinheritAfterTimeout
 .text.pvTaskIncrementMutexHeldCount
                0x08005c2c       0x1c CMakeFiles/DS_2024_E.elf.dir/Middlewares/Third_Party/FreeRTOS/Source/tasks.c.obj
                0x08005c2c                pvTaskIncrementMutexHeldCount
 .text.prvGetNextExpireTime
                0x08005c48       0x20 CMakeFiles/DS_2024_E.elf.dir/Middlewares/Third_Party/FreeRTOS/Source/timers.c.obj
 .text.prvInsertTimerInActiveList
                0x08005c68       0x48 CMakeFiles/DS_2024_E.elf.dir/Middlewares/Third_Party/FreeRTOS/Source/timers.c.obj
 .text.prvCheckForValidListAndQueue
                0x08005cb0       0x70 CMakeFiles/DS_2024_E.elf.dir/Middlewares/Third_Party/FreeRTOS/Source/timers.c.obj
 .text.xTimerCreateTimerTask
                0x08005d20       0x64 CMakeFiles/DS_2024_E.elf.dir/Middlewares/Third_Party/FreeRTOS/Source/timers.c.obj
                0x08005d20                xTimerCreateTimerTask
 .text.xTimerGenericCommand
                0x08005d84       0x6c CMakeFiles/DS_2024_E.elf.dir/Middlewares/Third_Party/FreeRTOS/Source/timers.c.obj
                0x08005d84                xTimerGenericCommand
 .text.prvSwitchTimerLists
                0x08005df0       0x7c CMakeFiles/DS_2024_E.elf.dir/Middlewares/Third_Party/FreeRTOS/Source/timers.c.obj
 .text.prvSampleTimeNow
                0x08005e6c       0x2c CMakeFiles/DS_2024_E.elf.dir/Middlewares/Third_Party/FreeRTOS/Source/timers.c.obj
 .text.prvProcessExpiredTimer
                0x08005e98       0x6c CMakeFiles/DS_2024_E.elf.dir/Middlewares/Third_Party/FreeRTOS/Source/timers.c.obj
 .text.prvProcessTimerOrBlockTask
                0x08005f04       0x74 CMakeFiles/DS_2024_E.elf.dir/Middlewares/Third_Party/FreeRTOS/Source/timers.c.obj
 .text.prvProcessReceivedCommands
                0x08005f78      0x10c CMakeFiles/DS_2024_E.elf.dir/Middlewares/Third_Party/FreeRTOS/Source/timers.c.obj
 .text.prvTimerTask
                0x08006084       0x16 CMakeFiles/DS_2024_E.elf.dir/Middlewares/Third_Party/FreeRTOS/Source/timers.c.obj
 *fill*         0x0800609a        0x6 
 .text.HAL_CAN_RxFifo0MsgPendingCallback
                0x080060a0      0x1b4 CMakeFiles/DS_2024_E.elf.dir/User/IRQ.c.obj
                0x080060a0                HAL_CAN_RxFifo0MsgPendingCallback
 .text.HAL_UART_RxCpltCallback
                0x08006254       0x90 CMakeFiles/DS_2024_E.elf.dir/User/IRQ.c.obj
                0x08006254                HAL_UART_RxCpltCallback
 *fill*         0x080062e4        0x4 
 .text.HAL_TIM_PeriodElapsedCallback
                0x080062e8      0x41c CMakeFiles/DS_2024_E.elf.dir/User/IRQ.c.obj
                0x080062e8                HAL_TIM_PeriodElapsedCallback
 .text.my_Init  0x08006704       0x6c CMakeFiles/DS_2024_E.elf.dir/User/Init.c.obj
                0x08006704                my_Init
 .text.RetargetInit
                0x08006770       0x20 CMakeFiles/DS_2024_E.elf.dir/User/retarget.c.obj
                0x08006770                RetargetInit
 .text._isatty  0x08006790       0x16 CMakeFiles/DS_2024_E.elf.dir/User/retarget.c.obj
                0x08006790                _isatty
 *fill*         0x080067a6        0x2 
 .text._write   0x080067a8       0x34 CMakeFiles/DS_2024_E.elf.dir/User/retarget.c.obj
                0x080067a8                _write
 .text._close   0x080067dc       0x18 CMakeFiles/DS_2024_E.elf.dir/User/retarget.c.obj
                0x080067dc                _close
 .text._lseek   0x080067f4       0x10 CMakeFiles/DS_2024_E.elf.dir/User/retarget.c.obj
                0x080067f4                _lseek
 .text._read    0x08006804       0x30 CMakeFiles/DS_2024_E.elf.dir/User/retarget.c.obj
                0x08006804                _read
 .text._fstat   0x08006834       0x1a CMakeFiles/DS_2024_E.elf.dir/User/retarget.c.obj
                0x08006834                _fstat
 *fill*         0x0800684e        0x2 
 .text.__errno  0x08006850        0xc c:/progra~2/gnuarm~1/102021~1.10/bin/../lib/gcc/arm-none-eabi/10.3.1/../../../../arm-none-eabi/lib/thumb/v7e-m+fp/hard\libg.a(lib_a-errno.o)
                0x08006850                __errno
 .text.__libc_init_array
                0x0800685c       0x48 c:/progra~2/gnuarm~1/102021~1.10/bin/../lib/gcc/arm-none-eabi/10.3.1/../../../../arm-none-eabi/lib/thumb/v7e-m+fp/hard\libg.a(lib_a-init.o)
                0x0800685c                __libc_init_array
 .text.memset   0x080068a4       0xa4 c:/progra~2/gnuarm~1/102021~1.10/bin/../lib/gcc/arm-none-eabi/10.3.1/../../../../arm-none-eabi/lib/thumb/v7e-m+fp/hard\libg.a(lib_a-memset.o)
                0x080068a4                memset
 .text.printf   0x08006948       0x28 c:/progra~2/gnuarm~1/102021~1.10/bin/../lib/gcc/arm-none-eabi/10.3.1/../../../../arm-none-eabi/lib/thumb/v7e-m+fp/hard\libg.a(lib_a-printf.o)
                0x08006948                printf
 .text.cleanup_glue
                0x08006970       0x48 c:/progra~2/gnuarm~1/102021~1.10/bin/../lib/gcc/arm-none-eabi/10.3.1/../../../../arm-none-eabi/lib/thumb/v7e-m+fp/hard\libg.a(lib_a-reent.o)
                0x08006970                cleanup_glue
 .text._reclaim_reent
                0x080069b8       0x90 c:/progra~2/gnuarm~1/102021~1.10/bin/../lib/gcc/arm-none-eabi/10.3.1/../../../../arm-none-eabi/lib/thumb/v7e-m+fp/hard\libg.a(lib_a-reent.o)
                0x080069b8                _reclaim_reent
 .text.setvbuf  0x08006a48      0x1b0 c:/progra~2/gnuarm~1/102021~1.10/bin/../lib/gcc/arm-none-eabi/10.3.1/../../../../arm-none-eabi/lib/thumb/v7e-m+fp/hard\libg.a(lib_a-setvbuf.o)
                0x08006a48                setvbuf
 .text._strtod_l
                0x08006bf8      0xf50 c:/progra~2/gnuarm~1/102021~1.10/bin/../lib/gcc/arm-none-eabi/10.3.1/../../../../arm-none-eabi/lib/thumb/v7e-m+fp/hard\libg.a(lib_a-strtod.o)
                0x08006bf8                _strtod_l
 .text.strtof   0x08007b48       0xb8 c:/progra~2/gnuarm~1/102021~1.10/bin/../lib/gcc/arm-none-eabi/10.3.1/../../../../arm-none-eabi/lib/thumb/v7e-m+fp/hard\libg.a(lib_a-strtod.o)
                0x08007b48                strtof
 .text._vfprintf_r
                0x08007c00     0x1b90 c:/progra~2/gnuarm~1/102021~1.10/bin/../lib/gcc/arm-none-eabi/10.3.1/../../../../arm-none-eabi/lib/thumb/v7e-m+fp/hard\libg.a(lib_a-vfprintf.o)
                0x08007c00                _vfprintf_r
 .text.__sbprintf
                0x08009790       0x80 c:/progra~2/gnuarm~1/102021~1.10/bin/../lib/gcc/arm-none-eabi/10.3.1/../../../../arm-none-eabi/lib/thumb/v7e-m+fp/hard\libg.a(lib_a-vfprintf.o)
 .text.__swsetup_r
                0x08009810       0xd4 c:/progra~2/gnuarm~1/102021~1.10/bin/../lib/gcc/arm-none-eabi/10.3.1/../../../../arm-none-eabi/lib/thumb/v7e-m+fp/hard\libg.a(lib_a-wsetup.o)
                0x08009810                __swsetup_r
 .text.quorem   0x080098e4      0x128 c:/progra~2/gnuarm~1/102021~1.10/bin/../lib/gcc/arm-none-eabi/10.3.1/../../../../arm-none-eabi/lib/thumb/v7e-m+fp/hard\libg.a(lib_a-dtoa.o)
 *fill*         0x08009a0c        0x4 
 .text._dtoa_r  0x08009a10      0xf3c c:/progra~2/gnuarm~1/102021~1.10/bin/../lib/gcc/arm-none-eabi/10.3.1/../../../../arm-none-eabi/lib/thumb/v7e-m+fp/hard\libg.a(lib_a-dtoa.o)
                0x08009a10                _dtoa_r
 .text.__sflush_r
                0x0800a94c      0x130 c:/progra~2/gnuarm~1/102021~1.10/bin/../lib/gcc/arm-none-eabi/10.3.1/../../../../arm-none-eabi/lib/thumb/v7e-m+fp/hard\libg.a(lib_a-fflush.o)
                0x0800a94c                __sflush_r
 .text._fflush_r
                0x0800aa7c       0x5c c:/progra~2/gnuarm~1/102021~1.10/bin/../lib/gcc/arm-none-eabi/10.3.1/../../../../arm-none-eabi/lib/thumb/v7e-m+fp/hard\libg.a(lib_a-fflush.o)
                0x0800aa7c                _fflush_r
 .text._cleanup_r
                0x0800aad8        0xc c:/progra~2/gnuarm~1/102021~1.10/bin/../lib/gcc/arm-none-eabi/10.3.1/../../../../arm-none-eabi/lib/thumb/v7e-m+fp/hard\libg.a(lib_a-findfp.o)
                0x0800aad8                _cleanup_r
 .text.__sinit  0x0800aae4      0x10c c:/progra~2/gnuarm~1/102021~1.10/bin/../lib/gcc/arm-none-eabi/10.3.1/../../../../arm-none-eabi/lib/thumb/v7e-m+fp/hard\libg.a(lib_a-findfp.o)
                0x0800aae4                __sinit
 .text.__sfp_lock_acquire
                0x0800abf0        0xc c:/progra~2/gnuarm~1/102021~1.10/bin/../lib/gcc/arm-none-eabi/10.3.1/../../../../arm-none-eabi/lib/thumb/v7e-m+fp/hard\libg.a(lib_a-findfp.o)
                0x0800abf0                __sfp_lock_acquire
 .text.__sfp_lock_release
                0x0800abfc        0xc c:/progra~2/gnuarm~1/102021~1.10/bin/../lib/gcc/arm-none-eabi/10.3.1/../../../../arm-none-eabi/lib/thumb/v7e-m+fp/hard\libg.a(lib_a-findfp.o)
                0x0800abfc                __sfp_lock_release
 .text._malloc_trim_r
                0x0800ac08       0xa0 c:/progra~2/gnuarm~1/102021~1.10/bin/../lib/gcc/arm-none-eabi/10.3.1/../../../../arm-none-eabi/lib/thumb/v7e-m+fp/hard\libg.a(lib_a-freer.o)
                0x0800ac08                _malloc_trim_r
 .text._free_r  0x0800aca8      0x20c c:/progra~2/gnuarm~1/102021~1.10/bin/../lib/gcc/arm-none-eabi/10.3.1/../../../../arm-none-eabi/lib/thumb/v7e-m+fp/hard\libg.a(lib_a-freer.o)
                0x0800aca8                _free_r
 .text._fwalk_reent
                0x0800aeb4       0x48 c:/progra~2/gnuarm~1/102021~1.10/bin/../lib/gcc/arm-none-eabi/10.3.1/../../../../arm-none-eabi/lib/thumb/v7e-m+fp/hard\libg.a(lib_a-fwalk.o)
                0x0800aeb4                _fwalk_reent
 .text.rshift   0x0800aefc       0xa4 c:/progra~2/gnuarm~1/102021~1.10/bin/../lib/gcc/arm-none-eabi/10.3.1/../../../../arm-none-eabi/lib/thumb/v7e-m+fp/hard\libg.a(lib_a-gdtoa-gethex.o)
 .text.__gethex
                0x0800afa0      0x5d8 c:/progra~2/gnuarm~1/102021~1.10/bin/../lib/gcc/arm-none-eabi/10.3.1/../../../../arm-none-eabi/lib/thumb/v7e-m+fp/hard\libg.a(lib_a-gdtoa-gethex.o)
                0x0800afa0                __gethex
 .text.__match  0x0800b578       0x38 c:/progra~2/gnuarm~1/102021~1.10/bin/../lib/gcc/arm-none-eabi/10.3.1/../../../../arm-none-eabi/lib/thumb/v7e-m+fp/hard\libg.a(lib_a-gdtoa-hexnan.o)
                0x0800b578                __match
 .text.__hexnan
                0x0800b5b0      0x1ac c:/progra~2/gnuarm~1/102021~1.10/bin/../lib/gcc/arm-none-eabi/10.3.1/../../../../arm-none-eabi/lib/thumb/v7e-m+fp/hard\libg.a(lib_a-gdtoa-hexnan.o)
                0x0800b5b0                __hexnan
 .text.__locale_mb_cur_max
                0x0800b75c        0xc c:/progra~2/gnuarm~1/102021~1.10/bin/../lib/gcc/arm-none-eabi/10.3.1/../../../../arm-none-eabi/lib/thumb/v7e-m+fp/hard\libg.a(lib_a-locale.o)
                0x0800b75c                __locale_mb_cur_max
 .text._localeconv_r
                0x0800b768        0x8 c:/progra~2/gnuarm~1/102021~1.10/bin/../lib/gcc/arm-none-eabi/10.3.1/../../../../arm-none-eabi/lib/thumb/v7e-m+fp/hard\libg.a(lib_a-localeconv.o)
                0x0800b768                _localeconv_r
 .text.__retarget_lock_init_recursive
                0x0800b770        0x4 c:/progra~2/gnuarm~1/102021~1.10/bin/../lib/gcc/arm-none-eabi/10.3.1/../../../../arm-none-eabi/lib/thumb/v7e-m+fp/hard\libg.a(lib_a-lock.o)
                0x0800b770                __retarget_lock_init_recursive
 .text.__retarget_lock_close_recursive
                0x0800b774        0x4 c:/progra~2/gnuarm~1/102021~1.10/bin/../lib/gcc/arm-none-eabi/10.3.1/../../../../arm-none-eabi/lib/thumb/v7e-m+fp/hard\libg.a(lib_a-lock.o)
                0x0800b774                __retarget_lock_close_recursive
 .text.__retarget_lock_acquire_recursive
                0x0800b778        0x4 c:/progra~2/gnuarm~1/102021~1.10/bin/../lib/gcc/arm-none-eabi/10.3.1/../../../../arm-none-eabi/lib/thumb/v7e-m+fp/hard\libg.a(lib_a-lock.o)
                0x0800b778                __retarget_lock_acquire_recursive
 .text.__retarget_lock_release_recursive
                0x0800b77c        0x4 c:/progra~2/gnuarm~1/102021~1.10/bin/../lib/gcc/arm-none-eabi/10.3.1/../../../../arm-none-eabi/lib/thumb/v7e-m+fp/hard\libg.a(lib_a-lock.o)
                0x0800b77c                __retarget_lock_release_recursive
 .text.__smakebuf_r
                0x0800b780       0xe0 c:/progra~2/gnuarm~1/102021~1.10/bin/../lib/gcc/arm-none-eabi/10.3.1/../../../../arm-none-eabi/lib/thumb/v7e-m+fp/hard\libg.a(lib_a-makebuf.o)
                0x0800b780                __smakebuf_r
 .text.__swhatbuf_r
                0x0800b860       0x60 c:/progra~2/gnuarm~1/102021~1.10/bin/../lib/gcc/arm-none-eabi/10.3.1/../../../../arm-none-eabi/lib/thumb/v7e-m+fp/hard\libg.a(lib_a-makebuf.o)
                0x0800b860                __swhatbuf_r
 .text.malloc   0x0800b8c0       0x10 c:/progra~2/gnuarm~1/102021~1.10/bin/../lib/gcc/arm-none-eabi/10.3.1/../../../../arm-none-eabi/lib/thumb/v7e-m+fp/hard\libg.a(lib_a-malloc.o)
                0x0800b8c0                malloc
 .text._malloc_r
                0x0800b8d0      0x560 c:/progra~2/gnuarm~1/102021~1.10/bin/../lib/gcc/arm-none-eabi/10.3.1/../../../../arm-none-eabi/lib/thumb/v7e-m+fp/hard\libg.a(lib_a-mallocr.o)
                0x0800b8d0                _malloc_r
 .text.__ascii_mbtowc
                0x0800be30       0x2c c:/progra~2/gnuarm~1/102021~1.10/bin/../lib/gcc/arm-none-eabi/10.3.1/../../../../arm-none-eabi/lib/thumb/v7e-m+fp/hard\libg.a(lib_a-mbtowc_r.o)
                0x0800be30                __ascii_mbtowc
 .text.__malloc_lock
                0x0800be5c        0xc c:/progra~2/gnuarm~1/102021~1.10/bin/../lib/gcc/arm-none-eabi/10.3.1/../../../../arm-none-eabi/lib/thumb/v7e-m+fp/hard\libg.a(lib_a-mlock.o)
                0x0800be5c                __malloc_lock
 .text.__malloc_unlock
                0x0800be68        0xc c:/progra~2/gnuarm~1/102021~1.10/bin/../lib/gcc/arm-none-eabi/10.3.1/../../../../arm-none-eabi/lib/thumb/v7e-m+fp/hard\libg.a(lib_a-mlock.o)
                0x0800be68                __malloc_unlock
 .text._Balloc  0x0800be74       0x4c c:/progra~2/gnuarm~1/102021~1.10/bin/../lib/gcc/arm-none-eabi/10.3.1/../../../../arm-none-eabi/lib/thumb/v7e-m+fp/hard\libg.a(lib_a-mprec.o)
                0x0800be74                _Balloc
 .text._Bfree   0x0800bec0       0x14 c:/progra~2/gnuarm~1/102021~1.10/bin/../lib/gcc/arm-none-eabi/10.3.1/../../../../arm-none-eabi/lib/thumb/v7e-m+fp/hard\libg.a(lib_a-mprec.o)
                0x0800bec0                _Bfree
 .text.__multadd
                0x0800bed4       0xa8 c:/progra~2/gnuarm~1/102021~1.10/bin/../lib/gcc/arm-none-eabi/10.3.1/../../../../arm-none-eabi/lib/thumb/v7e-m+fp/hard\libg.a(lib_a-mprec.o)
                0x0800bed4                __multadd
 .text.__s2b    0x0800bf7c       0xb4 c:/progra~2/gnuarm~1/102021~1.10/bin/../lib/gcc/arm-none-eabi/10.3.1/../../../../arm-none-eabi/lib/thumb/v7e-m+fp/hard\libg.a(lib_a-mprec.o)
                0x0800bf7c                __s2b
 .text.__hi0bits
                0x0800c030       0x40 c:/progra~2/gnuarm~1/102021~1.10/bin/../lib/gcc/arm-none-eabi/10.3.1/../../../../arm-none-eabi/lib/thumb/v7e-m+fp/hard\libg.a(lib_a-mprec.o)
                0x0800c030                __hi0bits
 .text.__lo0bits
                0x0800c070       0x60 c:/progra~2/gnuarm~1/102021~1.10/bin/../lib/gcc/arm-none-eabi/10.3.1/../../../../arm-none-eabi/lib/thumb/v7e-m+fp/hard\libg.a(lib_a-mprec.o)
                0x0800c070                __lo0bits
 .text.__i2b    0x0800c0d0       0x5c c:/progra~2/gnuarm~1/102021~1.10/bin/../lib/gcc/arm-none-eabi/10.3.1/../../../../arm-none-eabi/lib/thumb/v7e-m+fp/hard\libg.a(lib_a-mprec.o)
                0x0800c0d0                __i2b
 .text.__multiply
                0x0800c12c      0x15c c:/progra~2/gnuarm~1/102021~1.10/bin/../lib/gcc/arm-none-eabi/10.3.1/../../../../arm-none-eabi/lib/thumb/v7e-m+fp/hard\libg.a(lib_a-mprec.o)
                0x0800c12c                __multiply
 .text.__pow5mult
                0x0800c288       0xc0 c:/progra~2/gnuarm~1/102021~1.10/bin/../lib/gcc/arm-none-eabi/10.3.1/../../../../arm-none-eabi/lib/thumb/v7e-m+fp/hard\libg.a(lib_a-mprec.o)
                0x0800c288                __pow5mult
 .text.__lshift
                0x0800c348       0xf0 c:/progra~2/gnuarm~1/102021~1.10/bin/../lib/gcc/arm-none-eabi/10.3.1/../../../../arm-none-eabi/lib/thumb/v7e-m+fp/hard\libg.a(lib_a-mprec.o)
                0x0800c348                __lshift
 .text.__mcmp   0x0800c438       0x44 c:/progra~2/gnuarm~1/102021~1.10/bin/../lib/gcc/arm-none-eabi/10.3.1/../../../../arm-none-eabi/lib/thumb/v7e-m+fp/hard\libg.a(lib_a-mprec.o)
                0x0800c438                __mcmp
 .text.__mdiff  0x0800c47c      0x14c c:/progra~2/gnuarm~1/102021~1.10/bin/../lib/gcc/arm-none-eabi/10.3.1/../../../../arm-none-eabi/lib/thumb/v7e-m+fp/hard\libg.a(lib_a-mprec.o)
                0x0800c47c                __mdiff
 .text.__ulp    0x0800c5c8       0x60 c:/progra~2/gnuarm~1/102021~1.10/bin/../lib/gcc/arm-none-eabi/10.3.1/../../../../arm-none-eabi/lib/thumb/v7e-m+fp/hard\libg.a(lib_a-mprec.o)
                0x0800c5c8                __ulp
 .text.__b2d    0x0800c628       0xc0 c:/progra~2/gnuarm~1/102021~1.10/bin/../lib/gcc/arm-none-eabi/10.3.1/../../../../arm-none-eabi/lib/thumb/v7e-m+fp/hard\libg.a(lib_a-mprec.o)
                0x0800c628                __b2d
 .text.__d2b    0x0800c6e8       0xd0 c:/progra~2/gnuarm~1/102021~1.10/bin/../lib/gcc/arm-none-eabi/10.3.1/../../../../arm-none-eabi/lib/thumb/v7e-m+fp/hard\libg.a(lib_a-mprec.o)
                0x0800c6e8                __d2b
 .text.__ratio  0x0800c7b8       0x5c c:/progra~2/gnuarm~1/102021~1.10/bin/../lib/gcc/arm-none-eabi/10.3.1/../../../../arm-none-eabi/lib/thumb/v7e-m+fp/hard\libg.a(lib_a-mprec.o)
                0x0800c7b8                __ratio
 .text.__copybits
                0x0800c814       0x5c c:/progra~2/gnuarm~1/102021~1.10/bin/../lib/gcc/arm-none-eabi/10.3.1/../../../../arm-none-eabi/lib/thumb/v7e-m+fp/hard\libg.a(lib_a-mprec.o)
                0x0800c814                __copybits
 .text.__any_on
                0x0800c870       0x64 c:/progra~2/gnuarm~1/102021~1.10/bin/../lib/gcc/arm-none-eabi/10.3.1/../../../../arm-none-eabi/lib/thumb/v7e-m+fp/hard\libg.a(lib_a-mprec.o)
                0x0800c870                __any_on
 .text.frexp    0x0800c8d4       0x6c c:/progra~2/gnuarm~1/102021~1.10/bin/../lib/gcc/arm-none-eabi/10.3.1/../../../../arm-none-eabi/lib/thumb/v7e-m+fp/hard\libg.a(lib_a-s_frexp.o)
                0x0800c8d4                frexp
 .text.nan      0x0800c940       0x10 c:/progra~2/gnuarm~1/102021~1.10/bin/../lib/gcc/arm-none-eabi/10.3.1/../../../../arm-none-eabi/lib/thumb/v7e-m+fp/hard\libg.a(lib_a-s_nan.o)
                0x0800c940                nan
 .text._sbrk_r  0x0800c950       0x24 c:/progra~2/gnuarm~1/102021~1.10/bin/../lib/gcc/arm-none-eabi/10.3.1/../../../../arm-none-eabi/lib/thumb/v7e-m+fp/hard\libg.a(lib_a-sbrkr.o)
                0x0800c950                _sbrk_r
 .text.nanf     0x0800c974        0xc c:/progra~2/gnuarm~1/102021~1.10/bin/../lib/gcc/arm-none-eabi/10.3.1/../../../../arm-none-eabi/lib/thumb/v7e-m+fp/hard\libg.a(lib_a-sf_nan.o)
                0x0800c974                nanf
 .text.__sread  0x0800c980       0x24 c:/progra~2/gnuarm~1/102021~1.10/bin/../lib/gcc/arm-none-eabi/10.3.1/../../../../arm-none-eabi/lib/thumb/v7e-m+fp/hard\libg.a(lib_a-stdio.o)
                0x0800c980                __sread
 .text.__swrite
                0x0800c9a4       0x40 c:/progra~2/gnuarm~1/102021~1.10/bin/../lib/gcc/arm-none-eabi/10.3.1/../../../../arm-none-eabi/lib/thumb/v7e-m+fp/hard\libg.a(lib_a-stdio.o)
                0x0800c9a4                __swrite
 .text.__sseek  0x0800c9e4       0x20 c:/progra~2/gnuarm~1/102021~1.10/bin/../lib/gcc/arm-none-eabi/10.3.1/../../../../arm-none-eabi/lib/thumb/v7e-m+fp/hard\libg.a(lib_a-stdio.o)
                0x0800c9e4                __sseek
 .text.__sclose
                0x0800ca04        0x8 c:/progra~2/gnuarm~1/102021~1.10/bin/../lib/gcc/arm-none-eabi/10.3.1/../../../../arm-none-eabi/lib/thumb/v7e-m+fp/hard\libg.a(lib_a-stdio.o)
                0x0800ca04                __sclose
 .text.strncmp  0x0800ca0c       0x80 c:/progra~2/gnuarm~1/102021~1.10/bin/../lib/gcc/arm-none-eabi/10.3.1/../../../../arm-none-eabi/lib/thumb/v7e-m+fp/hard\libg.a(lib_a-strncmp.o)
                0x0800ca0c                strncmp
 .text.strncpy  0x0800ca8c       0x64 c:/progra~2/gnuarm~1/102021~1.10/bin/../lib/gcc/arm-none-eabi/10.3.1/../../../../arm-none-eabi/lib/thumb/v7e-m+fp/hard\libg.a(lib_a-strncpy.o)
                0x0800ca8c                strncpy
 .text.__sprint_r.part.0
                0x0800caf0       0x78 c:/progra~2/gnuarm~1/102021~1.10/bin/../lib/gcc/arm-none-eabi/10.3.1/../../../../arm-none-eabi/lib/thumb/v7e-m+fp/hard\libg.a(lib_a-vfiprintf.o)
 .text.__sprint_r
                0x0800cb68       0x18 c:/progra~2/gnuarm~1/102021~1.10/bin/../lib/gcc/arm-none-eabi/10.3.1/../../../../arm-none-eabi/lib/thumb/v7e-m+fp/hard\libg.a(lib_a-vfiprintf.o)
                0x0800cb68                __sprint_r
 .text._vfiprintf_r
                0x0800cb80      0xdfc c:/progra~2/gnuarm~1/102021~1.10/bin/../lib/gcc/arm-none-eabi/10.3.1/../../../../arm-none-eabi/lib/thumb/v7e-m+fp/hard\libg.a(lib_a-vfiprintf.o)
                0x0800cb80                _vfiprintf_r
 .text.__sbprintf
                0x0800d97c       0x80 c:/progra~2/gnuarm~1/102021~1.10/bin/../lib/gcc/arm-none-eabi/10.3.1/../../../../arm-none-eabi/lib/thumb/v7e-m+fp/hard\libg.a(lib_a-vfiprintf.o)
 .text.__ascii_wctomb
                0x0800d9fc       0x1c c:/progra~2/gnuarm~1/102021~1.10/bin/../lib/gcc/arm-none-eabi/10.3.1/../../../../arm-none-eabi/lib/thumb/v7e-m+fp/hard\libg.a(lib_a-wctomb_r.o)
                0x0800d9fc                __ascii_wctomb
 .text._write_r
                0x0800da18       0x2c c:/progra~2/gnuarm~1/102021~1.10/bin/../lib/gcc/arm-none-eabi/10.3.1/../../../../arm-none-eabi/lib/thumb/v7e-m+fp/hard\libg.a(lib_a-writer.o)
                0x0800da18                _write_r
 .text.__assert_func
                0x0800da44       0x40 c:/progra~2/gnuarm~1/102021~1.10/bin/../lib/gcc/arm-none-eabi/10.3.1/../../../../arm-none-eabi/lib/thumb/v7e-m+fp/hard\libg.a(lib_a-assert.o)
                0x0800da44                __assert_func
 .text._calloc_r
                0x0800da84       0x78 c:/progra~2/gnuarm~1/102021~1.10/bin/../lib/gcc/arm-none-eabi/10.3.1/../../../../arm-none-eabi/lib/thumb/v7e-m+fp/hard\libg.a(lib_a-callocr.o)
                0x0800da84                _calloc_r
 .text._close_r
                0x0800dafc       0x24 c:/progra~2/gnuarm~1/102021~1.10/bin/../lib/gcc/arm-none-eabi/10.3.1/../../../../arm-none-eabi/lib/thumb/v7e-m+fp/hard\libg.a(lib_a-closer.o)
                0x0800dafc                _close_r
 .text._fclose_r
                0x0800db20       0xcc c:/progra~2/gnuarm~1/102021~1.10/bin/../lib/gcc/arm-none-eabi/10.3.1/../../../../arm-none-eabi/lib/thumb/v7e-m+fp/hard\libg.a(lib_a-fclose.o)
                0x0800db20                _fclose_r
 .text.fiprintf
                0x0800dbec       0x28 c:/progra~2/gnuarm~1/102021~1.10/bin/../lib/gcc/arm-none-eabi/10.3.1/../../../../arm-none-eabi/lib/thumb/v7e-m+fp/hard\libg.a(lib_a-fiprintf.o)
                0x0800dbec                fiprintf
 .text.__fputwc
                0x0800dc14       0xa8 c:/progra~2/gnuarm~1/102021~1.10/bin/../lib/gcc/arm-none-eabi/10.3.1/../../../../arm-none-eabi/lib/thumb/v7e-m+fp/hard\libg.a(lib_a-fputwc.o)
                0x0800dc14                __fputwc
 .text._fputwc_r
                0x0800dcbc       0x68 c:/progra~2/gnuarm~1/102021~1.10/bin/../lib/gcc/arm-none-eabi/10.3.1/../../../../arm-none-eabi/lib/thumb/v7e-m+fp/hard\libg.a(lib_a-fputwc.o)
                0x0800dcbc                _fputwc_r
 .text._fstat_r
                0x0800dd24       0x2c c:/progra~2/gnuarm~1/102021~1.10/bin/../lib/gcc/arm-none-eabi/10.3.1/../../../../arm-none-eabi/lib/thumb/v7e-m+fp/hard\libg.a(lib_a-fstatr.o)
                0x0800dd24                _fstat_r
 .text.__sfvwrite_r
                0x0800dd50      0x2f0 c:/progra~2/gnuarm~1/102021~1.10/bin/../lib/gcc/arm-none-eabi/10.3.1/../../../../arm-none-eabi/lib/thumb/v7e-m+fp/hard\libg.a(lib_a-fvwrite.o)
                0x0800dd50                __sfvwrite_r
 .text._isatty_r
                0x0800e040       0x24 c:/progra~2/gnuarm~1/102021~1.10/bin/../lib/gcc/arm-none-eabi/10.3.1/../../../../arm-none-eabi/lib/thumb/v7e-m+fp/hard\libg.a(lib_a-isattyr.o)
                0x0800e040                _isatty_r
 .text._lseek_r
                0x0800e064       0x2c c:/progra~2/gnuarm~1/102021~1.10/bin/../lib/gcc/arm-none-eabi/10.3.1/../../../../arm-none-eabi/lib/thumb/v7e-m+fp/hard\libg.a(lib_a-lseekr.o)
                0x0800e064                _lseek_r
 .text.memmove  0x0800e090       0xf8 c:/progra~2/gnuarm~1/102021~1.10/bin/../lib/gcc/arm-none-eabi/10.3.1/../../../../arm-none-eabi/lib/thumb/v7e-m+fp/hard\libg.a(lib_a-memmove.o)
                0x0800e090                memmove
 .text._read_r  0x0800e188       0x2c c:/progra~2/gnuarm~1/102021~1.10/bin/../lib/gcc/arm-none-eabi/10.3.1/../../../../arm-none-eabi/lib/thumb/v7e-m+fp/hard\libg.a(lib_a-readr.o)
                0x0800e188                _read_r
 .text._realloc_r
                0x0800e1b4      0x3d8 c:/progra~2/gnuarm~1/102021~1.10/bin/../lib/gcc/arm-none-eabi/10.3.1/../../../../arm-none-eabi/lib/thumb/v7e-m+fp/hard\libg.a(lib_a-reallocr.o)
                0x0800e1b4                _realloc_r
 .text.__swbuf_r
                0x0800e58c       0xb0 c:/progra~2/gnuarm~1/102021~1.10/bin/../lib/gcc/arm-none-eabi/10.3.1/../../../../arm-none-eabi/lib/thumb/v7e-m+fp/hard\libg.a(lib_a-wbuf.o)
                0x0800e58c                __swbuf_r
 .text._wcrtomb_r
                0x0800e63c       0x3c c:/progra~2/gnuarm~1/102021~1.10/bin/../lib/gcc/arm-none-eabi/10.3.1/../../../../arm-none-eabi/lib/thumb/v7e-m+fp/hard\libg.a(lib_a-wcrtomb.o)
                0x0800e63c                _wcrtomb_r
 .text.abort    0x0800e678       0x10 c:/progra~2/gnuarm~1/102021~1.10/bin/../lib/gcc/arm-none-eabi/10.3.1/../../../../arm-none-eabi/lib/thumb/v7e-m+fp/hard\libg.a(lib_a-abort.o)
                0x0800e678                abort
 .text.raise    0x0800e688       0x5c c:/progra~2/gnuarm~1/102021~1.10/bin/../lib/gcc/arm-none-eabi/10.3.1/../../../../arm-none-eabi/lib/thumb/v7e-m+fp/hard\libg.a(lib_a-signal.o)
                0x0800e688                raise
 .text._kill_r  0x0800e6e4       0x2c c:/progra~2/gnuarm~1/102021~1.10/bin/../lib/gcc/arm-none-eabi/10.3.1/../../../../arm-none-eabi/lib/thumb/v7e-m+fp/hard\libg.a(lib_a-signalr.o)
                0x0800e6e4                _kill_r
 .text._getpid_r
                0x0800e710        0x4 c:/progra~2/gnuarm~1/102021~1.10/bin/../lib/gcc/arm-none-eabi/10.3.1/../../../../arm-none-eabi/lib/thumb/v7e-m+fp/hard\libg.a(lib_a-signalr.o)
                0x0800e710                _getpid_r
 *(.glue_7)
 .glue_7        0x0800e714        0x0 linker stubs
 *(.glue_7t)
 .glue_7t       0x0800e714        0x0 linker stubs
 *(.eh_frame)
 *(.init)
 .init          0x0800e714        0x4 c:/progra~2/gnuarm~1/102021~1.10/bin/../lib/gcc/arm-none-eabi/10.3.1/thumb/v7e-m+fp/hard/crti.o
                0x0800e714                _init
 .init          0x0800e718        0x8 c:/progra~2/gnuarm~1/102021~1.10/bin/../lib/gcc/arm-none-eabi/10.3.1/thumb/v7e-m+fp/hard/crtn.o
 *(.fini)
 .fini          0x0800e720        0x4 c:/progra~2/gnuarm~1/102021~1.10/bin/../lib/gcc/arm-none-eabi/10.3.1/thumb/v7e-m+fp/hard/crti.o
                0x0800e720                _fini
 .fini          0x0800e724        0x8 c:/progra~2/gnuarm~1/102021~1.10/bin/../lib/gcc/arm-none-eabi/10.3.1/thumb/v7e-m+fp/hard/crtn.o
                0x0800e72c                . = ALIGN (0x4)
                0x0800e72c                _etext = .

.vfp11_veneer   0x0800e72c        0x0
 .vfp11_veneer  0x0800e72c        0x0 linker stubs

.v4_bx          0x0800e72c        0x0
 .v4_bx         0x0800e72c        0x0 linker stubs

.iplt           0x0800e72c        0x0
 .iplt          0x0800e72c        0x0 CMakeFiles/DS_2024_E.elf.dir/Application/Kinematics_Solution_task.c.obj

.rodata         0x0800e730      0x6e8
                0x0800e730                . = ALIGN (0x4)
 *(.rodata)
 *(.rodata*)
 .rodata.Kinematics_Solution_task.str1.4
                0x0800e730       0x2b CMakeFiles/DS_2024_E.elf.dir/Application/Kinematics_Solution_task.c.obj
 *fill*         0x0800e75b        0x1 
 .rodata.MX_FREERTOS_Init.str1.4
                0x0800e75c       0x30 CMakeFiles/DS_2024_E.elf.dir/Core/Src/freertos.c.obj
 .rodata.str1.4
                0x0800e78c        0xc CMakeFiles/DS_2024_E.elf.dir/Core/Src/freertos.c.obj
 .rodata.defaultTask_attributes
                0x0800e798       0x24 CMakeFiles/DS_2024_E.elf.dir/Core/Src/freertos.c.obj
                0x0800e798                defaultTask_attributes
 .rodata.AHBPrescTable
                0x0800e7bc       0x10 CMakeFiles/DS_2024_E.elf.dir/Core/Src/system_stm32f4xx.c.obj
                0x0800e7bc                AHBPrescTable
 .rodata.APBPrescTable
                0x0800e7cc        0x8 CMakeFiles/DS_2024_E.elf.dir/Core/Src/system_stm32f4xx.c.obj
                0x0800e7cc                APBPrescTable
 .rodata.vTaskStartScheduler.str1.4
                0x0800e7d4        0x5 CMakeFiles/DS_2024_E.elf.dir/Middlewares/Third_Party/FreeRTOS/Source/tasks.c.obj
 *fill*         0x0800e7d9        0x3 
 .rodata.prvCheckForValidListAndQueue.str1.4
                0x0800e7dc        0x5 CMakeFiles/DS_2024_E.elf.dir/Middlewares/Third_Party/FreeRTOS/Source/timers.c.obj
 *fill*         0x0800e7e1        0x3 
 .rodata.xTimerCreateTimerTask.str1.4
                0x0800e7e4        0x8 CMakeFiles/DS_2024_E.elf.dir/Middlewares/Third_Party/FreeRTOS/Source/timers.c.obj
 .rodata.HAL_CAN_RxFifo0MsgPendingCallback.str1.4
                0x0800e7ec        0xd CMakeFiles/DS_2024_E.elf.dir/User/IRQ.c.obj
 *fill*         0x0800e7f9        0x3 
 .rodata.HAL_UART_RxCpltCallback.str1.4
                0x0800e7fc       0x25 CMakeFiles/DS_2024_E.elf.dir/User/IRQ.c.obj
 *fill*         0x0800e821        0x3 
 .rodata._strtod_l.str1.4
                0x0800e824        0xf c:/progra~2/gnuarm~1/102021~1.10/bin/../lib/gcc/arm-none-eabi/10.3.1/../../../../arm-none-eabi/lib/thumb/v7e-m+fp/hard\libg.a(lib_a-strtod.o)
                                 0x11 (size before relaxing)
 *fill*         0x0800e833        0x1 
 .rodata.fpi.1  0x0800e834       0x14 c:/progra~2/gnuarm~1/102021~1.10/bin/../lib/gcc/arm-none-eabi/10.3.1/../../../../arm-none-eabi/lib/thumb/v7e-m+fp/hard\libg.a(lib_a-strtod.o)
 .rodata.fpinan.0
                0x0800e848       0x14 c:/progra~2/gnuarm~1/102021~1.10/bin/../lib/gcc/arm-none-eabi/10.3.1/../../../../arm-none-eabi/lib/thumb/v7e-m+fp/hard\libg.a(lib_a-strtod.o)
 *fill*         0x0800e85c        0x4 
 .rodata.tinytens
                0x0800e860       0x28 c:/progra~2/gnuarm~1/102021~1.10/bin/../lib/gcc/arm-none-eabi/10.3.1/../../../../arm-none-eabi/lib/thumb/v7e-m+fp/hard\libg.a(lib_a-strtod.o)
 .rodata._vfprintf_r.str1.4
                0x0800e888       0x42 c:/progra~2/gnuarm~1/102021~1.10/bin/../lib/gcc/arm-none-eabi/10.3.1/../../../../arm-none-eabi/lib/thumb/v7e-m+fp/hard\libg.a(lib_a-vfprintf.o)
 *fill*         0x0800e8ca        0x2 
 .rodata.blanks.1
                0x0800e8cc       0x10 c:/progra~2/gnuarm~1/102021~1.10/bin/../lib/gcc/arm-none-eabi/10.3.1/../../../../arm-none-eabi/lib/thumb/v7e-m+fp/hard\libg.a(lib_a-vfprintf.o)
 .rodata.zeroes.0
                0x0800e8dc       0x10 c:/progra~2/gnuarm~1/102021~1.10/bin/../lib/gcc/arm-none-eabi/10.3.1/../../../../arm-none-eabi/lib/thumb/v7e-m+fp/hard\libg.a(lib_a-vfprintf.o)
 .rodata._dtoa_r.str1.4
                0x0800e8ec       0xa2 c:/progra~2/gnuarm~1/102021~1.10/bin/../lib/gcc/arm-none-eabi/10.3.1/../../../../arm-none-eabi/lib/thumb/v7e-m+fp/hard\libg.a(lib_a-dtoa.o)
                                 0xa6 (size before relaxing)
 *fill*         0x0800e98e        0x2 
 .rodata.__gethex.str1.4
                0x0800e990       0x86 c:/progra~2/gnuarm~1/102021~1.10/bin/../lib/gcc/arm-none-eabi/10.3.1/../../../../arm-none-eabi/lib/thumb/v7e-m+fp/hard\libg.a(lib_a-gdtoa-gethex.o)
                                 0x9a (size before relaxing)
 *fill*         0x0800ea16        0x2 
 .rodata.__hexdig
                0x0800ea18      0x100 c:/progra~2/gnuarm~1/102021~1.10/bin/../lib/gcc/arm-none-eabi/10.3.1/../../../../arm-none-eabi/lib/thumb/v7e-m+fp/hard\libg.a(lib_a-gdtoa-gethex.o)
                0x0800ea18                __hexdig
 .rodata.str1.4
                0x0800eb18        0x2 c:/progra~2/gnuarm~1/102021~1.10/bin/../lib/gcc/arm-none-eabi/10.3.1/../../../../arm-none-eabi/lib/thumb/v7e-m+fp/hard\libg.a(lib_a-lnumeric.o)
                                  0x5 (size before relaxing)
 *fill*         0x0800eb1a        0x2 
 .rodata._C_numeric_locale
                0x0800eb1c        0xc c:/progra~2/gnuarm~1/102021~1.10/bin/../lib/gcc/arm-none-eabi/10.3.1/../../../../arm-none-eabi/lib/thumb/v7e-m+fp/hard\libg.a(lib_a-lnumeric.o)
                0x0800eb1c                _C_numeric_locale
 .rodata._setlocale_r.str1.4
                0x0800eb28        0xa c:/progra~2/gnuarm~1/102021~1.10/bin/../lib/gcc/arm-none-eabi/10.3.1/../../../../arm-none-eabi/lib/thumb/v7e-m+fp/hard\libg.a(lib_a-locale.o)
                                  0xd (size before relaxing)
 .rodata.str1.4
                0x0800eb32        0x2 c:/progra~2/gnuarm~1/102021~1.10/bin/../lib/gcc/arm-none-eabi/10.3.1/../../../../arm-none-eabi/lib/thumb/v7e-m+fp/hard\libg.a(lib_a-locale.o)
 *fill*         0x0800eb32        0x2 
 .rodata.__multadd.str1.4
                0x0800eb34       0x7f c:/progra~2/gnuarm~1/102021~1.10/bin/../lib/gcc/arm-none-eabi/10.3.1/../../../../arm-none-eabi/lib/thumb/v7e-m+fp/hard\libg.a(lib_a-mprec.o)
                                 0x93 (size before relaxing)
 *fill*         0x0800ebb3        0x5 
 .rodata.__mprec_bigtens
                0x0800ebb8       0x28 c:/progra~2/gnuarm~1/102021~1.10/bin/../lib/gcc/arm-none-eabi/10.3.1/../../../../arm-none-eabi/lib/thumb/v7e-m+fp/hard\libg.a(lib_a-mprec.o)
                0x0800ebb8                __mprec_bigtens
 .rodata.__mprec_tens
                0x0800ebe0       0xc8 c:/progra~2/gnuarm~1/102021~1.10/bin/../lib/gcc/arm-none-eabi/10.3.1/../../../../arm-none-eabi/lib/thumb/v7e-m+fp/hard\libg.a(lib_a-mprec.o)
                0x0800ebe0                __mprec_tens
 .rodata.p05.0  0x0800eca8        0xc c:/progra~2/gnuarm~1/102021~1.10/bin/../lib/gcc/arm-none-eabi/10.3.1/../../../../arm-none-eabi/lib/thumb/v7e-m+fp/hard\libg.a(lib_a-mprec.o)
 .rodata._vfiprintf_r.str1.4
                0x0800ecb4       0x2f c:/progra~2/gnuarm~1/102021~1.10/bin/../lib/gcc/arm-none-eabi/10.3.1/../../../../arm-none-eabi/lib/thumb/v7e-m+fp/hard\libg.a(lib_a-vfiprintf.o)
 .rodata.blanks.1
                0x0800ecb4       0x10 c:/progra~2/gnuarm~1/102021~1.10/bin/../lib/gcc/arm-none-eabi/10.3.1/../../../../arm-none-eabi/lib/thumb/v7e-m+fp/hard\libg.a(lib_a-vfiprintf.o)
 .rodata.zeroes.0
                0x0800ecc4       0x10 c:/progra~2/gnuarm~1/102021~1.10/bin/../lib/gcc/arm-none-eabi/10.3.1/../../../../arm-none-eabi/lib/thumb/v7e-m+fp/hard\libg.a(lib_a-vfiprintf.o)
 .rodata.__assert_func.str1.4
                0x0800ecd4       0x3f c:/progra~2/gnuarm~1/102021~1.10/bin/../lib/gcc/arm-none-eabi/10.3.1/../../../../arm-none-eabi/lib/thumb/v7e-m+fp/hard\libg.a(lib_a-assert.o)
                                 0x43 (size before relaxing)
 *fill*         0x0800ed13        0x1 
 .rodata._ctype_
                0x0800ed14      0x101 c:/progra~2/gnuarm~1/102021~1.10/bin/../lib/gcc/arm-none-eabi/10.3.1/../../../../arm-none-eabi/lib/thumb/v7e-m+fp/hard\libg.a(lib_a-ctype_.o)
                0x0800ed14                _ctype_
                0x0800ee18                . = ALIGN (0x4)
 *fill*         0x0800ee15        0x3 
                0x0800ee20                _sidata = LOADADDR (.data)

.ARM.exidx      0x0800ee18        0x8
 .ARM.exidx     0x0800ee18        0x8 c:/progra~2/gnuarm~1/102021~1.10/bin/../lib/gcc/arm-none-eabi/10.3.1/thumb/v7e-m+fp/hard\libgcc.a(_udivmoddi4.o)

.rel.dyn        0x0800ee20        0x0
 .rel.iplt      0x0800ee20        0x0 CMakeFiles/DS_2024_E.elf.dir/Application/Kinematics_Solution_task.c.obj

.data           0x20000000      0x9c8 load address 0x0800ee20
                0x20000000                . = ALIGN (0x4)
                0x20000000                _sdata = .
 *(.data)
 *(.data*)
 .data.MIN_Spe_Increment
                0x20000000        0x4 CMakeFiles/DS_2024_E.elf.dir/Controller/PID_Adjust.c.obj
                0x20000000                MIN_Spe_Increment
 .data.SystemCoreClock
                0x20000004        0x4 CMakeFiles/DS_2024_E.elf.dir/Core/Src/system_stm32f4xx.c.obj
                0x20000004                SystemCoreClock
 .data.uwTickFreq
                0x20000008        0x1 CMakeFiles/DS_2024_E.elf.dir/Drivers/STM32F4xx_HAL_Driver/Src/stm32f4xx_hal.c.obj
                0x20000008                uwTickFreq
 *fill*         0x20000009        0x3 
 .data.uwTickPrio
                0x2000000c        0x4 CMakeFiles/DS_2024_E.elf.dir/Drivers/STM32F4xx_HAL_Driver/Src/stm32f4xx_hal.c.obj
                0x2000000c                uwTickPrio
 .data.uxCriticalNesting
                0x20000010        0x4 CMakeFiles/DS_2024_E.elf.dir/Middlewares/Third_Party/FreeRTOS/Source/portable/GCC/ARM_CM4F/port.c.obj
 .data.Pos_flag
                0x20000014        0x1 CMakeFiles/DS_2024_E.elf.dir/User/IRQ.c.obj
                0x20000014                Pos_flag
 *fill*         0x20000015        0x3 
 .data._impure_ptr
                0x20000018        0x4 c:/progra~2/gnuarm~1/102021~1.10/bin/../lib/gcc/arm-none-eabi/10.3.1/../../../../arm-none-eabi/lib/thumb/v7e-m+fp/hard\libg.a(lib_a-impure.o)
                0x20000018                _impure_ptr
 *fill*         0x2000001c        0x4 
 .data.impure_data
                0x20000020      0x428 c:/progra~2/gnuarm~1/102021~1.10/bin/../lib/gcc/arm-none-eabi/10.3.1/../../../../arm-none-eabi/lib/thumb/v7e-m+fp/hard\libg.a(lib_a-impure.o)
 .data.numempty
                0x20000448        0x2 c:/progra~2/gnuarm~1/102021~1.10/bin/../lib/gcc/arm-none-eabi/10.3.1/../../../../arm-none-eabi/lib/thumb/v7e-m+fp/hard\libg.a(lib_a-lnumeric.o)
 *fill*         0x2000044a        0x2 
 .data.__global_locale
                0x2000044c      0x16c c:/progra~2/gnuarm~1/102021~1.10/bin/../lib/gcc/arm-none-eabi/10.3.1/../../../../arm-none-eabi/lib/thumb/v7e-m+fp/hard\libg.a(lib_a-locale.o)
                0x2000044c                __global_locale
 .data.__malloc_av_
                0x200005b8      0x408 c:/progra~2/gnuarm~1/102021~1.10/bin/../lib/gcc/arm-none-eabi/10.3.1/../../../../arm-none-eabi/lib/thumb/v7e-m+fp/hard\libg.a(lib_a-mallocr.o)
                0x200005b8                __malloc_av_
 .data.__malloc_sbrk_base
                0x200009c0        0x4 c:/progra~2/gnuarm~1/102021~1.10/bin/../lib/gcc/arm-none-eabi/10.3.1/../../../../arm-none-eabi/lib/thumb/v7e-m+fp/hard\libg.a(lib_a-mallocr.o)
                0x200009c0                __malloc_sbrk_base
 .data.__malloc_trim_threshold
                0x200009c4        0x4 c:/progra~2/gnuarm~1/102021~1.10/bin/../lib/gcc/arm-none-eabi/10.3.1/../../../../arm-none-eabi/lib/thumb/v7e-m+fp/hard\libg.a(lib_a-mallocr.o)
                0x200009c4                __malloc_trim_threshold
 *(.RamFunc)
 *(.RamFunc*)
                0x200009c8                . = ALIGN (0x4)
                0x200009c8                _edata = .
                0x0800f7e8                _siccmram = LOADADDR (.ccmram)

.igot.plt       0x200009c8        0x0 load address 0x0800f7e8
 .igot.plt      0x200009c8        0x0 CMakeFiles/DS_2024_E.elf.dir/Application/Kinematics_Solution_task.c.obj

.ccmram         0x10000000        0x0 load address 0x0800f7e8
                0x10000000                . = ALIGN (0x4)
                0x10000000                _sccmram = .
 *(.ccmram)
 *(.ccmram*)
                0x10000000                . = ALIGN (0x4)
                0x10000000                _eccmram = .
                0x10000000                . = ALIGN (0x4)

.bss            0x200009c8     0x54c8
                0x200009c8                _sbss = .
                0x200009c8                __bss_start__ = _sbss
 *(.bss)
 *(.bss*)
 .bss.get_flag  0x200009c8        0x1 CMakeFiles/DS_2024_E.elf.dir/Application/Kinematics_Solution_task.c.obj
                0x200009c8                get_flag
 *fill*         0x200009c9        0x3 
 .bss.theta     0x200009cc        0x4 CMakeFiles/DS_2024_E.elf.dir/Application/Kinematics_Solution_task.c.obj
                0x200009cc                theta
 .bss.gm2006_1  0x200009d0        0xc CMakeFiles/DS_2024_E.elf.dir/BSP/DJI_driver.c.obj
                0x200009d0                gm2006_1
 .bss.gm2006_2  0x200009dc        0xc CMakeFiles/DS_2024_E.elf.dir/BSP/DJI_driver.c.obj
                0x200009dc                gm2006_2
 .bss.pid_position
                0x200009e8       0x28 CMakeFiles/DS_2024_E.elf.dir/Controller/PID.c.obj
                0x200009e8                pid_position
 .bss.pid_speed
                0x20000a10       0x28 CMakeFiles/DS_2024_E.elf.dir/Controller/PID.c.obj